Archive member included to satisfy reference by file (symbol)

c:/ac6/systemworkbench/plugins/fr.ac6.mcu.externaltools.arm-none.win32_1.16.0.201807130628/tools/compiler/bin/../lib/gcc/arm-none-eabi/7.2.1/../../../../arm-none-eabi/lib/thumb/v7e-m/fpv4-sp/hard\libm.a(lib_a-s_fmin.o)
                              Src/main.o (fmin)
c:/ac6/systemworkbench/plugins/fr.ac6.mcu.externaltools.arm-none.win32_1.16.0.201807130628/tools/compiler/bin/../lib/gcc/arm-none-eabi/7.2.1/../../../../arm-none-eabi/lib/thumb/v7e-m/fpv4-sp/hard\libm.a(lib_a-s_fpclassify.o)
                              c:/ac6/systemworkbench/plugins/fr.ac6.mcu.externaltools.arm-none.win32_1.16.0.201807130628/tools/compiler/bin/../lib/gcc/arm-none-eabi/7.2.1/../../../../arm-none-eabi/lib/thumb/v7e-m/fpv4-sp/hard\libm.a(lib_a-s_fmin.o) (__fpclassifyd)
c:/ac6/systemworkbench/plugins/fr.ac6.mcu.externaltools.arm-none.win32_1.16.0.201807130628/tools/compiler/bin/../lib/gcc/arm-none-eabi/7.2.1/thumb/v7e-m/fpv4-sp/hard\libgcc.a(_arm_addsubdf3.o)
                              Src/EncoderTask.o (__aeabi_dsub)
c:/ac6/systemworkbench/plugins/fr.ac6.mcu.externaltools.arm-none.win32_1.16.0.201807130628/tools/compiler/bin/../lib/gcc/arm-none-eabi/7.2.1/thumb/v7e-m/fpv4-sp/hard\libgcc.a(_arm_muldivdf3.o)
                              Src/EncoderTask.o (__aeabi_dmul)
c:/ac6/systemworkbench/plugins/fr.ac6.mcu.externaltools.arm-none.win32_1.16.0.201807130628/tools/compiler/bin/../lib/gcc/arm-none-eabi/7.2.1/thumb/v7e-m/fpv4-sp/hard\libgcc.a(_arm_cmpdf2.o)
                              c:/ac6/systemworkbench/plugins/fr.ac6.mcu.externaltools.arm-none.win32_1.16.0.201807130628/tools/compiler/bin/../lib/gcc/arm-none-eabi/7.2.1/../../../../arm-none-eabi/lib/thumb/v7e-m/fpv4-sp/hard\libm.a(lib_a-s_fmin.o) (__aeabi_dcmplt)
c:/ac6/systemworkbench/plugins/fr.ac6.mcu.externaltools.arm-none.win32_1.16.0.201807130628/tools/compiler/bin/../lib/gcc/arm-none-eabi/7.2.1/thumb/v7e-m/fpv4-sp/hard\libgcc.a(_arm_fixunsdfsi.o)
                              Src/main.o (__aeabi_d2uiz)
c:/ac6/systemworkbench/plugins/fr.ac6.mcu.externaltools.arm-none.win32_1.16.0.201807130628/tools/compiler/bin/../lib/gcc/arm-none-eabi/7.2.1/thumb/v7e-m/fpv4-sp/hard\libgcc.a(_arm_truncdfsf2.o)
                              Src/EncoderTask.o (__aeabi_d2f)
c:/ac6/systemworkbench/plugins/fr.ac6.mcu.externaltools.arm-none.win32_1.16.0.201807130628/tools/compiler/bin/../lib/gcc/arm-none-eabi/7.2.1/thumb/v7e-m/fpv4-sp/hard\libgcc.a(_aeabi_ldivmod.o)
                              Src/emstream_int64_t.o (__aeabi_ldivmod)
c:/ac6/systemworkbench/plugins/fr.ac6.mcu.externaltools.arm-none.win32_1.16.0.201807130628/tools/compiler/bin/../lib/gcc/arm-none-eabi/7.2.1/thumb/v7e-m/fpv4-sp/hard\libgcc.a(_aeabi_uldivmod.o)
                              Drivers/STM32L4xx_HAL_Driver/Src/stm32l4xx_hal_uart.o (__aeabi_uldivmod)
c:/ac6/systemworkbench/plugins/fr.ac6.mcu.externaltools.arm-none.win32_1.16.0.201807130628/tools/compiler/bin/../lib/gcc/arm-none-eabi/7.2.1/thumb/v7e-m/fpv4-sp/hard\libgcc.a(_udivmoddi4.o)
                              c:/ac6/systemworkbench/plugins/fr.ac6.mcu.externaltools.arm-none.win32_1.16.0.201807130628/tools/compiler/bin/../lib/gcc/arm-none-eabi/7.2.1/thumb/v7e-m/fpv4-sp/hard\libgcc.a(_aeabi_ldivmod.o) (__udivmoddi4)
c:/ac6/systemworkbench/plugins/fr.ac6.mcu.externaltools.arm-none.win32_1.16.0.201807130628/tools/compiler/bin/../lib/gcc/arm-none-eabi/7.2.1/thumb/v7e-m/fpv4-sp/hard\libgcc.a(_dvmd_tls.o)
                              c:/ac6/systemworkbench/plugins/fr.ac6.mcu.externaltools.arm-none.win32_1.16.0.201807130628/tools/compiler/bin/../lib/gcc/arm-none-eabi/7.2.1/thumb/v7e-m/fpv4-sp/hard\libgcc.a(_aeabi_ldivmod.o) (__aeabi_ldiv0)
c:/ac6/systemworkbench/plugins/fr.ac6.mcu.externaltools.arm-none.win32_1.16.0.201807130628/tools/compiler/bin/../lib/gcc/arm-none-eabi/7.2.1/../../../../arm-none-eabi/lib/thumb/v7e-m/fpv4-sp/hard\libc_nano.a(lib_a-calloc.o)
                              Src/BallPositionTask.o (calloc)
c:/ac6/systemworkbench/plugins/fr.ac6.mcu.externaltools.arm-none.win32_1.16.0.201807130628/tools/compiler/bin/../lib/gcc/arm-none-eabi/7.2.1/../../../../arm-none-eabi/lib/thumb/v7e-m/fpv4-sp/hard\libc_nano.a(lib_a-exit.o)
                              c:/ac6/systemworkbench/plugins/fr.ac6.mcu.externaltools.arm-none.win32_1.16.0.201807130628/tools/compiler/bin/../lib/gcc/arm-none-eabi/7.2.1/../../../../arm-none-eabi/lib/thumb/v7e-m/fpv4-sp/hard/crt0.o (exit)
c:/ac6/systemworkbench/plugins/fr.ac6.mcu.externaltools.arm-none.win32_1.16.0.201807130628/tools/compiler/bin/../lib/gcc/arm-none-eabi/7.2.1/../../../../arm-none-eabi/lib/thumb/v7e-m/fpv4-sp/hard\libc_nano.a(lib_a-impure.o)
                              c:/ac6/systemworkbench/plugins/fr.ac6.mcu.externaltools.arm-none.win32_1.16.0.201807130628/tools/compiler/bin/../lib/gcc/arm-none-eabi/7.2.1/../../../../arm-none-eabi/lib/thumb/v7e-m/fpv4-sp/hard\libc_nano.a(lib_a-exit.o) (_global_impure_ptr)
[...]
Memory Configuration

Name             Origin             Length             Attributes
RAM              0x20000000         0x00018000         xrw
RAM2             0x10000000         0x00008000         xrw
FLASH            0x08000000         0x00100000         xr
*default*        0x00000000         0xffffffff

Linker script and memory map

LOAD c:/ac6/systemworkbench/plugins/fr.ac6.mcu.externaltools.arm-none.win32_1.16.0.201807130628/tools/compiler/bin/../lib/gcc/arm-none-eabi/7.2.1/thumb/v7e-m/fpv4-sp/hard/crti.o
LOAD c:/ac6/systemworkbench/plugins/fr.ac6.mcu.externaltools.arm-none.win32_1.16.0.201807130628/tools/compiler/bin/../lib/gcc/arm-none-eabi/7.2.1/thumb/v7e-m/fpv4-sp/hard/crtbegin.o
LOAD c:/ac6/systemworkbench/plugins/fr.ac6.mcu.externaltools.arm-none.win32_1.16.0.201807130628/tools/compiler/bin/../lib/gcc/arm-none-eabi/7.2.1/../../../../arm-none-eabi/lib/thumb/v7e-m/fpv4-sp/hard/crt0.o
LOAD Drivers/STM32L4xx_HAL_Driver/Src/stm32l4xx_hal.o
LOAD Drivers/STM32L4xx_HAL_Driver/Src/stm32l4xx_hal_adc.o
LOAD Drivers/STM32L4xx_HAL_Driver/Src/stm32l4xx_hal_adc_ex.o
LOAD Drivers/STM32L4xx_HAL_Driver/Src/stm32l4xx_hal_cortex.o
LOAD Drivers/STM32L4xx_HAL_Driver/Src/stm32l4xx_hal_dma.o
LOAD Drivers/STM32L4xx_HAL_Driver/Src/stm32l4xx_hal_dma_ex.o
LOAD Drivers/STM32L4xx_HAL_Driver/Src/stm32l4xx_hal_flash.o
LOAD Drivers/STM32L4xx_HAL_Driver/Src/stm32l4xx_hal_flash_ex.o
LOAD Drivers/STM32L4xx_HAL_Driver/Src/stm32l4xx_hal_flash_ramfunc.o
LOAD Drivers/STM32L4xx_HAL_Driver/Src/stm32l4xx_hal_gpio.o
LOAD Drivers/STM32L4xx_HAL_Driver/Src/stm32l4xx_hal_i2c.o
LOAD Drivers/STM32L4xx_HAL_Driver/Src/stm32l4xx_hal_i2c_ex.o
LOAD Drivers/STM32L4xx_HAL_Driver/Src/stm32l4xx_hal_pwr.o
LOAD Drivers/STM32L4xx_HAL_Driver/Src/stm32l4xx_hal_pwr_ex.o
LOAD Drivers/STM32L4xx_HAL_Driver/Src/stm32l4xx_hal_rcc.o
LOAD Drivers/STM32L4xx_HAL_Driver/Src/stm32l4xx_hal_rcc_ex.o
LOAD Drivers/STM32L4xx_HAL_Driver/Src/stm32l4xx_hal_spi.o
LOAD Drivers/STM32L4xx_HAL_Driver/Src/stm32l4xx_hal_spi_ex.o
LOAD Drivers/STM32L4xx_HAL_Driver/Src/stm32l4xx_hal_tim.o
LOAD Drivers/STM32L4xx_HAL_Driver/Src/stm32l4xx_hal_tim_ex.o
LOAD Drivers/STM32L4xx_HAL_Driver/Src/stm32l4xx_hal_uart.o
LOAD Drivers/STM32L4xx_HAL_Driver/Src/stm32l4xx_hal_uart_ex.o
LOAD Middlewares/Third_Party/FreeRTOS/Source/CMSIS_RTOS/cmsis_os.o
LOAD Middlewares/Third_Party/FreeRTOS/Source/croutine.o
LOAD Middlewares/Third_Party/FreeRTOS/Source/event_groups.o
LOAD Middlewares/Third_Party/FreeRTOS/Source/list.o
LOAD Middlewares/Third_Party/FreeRTOS/Source/queue.o
LOAD Middlewares/Third_Party/FreeRTOS/Source/stream_buffer.o
LOAD Middlewares/Third_Party/FreeRTOS/Source/tasks.o
LOAD Middlewares/Third_Party/FreeRTOS/Source/timers.o
LOAD Middlewares/Third_Party/FreeRTOS/Source/portable/GCC/ARM_CM4F/port.o
LOAD Middlewares/Third_Party/FreeRTOS/Source/portable/MemMang/heap_4.o
LOAD Src/BallPositionTask.o
LOAD Src/ControllerTask.o
LOAD Src/EncoderTask.o
LOAD Src/LimitSwitchTask.o
LOAD Src/MotorDriveTask.o
LOAD Src/UserInputTask.o
LOAD Src/baseshare.o
LOAD Src/emstream.o
LOAD Src/emstream_bool.o
LOAD Src/emstream_float.o
LOAD Src/emstream_int16_t.o
LOAD Src/emstream_int32_t.o
LOAD Src/emstream_int64_t.o
LOAD Src/emstream_int8_t.o
LOAD Src/emstream_pointer.o
LOAD Src/emstream_roman.o
LOAD Src/emstream_uint16_t.o
LOAD Src/emstream_uint32_t.o
LOAD Src/emstream_uint64_t.o
LOAD Src/emstream_uint8_t.o
LOAD Src/freertos.o
LOAD Src/hacks.o
LOAD Src/l6206.o
LOAD Src/main.o
LOAD Src/stm32l4xx_hal_msp.o
LOAD Src/stm32l4xx_it.o
LOAD Src/system_stm32l4xx.o
LOAD Src/taskbase.o
LOAD Src/taskbase_stackprt.o
LOAD Src/taskbase_status.o
LOAD Src/textqueue.o
LOAD startup/startup_stm32l476xx.o
LOAD c:/ac6/systemworkbench/plugins/fr.ac6.mcu.externaltools.arm-none.win32_1.16.0.201807130628/tools/compiler/bin/../lib/gcc/arm-none-eabi/7.2.1/../../../../arm-none-eabi/lib/thumb/v7e-m/fpv4-sp/hard\libstdc++_nano.a
LOAD c:/ac6/systemworkbench/plugins/fr.ac6.mcu.externaltools.arm-none.win32_1.16.0.201807130628/tools/compiler/bin/../lib/gcc/arm-none-eabi/7.2.1/../../../../arm-none-eabi/lib/thumb/v7e-m/fpv4-sp/hard\libm.a
START GROUP
LOAD c:/ac6/systemworkbench/plugins/fr.ac6.mcu.externaltools.arm-none.win32_1.16.0.201807130628/tools/compiler/bin/../lib/gcc/arm-none-eabi/7.2.1/thumb/v7e-m/fpv4-sp/hard\libgcc.a
LOAD c:/ac6/systemworkbench/plugins/fr.ac6.mcu.externaltools.arm-none.win32_1.16.0.201807130628/tools/compiler/bin/../lib/gcc/arm-none-eabi/7.2.1/../../../../arm-none-eabi/lib/thumb/v7e-m/fpv4-sp/hard\libc_nano.a
END GROUP
START GROUP
LOAD c:/ac6/systemworkbench/plugins/fr.ac6.mcu.externaltools.arm-none.win32_1.16.0.201807130628/tools/compiler/bin/../lib/gcc/arm-none-eabi/7.2.1/thumb/v7e-m/fpv4-sp/hard\libgcc.a
LOAD c:/ac6/systemworkbench/plugins/fr.ac6.mcu.externaltools.arm-none.win32_1.16.0.201807130628/tools/compiler/bin/../lib/gcc/arm-none-eabi/7.2.1/../../../../arm-none-eabi/lib/thumb/v7e-m/fpv4-sp/hard\libc_nano.a
LOAD c:/ac6/systemworkbench/plugins/fr.ac6.mcu.externaltools.arm-none.win32_1.16.0.201807130628/tools/compiler/bin/../lib/gcc/arm-none-eabi/7.2.1/../../../../arm-none-eabi/lib/thumb/v7e-m/fpv4-sp/hard\libnosys.a
END GROUP
START GROUP
LOAD c:/ac6/systemworkbench/plugins/fr.ac6.mcu.externaltools.arm-none.win32_1.16.0.201807130628/tools/compiler/bin/../lib/gcc/arm-none-eabi/7.2.1/thumb/v7e-m/fpv4-sp/hard\libgcc.a
LOAD c:/ac6/systemworkbench/plugins/fr.ac6.mcu.externaltools.arm-none.win32_1.16.0.201807130628/tools/compiler/bin/../lib/gcc/arm-none-eabi/7.2.1/../../../../arm-none-eabi/lib/thumb/v7e-m/fpv4-sp/hard\libc_nano.a
LOAD c:/ac6/systemworkbench/plugins/fr.ac6.mcu.externaltools.arm-none.win32_1.16.0.201807130628/tools/compiler/bin/../lib/gcc/arm-none-eabi/7.2.1/../../../../arm-none-eabi/lib/thumb/v7e-m/fpv4-sp/hard\libnosys.a
END GROUP
LOAD c:/ac6/systemworkbench/plugins/fr.ac6.mcu.externaltools.arm-none.win32_1.16.0.201807130628/tools/compiler/bin/../lib/gcc/arm-none-eabi/7.2.1/thumb/v7e-m/fpv4-sp/hard/crtend.o
LOAD c:/ac6/systemworkbench/plugins/fr.ac6.mcu.externaltools.arm-none.win32_1.16.0.201807130628/tools/compiler/bin/../lib/gcc/arm-none-eabi/7.2.1/thumb/v7e-m/fpv4-sp/hard/crtn.o
                0x20018000                _estack = 0x20018000
                0x00000200                _Min_Heap_Size = 0x200
                0x00000400                _Min_Stack_Size = 0x400

.isr_vector     0x08000000      0x188
                0x08000000                . = ALIGN (0x8)
 *(.isr_vector)
 .isr_vector    0x08000000      0x188 startup/startup_stm32l476xx.o
                0x08000000                g_pfnVectors
                0x08000188                . = ALIGN (0x8)

.text           0x08000190     0x8650
                0x08000190                . = ALIGN (0x8)
 *(.text)
 .text          0x08000190       0x40 c:/ac6/systemworkbench/plugins/fr.ac6.mcu.externaltools.arm-none.win32_1.16.0.201807130628/tools/compiler/bin/../lib/gcc/arm-none-eabi/7.2.1/thumb/v7e-m/fpv4-sp/hard/crtbegin.o
 .text          0x080001d0      0x378 c:/ac6/systemworkbench/plugins/fr.ac6.mcu.externaltools.arm-none.win32_1.16.0.201807130628/tools/compiler/bin/../lib/gcc/arm-none-eabi/7.2.1/thumb/v7e-m/fpv4-sp/hard\libgcc.a(_arm_addsubdf3.o)
                0x080001d0                __aeabi_drsub
                0x080001d8                __aeabi_dsub
                0x080001d8                __subdf3
                0x080001dc                __aeabi_dadd
                0x080001dc                __adddf3
                0x08000454                __floatunsidf
                0x08000454                __aeabi_ui2d
                0x08000474                __floatsidf
                0x08000474                __aeabi_i2d
                0x08000498                __aeabi_f2d
                0x08000498                __extendsfdf2
                0x080004dc                __floatundidf
                0x080004dc                __aeabi_ul2d
                0x080004ec                __floatdidf
                0x080004ec                __aeabi_l2d
 .text          0x08000548      0x424 c:/ac6/systemworkbench/plugins/fr.ac6.mcu.externaltools.arm-none.win32_1.16.0.201807130628/tools/compiler/bin/../lib/gcc/arm-none-eabi/7.2.1/thumb/v7e-m/fpv4-sp/hard\libgcc.a(_arm_muldivdf3.o)
                0x08000548                __aeabi_dmul
                0x08000548                __muldf3
                0x0800079c                __divdf3
                0x0800079c                __aeabi_ddiv
 .text          0x0800096c      0x110 c:/ac6/systemworkbench/plugins/fr.ac6.mcu.externaltools.arm-none.win32_1.16.0.201807130628/tools/compiler/bin/../lib/gcc/arm-none-eabi/7.2.1/thumb/v7e-m/fpv4-sp/hard\libgcc.a(_arm_cmpdf2.o)
                0x0800096c                __gtdf2
                0x0800096c                __gedf2
                0x08000974                __ltdf2
                0x08000974                __ledf2
                0x0800097c                __nedf2
                0x0800097c                __eqdf2
                0x0800097c                __cmpdf2
                0x080009f8                __aeabi_cdrcmple
                0x08000a08                __aeabi_cdcmpeq
                0x08000a08                __aeabi_cdcmple
                0x08000a18                __aeabi_dcmpeq
                0x08000a2c                __aeabi_dcmplt
                0x08000a40                __aeabi_dcmple
                0x08000a54                __aeabi_dcmpge
                0x08000a68                __aeabi_dcmpgt
 .text          0x08000a7c       0x40 c:/ac6/systemworkbench/plugins/fr.ac6.mcu.externaltools.arm-none.win32_1.16.0.201807130628/tools/compiler/bin/../lib/gcc/arm-none-eabi/7.2.1/thumb/v7e-m/fpv4-sp/hard\libgcc.a(_arm_fixunsdfsi.o)
                0x08000a7c                __aeabi_d2uiz
                0x08000a7c                __fixunsdfsi
 .text          0x08000abc       0xa0 c:/ac6/systemworkbench/plugins/fr.ac6.mcu.externaltools.arm-none.win32_1.16.0.201807130628/tools/compiler/bin/../lib/gcc/arm-none-eabi/7.2.1/thumb/v7e-m/fpv4-sp/hard\libgcc.a(_arm_truncdfsf2.o)
                0x08000abc                __truncdfsf2
                0x08000abc                __aeabi_d2f
 .text          0x08000b5c       0x30 c:/ac6/systemworkbench/plugins/fr.ac6.mcu.externaltools.arm-none.win32_1.16.0.201807130628/tools/compiler/bin/../lib/gcc/arm-none-eabi/7.2.1/thumb/v7e-m/fpv4-sp/hard\libgcc.a(_aeabi_uldivmod.o)
                0x08000b5c                __aeabi_uldivmod
 .text          0x08000b8c      0x2cc c:/ac6/systemworkbench/plugins/fr.ac6.mcu.externaltools.arm-none.win32_1.16.0.201807130628/tools/compiler/bin/../lib/gcc/arm-none-eabi/7.2.1/thumb/v7e-m/fpv4-sp/hard\libgcc.a(_udivmoddi4.o)
                0x08000b8c                __udivmoddi4
 .text          0x08000e58        0x4 c:/ac6/systemworkbench/plugins/fr.ac6.mcu.externaltools.arm-none.win32_1.16.0.201807130628/tools/compiler/bin/../lib/gcc/arm-none-eabi/7.2.1/thumb/v7e-m/fpv4-sp/hard\libgcc.a(_dvmd_tls.o)
                0x08000e58                __aeabi_idiv0
                0x08000e58                __aeabi_ldiv0
 .text          0x08000e5c       0x10 c:/ac6/systemworkbench/plugins/fr.ac6.mcu.externaltools.arm-none.win32_1.16.0.201807130628/tools/compiler/bin/../lib/gcc/arm-none-eabi/7.2.1/../../../../arm-none-eabi/lib/thumb/v7e-m/fpv4-sp/hard\libc_nano.a(lib_a-strlen.o)
                0x08000e5c                strlen
 *fill*         0x08000e6c        0x4 
 .text          0x08000e70       0xa0 c:/ac6/systemworkbench/plugins/fr.ac6.mcu.externaltools.arm-none.win32_1.16.0.201807130628/tools/compiler/bin/../lib/gcc/arm-none-eabi/7.2.1/../../../../arm-none-eabi/lib/thumb/v7e-m/fpv4-sp/hard\libc_nano.a(lib_a-memchr.o)
                0x08000e70                memchr
 .text          0x08000f10       0x2c c:/ac6/systemworkbench/plugins/fr.ac6.mcu.externaltools.arm-none.win32_1.16.0.201807130628/tools/compiler/bin/../lib/gcc/arm-none-eabi/7.2.1/thumb/v7e-m/fpv4-sp/hard\libgcc.a(_arm_unorddf2.o)
                0x08000f10                __unorddf2
                0x08000f10                __aeabi_dcmpun
 .text          0x08000f3c       0x50 c:/ac6/systemworkbench/plugins/fr.ac6.mcu.externaltools.arm-none.win32_1.16.0.201807130628/tools/compiler/bin/../lib/gcc/arm-none-eabi/7.2.1/thumb/v7e-m/fpv4-sp/hard\libgcc.a(_arm_fixdfsi.o)
                0x08000f3c                __aeabi_d2iz
                0x08000f3c                __fixdfsi
 *(.text*)
 .text.HAL_InitTick
                0x08000f8c       0x34 Drivers/STM32L4xx_HAL_Driver/Src/stm32l4xx_hal.o
                0x08000f8c                HAL_InitTick
 .text.HAL_Init
                0x08000fc0       0x2c Drivers/STM32L4xx_HAL_Driver/Src/stm32l4xx_hal.o
                0x08000fc0                HAL_Init
 .text.HAL_IncTick
                0x08000fec       0x10 Drivers/STM32L4xx_HAL_Driver/Src/stm32l4xx_hal.o
                0x08000fec                HAL_IncTick
 .text.HAL_GetTick
                0x08000ffc        0xc Drivers/STM32L4xx_HAL_Driver/Src/stm32l4xx_hal.o
                0x08000ffc                HAL_GetTick
 .text.HAL_ADC_Init
                0x08001008      0x218 Drivers/STM32L4xx_HAL_Driver/Src/stm32l4xx_hal_adc.o
                0x08001008                HAL_ADC_Init
 .text.HAL_ADC_PollForConversion
                0x08001220      0x10c Drivers/STM32L4xx_HAL_Driver/Src/stm32l4xx_hal_adc.o
                0x08001220                HAL_ADC_PollForConversion
 .text.HAL_ADC_GetValue
                0x0800132c        0x6 Drivers/STM32L4xx_HAL_Driver/Src/stm32l4xx_hal_adc.o
                0x0800132c                HAL_ADC_GetValue
 *fill*         0x08001332        0x2 
 .text.HAL_ADC_ConfigChannel
                0x08001334      0x440 Drivers/STM32L4xx_HAL_Driver/Src/stm32l4xx_hal_adc.o
                0x08001334                HAL_ADC_ConfigChannel
 .text.ADC_Enable
                0x08001774       0x90 Drivers/STM32L4xx_HAL_Driver/Src/stm32l4xx_hal_adc.o
                0x08001774                ADC_Enable
 .text.HAL_ADC_Start
                0x08001804       0xf8 Drivers/STM32L4xx_HAL_Driver/Src/stm32l4xx_hal_adc.o
                0x08001804                HAL_ADC_Start
 .text.HAL_NVIC_SetPriorityGrouping
                0x080018fc       0x24 Drivers/STM32L4xx_HAL_Driver/Src/stm32l4xx_hal_cortex.o
                0x080018fc                HAL_NVIC_SetPriorityGrouping
 .text.HAL_NVIC_SetPriority
                0x08001920       0x68 Drivers/STM32L4xx_HAL_Driver/Src/stm32l4xx_hal_cortex.o
                0x08001920                HAL_NVIC_SetPriority
 .text.HAL_SYSTICK_Config
                0x08001988       0x2c Drivers/STM32L4xx_HAL_Driver/Src/stm32l4xx_hal_cortex.o
                0x08001988                HAL_SYSTICK_Config
 .text.HAL_SYSTICK_CLKSourceConfig
                0x080019b4       0x20 Drivers/STM32L4xx_HAL_Driver/Src/stm32l4xx_hal_cortex.o
                0x080019b4                HAL_SYSTICK_CLKSourceConfig
 .text.HAL_GPIO_Init
                0x080019d4      0x1d4 Drivers/STM32L4xx_HAL_Driver/Src/stm32l4xx_hal_gpio.o
                0x080019d4                HAL_GPIO_Init
 .text.HAL_GPIO_ReadPin
                0x08001ba8        0xe Drivers/STM32L4xx_HAL_Driver/Src/stm32l4xx_hal_gpio.o
                0x08001ba8                HAL_GPIO_ReadPin
 .text.HAL_GPIO_WritePin
                0x08001bb6        0xa Drivers/STM32L4xx_HAL_Driver/Src/stm32l4xx_hal_gpio.o
                0x08001bb6                HAL_GPIO_WritePin
 .text.HAL_I2C_Init
                0x08001bc0       0xbc Drivers/STM32L4xx_HAL_Driver/Src/stm32l4xx_hal_i2c.o
                0x08001bc0                HAL_I2C_Init
 .text.HAL_I2CEx_ConfigAnalogFilter
                0x08001c7c       0x5c Drivers/STM32L4xx_HAL_Driver/Src/stm32l4xx_hal_i2c_ex.o
                0x08001c7c                HAL_I2CEx_ConfigAnalogFilter
 .text.HAL_I2CEx_ConfigDigitalFilter
                0x08001cd8       0x58 Drivers/STM32L4xx_HAL_Driver/Src/stm32l4xx_hal_i2c_ex.o
                0x08001cd8                HAL_I2CEx_ConfigDigitalFilter
 .text.HAL_PWREx_GetVoltageRange
                0x08001d30       0x10 Drivers/STM32L4xx_HAL_Driver/Src/stm32l4xx_hal_pwr_ex.o
                0x08001d30                HAL_PWREx_GetVoltageRange
 .text.HAL_PWREx_ControlVoltageScaling
                0x08001d40       0x90 Drivers/STM32L4xx_HAL_Driver/Src/stm32l4xx_hal_pwr_ex.o
                0x08001d40                HAL_PWREx_ControlVoltageScaling
 .text.RCC_SetFlashLatencyFromMSIRange
                0x08001dd0       0x90 Drivers/STM32L4xx_HAL_Driver/Src/stm32l4xx_hal_rcc.o
 .text.HAL_RCC_GetSysClockFreq
                0x08001e60       0xd8 Drivers/STM32L4xx_HAL_Driver/Src/stm32l4xx_hal_rcc.o
                0x08001e60                HAL_RCC_GetSysClockFreq
 .text.HAL_RCC_OscConfig
                0x08001f38      0x550 Drivers/STM32L4xx_HAL_Driver/Src/stm32l4xx_hal_rcc.o
                0x08001f38                HAL_RCC_OscConfig
 .text.HAL_RCC_ClockConfig
                0x08002488      0x154 Drivers/STM32L4xx_HAL_Driver/Src/stm32l4xx_hal_rcc.o
                0x08002488                HAL_RCC_ClockConfig
 .text.HAL_RCC_GetHCLKFreq
                0x080025dc        0xc Drivers/STM32L4xx_HAL_Driver/Src/stm32l4xx_hal_rcc.o
                0x080025dc                HAL_RCC_GetHCLKFreq
 .text.HAL_RCC_GetPCLK1Freq
                0x080025e8       0x24 Drivers/STM32L4xx_HAL_Driver/Src/stm32l4xx_hal_rcc.o
                0x080025e8                HAL_RCC_GetPCLK1Freq
 .text.HAL_RCC_GetPCLK2Freq
                0x0800260c       0x24 Drivers/STM32L4xx_HAL_Driver/Src/stm32l4xx_hal_rcc.o
                0x0800260c                HAL_RCC_GetPCLK2Freq
 .text.RCCEx_PLLSAI1_Config
                0x08002630      0x170 Drivers/STM32L4xx_HAL_Driver/Src/stm32l4xx_hal_rcc_ex.o
 .text.RCCEx_PLLSAI2_Config
                0x080027a0      0x14c Drivers/STM32L4xx_HAL_Driver/Src/stm32l4xx_hal_rcc_ex.o
 .text.HAL_RCCEx_PeriphCLKConfig
                0x080028ec      0x450 Drivers/STM32L4xx_HAL_Driver/Src/stm32l4xx_hal_rcc_ex.o
                0x080028ec                HAL_RCCEx_PeriphCLKConfig
 .text.SPI_WaitFlagStateUntilTimeout
                0x08002d3c       0x90 Drivers/STM32L4xx_HAL_Driver/Src/stm32l4xx_hal_spi.o
 .text.SPI_WaitFifoStateUntilTimeout
                0x08002dcc       0x98 Drivers/STM32L4xx_HAL_Driver/Src/stm32l4xx_hal_spi.o
 .text.SPI_EndRxTxTransaction
                0x08002e64       0x66 Drivers/STM32L4xx_HAL_Driver/Src/stm32l4xx_hal_spi.o
 .text.SPI_EndRxTransaction
                0x08002eca       0x88 Drivers/STM32L4xx_HAL_Driver/Src/stm32l4xx_hal_spi.o
 .text.HAL_SPI_Init
                0x08002f52       0xb0 Drivers/STM32L4xx_HAL_Driver/Src/stm32l4xx_hal_spi.o
                0x08002f52                HAL_SPI_Init
 .text.HAL_SPI_TransmitReceive
                0x08003002      0x2ce Drivers/STM32L4xx_HAL_Driver/Src/stm32l4xx_hal_spi.o
                0x08003002                HAL_SPI_TransmitReceive
 .text.HAL_SPI_Receive
                0x080032d0      0x194 Drivers/STM32L4xx_HAL_Driver/Src/stm32l4xx_hal_spi.o
                0x080032d0                HAL_SPI_Receive
 .text.TIM_OC1_SetConfig
                0x08003464       0x9c Drivers/STM32L4xx_HAL_Driver/Src/stm32l4xx_hal_tim.o
 .text.TIM_OC3_SetConfig
                0x08003500       0x8c Drivers/STM32L4xx_HAL_Driver/Src/stm32l4xx_hal_tim.o
 .text.TIM_OC4_SetConfig
                0x0800358c       0x6c Drivers/STM32L4xx_HAL_Driver/Src/stm32l4xx_hal_tim.o
 .text.TIM_OC5_SetConfig
                0x080035f8       0x68 Drivers/STM32L4xx_HAL_Driver/Src/stm32l4xx_hal_tim.o
 .text.TIM_OC6_SetConfig
                0x08003660       0x6c Drivers/STM32L4xx_HAL_Driver/Src/stm32l4xx_hal_tim.o
 .text.HAL_TIM_PWM_MspInit
                0x080036cc        0x2 Drivers/STM32L4xx_HAL_Driver/Src/stm32l4xx_hal_tim.o
                0x080036cc                HAL_TIM_PWM_MspInit
 *fill*         0x080036ce        0x2 
 .text.TIM_Base_SetConfig
                0x080036d0       0xc8 Drivers/STM32L4xx_HAL_Driver/Src/stm32l4xx_hal_tim.o
                0x080036d0                TIM_Base_SetConfig
 .text.HAL_TIM_PWM_Init
                0x08003798       0x32 Drivers/STM32L4xx_HAL_Driver/Src/stm32l4xx_hal_tim.o
                0x08003798                HAL_TIM_PWM_Init
 *fill*         0x080037ca        0x2 
 .text.TIM_OC2_SetConfig
                0x080037cc       0x8c Drivers/STM32L4xx_HAL_Driver/Src/stm32l4xx_hal_tim.o
                0x080037cc                TIM_OC2_SetConfig
 .text.HAL_TIM_PWM_ConfigChannel
                0x08003858      0x134 Drivers/STM32L4xx_HAL_Driver/Src/stm32l4xx_hal_tim.o
                0x08003858                HAL_TIM_PWM_ConfigChannel
 .text.TIM_CCxChannelCmd
                0x0800398c       0x22 Drivers/STM32L4xx_HAL_Driver/Src/stm32l4xx_hal_tim.o
                0x0800398c                TIM_CCxChannelCmd
 *fill*         0x080039ae        0x2 
 .text.HAL_TIM_PWM_Start
                0x080039b0       0x68 Drivers/STM32L4xx_HAL_Driver/Src/stm32l4xx_hal_tim.o
                0x080039b0                HAL_TIM_PWM_Start
 .text.HAL_TIMEx_MasterConfigSynchronization
                0x08003a18       0x64 Drivers/STM32L4xx_HAL_Driver/Src/stm32l4xx_hal_tim_ex.o
                0x08003a18                HAL_TIMEx_MasterConfigSynchronization
 .text.HAL_TIMEx_ConfigBreakDeadTime
                0x08003a7c       0x90 Drivers/STM32L4xx_HAL_Driver/Src/stm32l4xx_hal_tim_ex.o
                0x08003a7c                HAL_TIMEx_ConfigBreakDeadTime
 .text.UART_SetConfig
                0x08003b0c      0x424 Drivers/STM32L4xx_HAL_Driver/Src/stm32l4xx_hal_uart.o
                0x08003b0c                UART_SetConfig
 .text.UART_AdvFeatureConfig
                0x08003f30       0xca Drivers/STM32L4xx_HAL_Driver/Src/stm32l4xx_hal_uart.o
                0x08003f30                UART_AdvFeatureConfig
 .text.UART_WaitOnFlagUntilTimeout
                0x08003ffa       0x62 Drivers/STM32L4xx_HAL_Driver/Src/stm32l4xx_hal_uart.o
                0x08003ffa                UART_WaitOnFlagUntilTimeout
 .text.HAL_UART_Transmit
                0x0800405c       0xce Drivers/STM32L4xx_HAL_Driver/Src/stm32l4xx_hal_uart.o
                0x0800405c                HAL_UART_Transmit
 .text.UART_CheckIdleState
                0x0800412a       0x70 Drivers/STM32L4xx_HAL_Driver/Src/stm32l4xx_hal_uart.o
                0x0800412a                UART_CheckIdleState
 .text.HAL_UART_Init
                0x0800419a       0x66 Drivers/STM32L4xx_HAL_Driver/Src/stm32l4xx_hal_uart.o
                0x0800419a                HAL_UART_Init
 .text.osSystickHandler
                0x08004200       0x10 Middlewares/Third_Party/FreeRTOS/Source/CMSIS_RTOS/cmsis_os.o
                0x08004200                osSystickHandler
 .text.vListInitialise
                0x08004210       0x16 Middlewares/Third_Party/FreeRTOS/Source/list.o
                0x08004210                vListInitialise
 .text.vListInitialiseItem
                0x08004226        0x6 Middlewares/Third_Party/FreeRTOS/Source/list.o
                0x08004226                vListInitialiseItem
 .text.vListInsertEnd
                0x0800422c       0x18 Middlewares/Third_Party/FreeRTOS/Source/list.o
                0x0800422c                vListInsertEnd
 .text.vListInsert
                0x08004244       0x34 Middlewares/Third_Party/FreeRTOS/Source/list.o
                0x08004244                vListInsert
 .text.uxListRemove
                0x08004278       0x28 Middlewares/Third_Party/FreeRTOS/Source/list.o
                0x08004278                uxListRemove
 .text.prvResetNextTaskUnblockTime
                0x080042a0       0x24 Middlewares/Third_Party/FreeRTOS/Source/tasks.o
 .text.prvDeleteTCB
                0x080042c4       0x12 Middlewares/Third_Party/FreeRTOS/Source/tasks.o
 .text.prvInitialiseNewTask
                0x080042d6       0x80 Middlewares/Third_Party/FreeRTOS/Source/tasks.o
 *fill*         0x08004356        0x2 
 .text.prvInitialiseTaskLists
                0x08004358       0x58 Middlewares/Third_Party/FreeRTOS/Source/tasks.o
 .text.prvAddNewTaskToReadyList
                0x080043b0       0xac Middlewares/Third_Party/FreeRTOS/Source/tasks.o
 .text.prvCheckTasksWaitingTermination
                0x0800445c       0x44 Middlewares/Third_Party/FreeRTOS/Source/tasks.o
 .text.prvIdleTask
                0x080044a0       0x28 Middlewares/Third_Party/FreeRTOS/Source/tasks.o
 .text.prvAddCurrentTaskToDelayedList
                0x080044c8       0x88 Middlewares/Third_Party/FreeRTOS/Source/tasks.o
 .text.xTaskCreate
                0x08004550       0x62 Middlewares/Third_Party/FreeRTOS/Source/tasks.o
                0x08004550                xTaskCreate
 *fill*         0x080045b2        0x2 
 .text.vTaskDelete
                0x080045b4       0xdc Middlewares/Third_Party/FreeRTOS/Source/tasks.o
                0x080045b4                vTaskDelete
 .text.uxTaskPriorityGet
                0x08004690       0x20 Middlewares/Third_Party/FreeRTOS/Source/tasks.o
                0x08004690                uxTaskPriorityGet
 .text.vTaskStartScheduler
                0x080046b0       0x74 Middlewares/Third_Party/FreeRTOS/Source/tasks.o
                0x080046b0                vTaskStartScheduler
 .text.vTaskSuspendAll
                0x08004724       0x14 Middlewares/Third_Party/FreeRTOS/Source/tasks.o
                0x08004724                vTaskSuspendAll
 .text.xTaskGetTickCount
                0x08004738        0xc Middlewares/Third_Party/FreeRTOS/Source/tasks.o
                0x08004738                xTaskGetTickCount
 .text.pcTaskGetName
                0x08004744       0x2c Middlewares/Third_Party/FreeRTOS/Source/tasks.o
                0x08004744                pcTaskGetName
 .text.xTaskIncrementTick
                0x08004770      0x10c Middlewares/Third_Party/FreeRTOS/Source/tasks.o
                0x08004770                xTaskIncrementTick
 .text.xTaskResumeAll
                0x0800487c       0xf0 Middlewares/Third_Party/FreeRTOS/Source/tasks.o
                0x0800487c                xTaskResumeAll
 .text.vTaskDelayUntil
                0x0800496c       0xa4 Middlewares/Third_Party/FreeRTOS/Source/tasks.o
                0x0800496c                vTaskDelayUntil
 .text.vTaskDelay
                0x08004a10       0x4c Middlewares/Third_Party/FreeRTOS/Source/tasks.o
                0x08004a10                vTaskDelay
 .text.vTaskSwitchContext
                0x08004a5c       0x90 Middlewares/Third_Party/FreeRTOS/Source/tasks.o
                0x08004a5c                vTaskSwitchContext
 .text.xTaskGetSchedulerState
                0x08004aec       0x20 Middlewares/Third_Party/FreeRTOS/Source/tasks.o
                0x08004aec                xTaskGetSchedulerState
 .text.prvTaskExitError
                0x08004b0c       0x40 Middlewares/Third_Party/FreeRTOS/Source/portable/GCC/ARM_CM4F/port.o
 .text.prvPortStartFirstTask
                0x08004b4c       0x28 Middlewares/Third_Party/FreeRTOS/Source/portable/GCC/ARM_CM4F/port.o
 .text.vPortEnableVFP
                0x08004b74       0x14 Middlewares/Third_Party/FreeRTOS/Source/portable/GCC/ARM_CM4F/port.o
 .text.pxPortInitialiseStack
                0x08004b88       0x2c Middlewares/Third_Party/FreeRTOS/Source/portable/GCC/ARM_CM4F/port.o
                0x08004b88                pxPortInitialiseStack
 *fill*         0x08004bb4        0xc 
 .text.SVC_Handler
                0x08004bc0       0x24 Middlewares/Third_Party/FreeRTOS/Source/portable/GCC/ARM_CM4F/port.o
                0x08004bc0                SVC_Handler
 .text.vPortEnterCritical
                0x08004be4       0x44 Middlewares/Third_Party/FreeRTOS/Source/portable/GCC/ARM_CM4F/port.o
                0x08004be4                vPortEnterCritical
 .text.vPortExitCritical
                0x08004c28       0x2c Middlewares/Third_Party/FreeRTOS/Source/portable/GCC/ARM_CM4F/port.o
                0x08004c28                vPortExitCritical
 *fill*         0x08004c54        0xc 
 .text.PendSV_Handler
                0x08004c60       0x64 Middlewares/Third_Party/FreeRTOS/Source/portable/GCC/ARM_CM4F/port.o
                0x08004c60                PendSV_Handler
 .text.xPortSysTickHandler
                0x08004cc4       0x2c Middlewares/Third_Party/FreeRTOS/Source/portable/GCC/ARM_CM4F/port.o
                0x08004cc4                xPortSysTickHandler
 .text.vPortSetupTimerInterrupt
                0x08004cf0       0x38 Middlewares/Third_Party/FreeRTOS/Source/portable/GCC/ARM_CM4F/port.o
                0x08004cf0                vPortSetupTimerInterrupt
 .text.xPortStartScheduler
                0x08004d28      0x108 Middlewares/Third_Party/FreeRTOS/Source/portable/GCC/ARM_CM4F/port.o
                0x08004d28                xPortStartScheduler
 .text.prvHeapInit
                0x08004e30       0x50 Middlewares/Third_Party/FreeRTOS/Source/portable/MemMang/heap_4.o
 .text.prvInsertBlockIntoFreeList
                0x08004e80       0x54 Middlewares/Third_Party/FreeRTOS/Source/portable/MemMang/heap_4.o
 .text.pvPortMalloc
                0x08004ed4       0xf4 Middlewares/Third_Party/FreeRTOS/Source/portable/MemMang/heap_4.o
                0x08004ed4                pvPortMalloc
 .text.vPortFree
                0x08004fc8       0x6c Middlewares/Third_Party/FreeRTOS/Source/portable/MemMang/heap_4.o
                0x08004fc8                vPortFree
 .text._ZN16BallPositionTaskC2EPKcmjP8emstream
                0x08005034       0x1c Src/BallPositionTask.o
                0x08005034                BallPositionTask::BallPositionTask(char const*, unsigned long, unsigned int, emstream*)
                0x08005034                BallPositionTask::BallPositionTask(char const*, unsigned long, unsigned int, emstream*)
 .text._ZN9TaskShareItE3getEv
                0x08005050       0x12 Src/BallPositionTask.o
                0x08005050                TaskShare<unsigned short>::get()
 *fill*         0x08005062        0x2 
 .text._ZN16BallPositionTask3runEv
                0x08005064       0xac Src/BallPositionTask.o
                0x08005064                BallPositionTask::run()
 .text._ZN14ControllerTaskC2EPKcmjP8emstream
                0x08005110       0x1c Src/ControllerTask.o
                0x08005110                ControllerTask::ControllerTask(char const*, unsigned long, unsigned int, emstream*)
                0x08005110                ControllerTask::ControllerTask(char const*, unsigned long, unsigned int, emstream*)
 .text._ZN9TaskShareIfE3getEv
                0x0800512c       0x1e Src/ControllerTask.o
                0x0800512c                TaskShare<float>::get()
 *fill*         0x0800514a        0x2 
 .text._ZN14ControllerTask3runEv
                0x0800514c       0xf4 Src/ControllerTask.o
                0x0800514c                ControllerTask::run()
 .text._ZN11EncoderTaskC2EPKcmjP8emstream
                0x08005240       0x1c Src/EncoderTask.o
                0x08005240                EncoderTask::EncoderTask(char const*, unsigned long, unsigned int, emstream*)
                0x08005240                EncoderTask::EncoderTask(char const*, unsigned long, unsigned int, emstream*)
 *fill*         0x0800525c        0x4 
 .text._ZN11EncoderTask3runEv
                0x08005260      0x120 Src/EncoderTask.o
                0x08005260                EncoderTask::run()
 .text._ZN15LimitSwitchTaskC2EPKcmjP8emstream
                0x08005380       0x1c Src/LimitSwitchTask.o
                0x08005380                LimitSwitchTask::LimitSwitchTask(char const*, unsigned long, unsigned int, emstream*)
                0x08005380                LimitSwitchTask::LimitSwitchTask(char const*, unsigned long, unsigned int, emstream*)
 .text._ZN9TaskShareIbE3getEv
                0x0800539c       0x12 Src/LimitSwitchTask.o
                0x0800539c                TaskShare<bool>::get()
 *fill*         0x080053ae        0x2 
 .text._ZN15LimitSwitchTask3runEv
                0x080053b0       0x70 Src/LimitSwitchTask.o
                0x080053b0                LimitSwitchTask::run()
 .text._ZN14MotorDriveTaskC2EPKcmjP8emstream
                0x08005420       0x1c Src/MotorDriveTask.o
                0x08005420                MotorDriveTask::MotorDriveTask(char const*, unsigned long, unsigned int, emstream*)
                0x08005420                MotorDriveTask::MotorDriveTask(char const*, unsigned long, unsigned int, emstream*)
 .text._ZN14MotorDriveTask3runEv
                0x0800543c       0xbc Src/MotorDriveTask.o
                0x0800543c                MotorDriveTask::run()
 .text._ZN9BaseShareC2EPKc
                0x080054f8       0x40 Src/baseshare.o
                0x080054f8                BaseShare::BaseShare(char const*)
                0x080054f8                BaseShare::BaseShare(char const*)
 .text._ZN8emstream4putsEPKc
                0x08005538       0x18 Src/emstream.o
                0x08005538                emstream::puts(char const*)
 .text._ZN8emstreamlsE15ser_manipulator
                0x08005550       0x84 Src/emstream.o
                0x08005550                emstream::operator<<(ser_manipulator)
 .text._ZN8emstream18print_roman_digitsEhh
                0x080055d4       0xb8 Src/emstream_roman.o
                0x080055d4                emstream::print_roman_digits(unsigned char, unsigned char)
 .text._ZN8emstream11print_romanEt
                0x0800568c       0x74 Src/emstream_roman.o
                0x0800568c                emstream::print_roman(unsigned short)
 .text._ZN8emstreamlsEm
                0x08005700       0x70 Src/emstream_uint32_t.o
                0x08005700                emstream::operator<<(unsigned long)
 .text._ZN8emstreamlsEh
                0x08005770       0x78 Src/emstream_uint8_t.o
                0x08005770                emstream::operator<<(unsigned char)
 .text._Znwj    0x080057e8        0x8 Src/hacks.o
                0x080057e8                operator new(unsigned int)
 .text._Znaj    0x080057f0        0x8 Src/hacks.o
                0x080057f0                operator new[](unsigned int)
 .text._sbrk    0x080057f8       0x24 Src/hacks.o
                0x080057f8                _sbrk
 .text.__cxa_guard_acquire
                0x0800581c        0xa Src/hacks.o
                0x0800581c                __cxa_guard_acquire
 .text.__cxa_guard_release
                0x08005826        0x6 Src/hacks.o
                0x08005826                __cxa_guard_release
 .text.__cxa_pure_virtual
                0x0800582c        0x2 Src/hacks.o
                0x0800582c                __cxa_pure_virtual
 *fill*         0x0800582e        0x2 
 .text._ZN9TaskShareIbE13print_in_listEP8emstream
                0x08005830       0x4c Src/main.o
                0x08005830                TaskShare<bool>::print_in_list(emstream*)
 .text._ZN9TaskShareIfE13print_in_listEP8emstream
                0x0800587c       0x4c Src/main.o
                0x0800587c                TaskShare<float>::print_in_list(emstream*)
 .text._ZN9TaskShareItE13print_in_listEP8emstream
                0x080058c8       0x4c Src/main.o
                0x080058c8                TaskShare<unsigned short>::print_in_list(emstream*)
 .text._ZL12MX_GPIO_Initv
                0x08005914      0x12c Src/main.o
 .text._Error_Handler
                0x08005a40        0x2 Src/main.o
                0x08005a40                _Error_Handler
 *fill*         0x08005a42        0x2 
 .text._ZL19MX_USART2_UART_Initv
                0x08005a44       0x40 Src/main.o
 .text._ZL12MX_I2C1_Initv
                0x08005a84       0x7c Src/main.o
 .text._ZL12MX_SPI2_Initv
                0x08005b00       0x78 Src/main.o
 .text._ZL12MX_ADC3_Initv
                0x08005b78       0xac Src/main.o
 .text._ZL12MX_TIM1_Initv
                0x08005c24       0xc4 Src/main.o
 .text._Z18SystemClock_Configv
                0x08005ce8       0xc0 Src/main.o
                0x08005ce8                SystemClock_Config()
 .text._ZN17CommunicationTaskC2EPKcmjP8emstream
                0x08005da8       0x1c Src/main.o
                0x08005da8                CommunicationTask::CommunicationTask(char const*, unsigned long, unsigned int, emstream*)
                0x08005da8                CommunicationTask::CommunicationTask(char const*, unsigned long, unsigned int, emstream*)
 .text.main     0x08005dc4      0x238 Src/main.o
                0x08005dc4                main
 *fill*         0x08005ffc        0x4 
 .text._ZN17CommunicationTask3runEv
                0x08006000      0x26c Src/main.o
                0x08006000                CommunicationTask::run()
 .text.HAL_MspInit
                0x0800626c       0x90 Src/stm32l4xx_hal_msp.o
                0x0800626c                HAL_MspInit
 .text.HAL_ADC_MspInit
                0x080062fc       0x4c Src/stm32l4xx_hal_msp.o
                0x080062fc                HAL_ADC_MspInit
 .text.HAL_I2C_MspInit
                0x08006348       0x54 Src/stm32l4xx_hal_msp.o
                0x08006348                HAL_I2C_MspInit
 .text.HAL_SPI_MspInit
                0x0800639c       0x68 Src/stm32l4xx_hal_msp.o
                0x0800639c                HAL_SPI_MspInit
 .text.HAL_UART_MspInit
                0x08006404       0x4c Src/stm32l4xx_hal_msp.o
                0x08006404                HAL_UART_MspInit
 .text.NMI_Handler
                0x08006450        0x2 Src/stm32l4xx_it.o
                0x08006450                NMI_Handler
 .text.HardFault_Handler
                0x08006452        0x2 Src/stm32l4xx_it.o
                0x08006452                HardFault_Handler
 .text.MemManage_Handler
                0x08006454        0x2 Src/stm32l4xx_it.o
                0x08006454                MemManage_Handler
 .text.BusFault_Handler
                0x08006456        0x2 Src/stm32l4xx_it.o
                0x08006456                BusFault_Handler
 .text.UsageFault_Handler
                0x08006458        0x2 Src/stm32l4xx_it.o
                0x08006458                UsageFault_Handler
 .text.DebugMon_Handler
                0x0800645a        0x2 Src/stm32l4xx_it.o
                0x0800645a                DebugMon_Handler
 .text.SysTick_Handler
                0x0800645c        0xc Src/stm32l4xx_it.o
                0x0800645c                SysTick_Handler
 .text.SystemInit
                0x08006468       0x48 Src/system_stm32l4xx.o
                0x08006468                SystemInit
 .text._ZN8TaskBaseC2EPKcmjP8emstream
                0x080064b0       0x44 Src/taskbase.o
                0x080064b0                TaskBase::TaskBase(char const*, unsigned long, unsigned int, emstream*)
                0x080064b0                TaskBase::TaskBase(char const*, unsigned long, unsigned int, emstream*)
 .text._ZN8TaskBase22_call_users_run_methodEPS_
                0x080064f4       0x1e Src/taskbase.o
                0x080064f4                TaskBase::_call_users_run_method(TaskBase*)
 .text._call_static_run_method
                0x08006512        0x6 Src/taskbase.o
                0x08006512                _call_static_run_method
 .text._ZN8TaskBase12print_statusER8emstream
                0x08006518       0x70 Src/taskbase_status.o
                0x08006518                TaskBase::print_status(emstream&)
 .text.Reset_Handler
                0x08006588       0x50 startup/startup_stm32l476xx.o
                0x08006588                Reset_Handler
 .text.Default_Handler
                0x080065d8        0x2 startup/startup_stm32l476xx.o
                0x080065d8                RTC_Alarm_IRQHandler
                0x080065d8                EXTI2_IRQHandler
                0x080065d8                TIM8_TRG_COM_IRQHandler
                0x080065d8                TIM8_CC_IRQHandler
                0x080065d8                TIM1_CC_IRQHandler
                0x080065d8                TSC_IRQHandler
                0x080065d8                TAMP_STAMP_IRQHandler
                0x080065d8                EXTI3_IRQHandler
                0x080065d8                LPTIM2_IRQHandler
                0x080065d8                DFSDM1_FLT1_IRQHandler
                0x080065d8                I2C3_ER_IRQHandler
                0x080065d8                DFSDM1_FLT2_IRQHandler
                0x080065d8                EXTI0_IRQHandler
                0x080065d8                I2C2_EV_IRQHandler
                0x080065d8                CAN1_RX0_IRQHandler
                0x080065d8                FPU_IRQHandler
                0x080065d8                TIM1_UP_TIM16_IRQHandler
                0x080065d8                ADC1_2_IRQHandler
                0x080065d8                SPI1_IRQHandler
                0x080065d8                TIM6_DAC_IRQHandler
                0x080065d8                TIM8_UP_IRQHandler
                0x080065d8                DMA2_Channel2_IRQHandler
                0x080065d8                DMA1_Channel4_IRQHandler
                0x080065d8                SAI2_IRQHandler
                0x080065d8                DFSDM1_FLT3_IRQHandler
                0x080065d8                USART3_IRQHandler
                0x080065d8                DMA1_Channel7_IRQHandler
                0x080065d8                CAN1_RX1_IRQHandler
                0x080065d8                LCD_IRQHandler
                0x080065d8                UART5_IRQHandler
                0x080065d8                ADC3_IRQHandler
                0x080065d8                TIM4_IRQHandler
                0x080065d8                DMA2_Channel1_IRQHandler
                0x080065d8                QUADSPI_IRQHandler
                0x080065d8                I2C1_EV_IRQHandler
                0x080065d8                DMA1_Channel6_IRQHandler
                0x080065d8                UART4_IRQHandler
                0x080065d8                DMA2_Channel4_IRQHandler
                0x080065d8                TIM3_IRQHandler
                0x080065d8                RCC_IRQHandler
                0x080065d8                DMA1_Channel1_IRQHandler
                0x080065d8                Default_Handler
                0x080065d8                DMA2_Channel7_IRQHandler
                0x080065d8                EXTI15_10_IRQHandler
                0x080065d8                TIM7_IRQHandler
                0x080065d8                SDMMC1_IRQHandler
                0x080065d8                TIM5_IRQHandler
                0x080065d8                I2C3_EV_IRQHandler
                0x080065d8                EXTI9_5_IRQHandler
                0x080065d8                RTC_WKUP_IRQHandler
                0x080065d8                PVD_PVM_IRQHandler
                0x080065d8                SPI2_IRQHandler
                0x080065d8                CAN1_TX_IRQHandler
                0x080065d8                DMA2_Channel5_IRQHandler
                0x080065d8                DMA1_Channel5_IRQHandler
                0x080065d8                EXTI4_IRQHandler
                0x080065d8                RNG_IRQHandler
                0x080065d8                TIM1_TRG_COM_TIM17_IRQHandler
                0x080065d8                DMA1_Channel3_IRQHandler
                0x080065d8                COMP_IRQHandler
                0x080065d8                WWDG_IRQHandler
                0x080065d8                LPUART1_IRQHandler
                0x080065d8                DMA2_Channel6_IRQHandler
                0x080065d8                TIM2_IRQHandler
                0x080065d8                EXTI1_IRQHandler
                0x080065d8                USART2_IRQHandler
                0x080065d8                DFSDM1_FLT0_IRQHandler
                0x080065d8                I2C2_ER_IRQHandler
                0x080065d8                DMA1_Channel2_IRQHandler
                0x080065d8                TIM8_BRK_IRQHandler
                0x080065d8                CAN1_SCE_IRQHandler
                0x080065d8                FLASH_IRQHandler
                0x080065d8                USART1_IRQHandler
                0x080065d8                OTG_FS_IRQHandler
                0x080065d8                SPI3_IRQHandler
                0x080065d8                I2C1_ER_IRQHandler
                0x080065d8                FMC_IRQHandler
                0x080065d8                SWPMI1_IRQHandler
                0x080065d8                LPTIM1_IRQHandler
                0x080065d8                SAI1_IRQHandler
                0x080065d8                DMA2_Channel3_IRQHandler
                0x080065d8                TIM1_BRK_TIM15_IRQHandler
 *fill*         0x080065da        0x2 
 .text.fmin     0x080065dc       0x58 c:/ac6/systemworkbench/plugins/fr.ac6.mcu.externaltools.arm-none.win32_1.16.0.201807130628/tools/compiler/bin/../lib/gcc/arm-none-eabi/7.2.1/../../../../arm-none-eabi/lib/thumb/v7e-m/fpv4-sp/hard\libm.a(lib_a-s_fmin.o)
                0x080065dc                fmin
 .text.__fpclassifyd
                0x08006634       0x88 c:/ac6/systemworkbench/plugins/fr.ac6.mcu.externaltools.arm-none.win32_1.16.0.201807130628/tools/compiler/bin/../lib/gcc/arm-none-eabi/7.2.1/../../../../arm-none-eabi/lib/thumb/v7e-m/fpv4-sp/hard\libm.a(lib_a-s_fpclassify.o)
                0x08006634                __fpclassifyd
 .text.calloc   0x080066bc       0x10 c:/ac6/systemworkbench/plugins/fr.ac6.mcu.externaltools.arm-none.win32_1.16.0.201807130628/tools/compiler/bin/../lib/gcc/arm-none-eabi/7.2.1/../../../../arm-none-eabi/lib/thumb/v7e-m/fpv4-sp/hard\libc_nano.a(lib_a-calloc.o)
                0x080066bc                calloc
 .text.__libc_init_array
                0x080066cc       0x48 c:/ac6/systemworkbench/plugins/fr.ac6.mcu.externaltools.arm-none.win32_1.16.0.201807130628/tools/compiler/bin/../lib/gcc/arm-none-eabi/7.2.1/../../../../arm-none-eabi/lib/thumb/v7e-m/fpv4-sp/hard\libc_nano.a(lib_a-init.o)
                0x080066cc                __libc_init_array
 .text.memcpy   0x08006714       0x16 c:/ac6/systemworkbench/plugins/fr.ac6.mcu.externaltools.arm-none.win32_1.16.0.201807130628/tools/compiler/bin/../lib/gcc/arm-none-eabi/7.2.1/../../../../arm-none-eabi/lib/thumb/v7e-m/fpv4-sp/hard\libc_nano.a(lib_a-memcpy-stub.o)
                0x08006714                memcpy
 .text.memset   0x0800672a       0x10 c:/ac6/systemworkbench/plugins/fr.ac6.mcu.externaltools.arm-none.win32_1.16.0.201807130628/tools/compiler/bin/../lib/gcc/arm-none-eabi/7.2.1/../../../../arm-none-eabi/lib/thumb/v7e-m/fpv4-sp/hard\libc_nano.a(lib_a-memset.o)
                0x0800672a                memset
 .text._calloc_r
                0x0800673a       0x1c c:/ac6/systemworkbench/plugins/fr.ac6.mcu.externaltools.arm-none.win32_1.16.0.201807130628/tools/compiler/bin/../lib/gcc/arm-none-eabi/7.2.1/../../../../arm-none-eabi/lib/thumb/v7e-m/fpv4-sp/hard\libc_nano.a(lib_a-nano-callocr.o)
                0x0800673a                _calloc_r
 *fill*         0x08006756        0x2 
 .text._malloc_r
                0x08006758       0xb4 c:/ac6/systemworkbench/plugins/fr.ac6.mcu.externaltools.arm-none.win32_1.16.0.201807130628/tools/compiler/bin/../lib/gcc/arm-none-eabi/7.2.1/../../../../arm-none-eabi/lib/thumb/v7e-m/fpv4-sp/hard\libc_nano.a(lib_a-nano-mallocr.o)
                0x08006758                _malloc_r
 .text.__cvt    0x0800680c       0xc2 c:/ac6/systemworkbench/plugins/fr.ac6.mcu.externaltools.arm-none.win32_1.16.0.201807130628/tools/compiler/bin/../lib/gcc/arm-none-eabi/7.2.1/../../../../arm-none-eabi/lib/thumb/v7e-m/fpv4-sp/hard\libc_nano.a(lib_a-nano-vfprintf_float.o)
                0x0800680c                __cvt
 .text.__exponent
                0x080068ce       0x66 c:/ac6/systemworkbench/plugins/fr.ac6.mcu.externaltools.arm-none.win32_1.16.0.201807130628/tools/compiler/bin/../lib/gcc/arm-none-eabi/7.2.1/../../../../arm-none-eabi/lib/thumb/v7e-m/fpv4-sp/hard\libc_nano.a(lib_a-nano-vfprintf_float.o)
                0x080068ce                __exponent
 .text._printf_float
                0x08006934      0x480 c:/ac6/systemworkbench/plugins/fr.ac6.mcu.externaltools.arm-none.win32_1.16.0.201807130628/tools/compiler/bin/../lib/gcc/arm-none-eabi/7.2.1/../../../../arm-none-eabi/lib/thumb/v7e-m/fpv4-sp/hard\libc_nano.a(lib_a-nano-vfprintf_float.o)
                0x08006934                _printf_float
 .text._printf_common
                0x08006db4       0xea c:/ac6/systemworkbench/plugins/fr.ac6.mcu.externaltools.arm-none.win32_1.16.0.201807130628/tools/compiler/bin/../lib/gcc/arm-none-eabi/7.2.1/../../../../arm-none-eabi/lib/thumb/v7e-m/fpv4-sp/hard\libc_nano.a(lib_a-nano-vfprintf_i.o)
                0x08006db4                _printf_common
 *fill*         0x08006e9e        0x2 
 .text._printf_i
                0x08006ea0      0x224 c:/ac6/systemworkbench/plugins/fr.ac6.mcu.externaltools.arm-none.win32_1.16.0.201807130628/tools/compiler/bin/../lib/gcc/arm-none-eabi/7.2.1/../../../../arm-none-eabi/lib/thumb/v7e-m/fpv4-sp/hard\libc_nano.a(lib_a-nano-vfprintf_i.o)
                0x08006ea0                _printf_i
 .text._sbrk_r  0x080070c4       0x20 c:/ac6/systemworkbench/plugins/fr.ac6.mcu.externaltools.arm-none.win32_1.16.0.201807130628/tools/compiler/bin/../lib/gcc/arm-none-eabi/7.2.1/../../../../arm-none-eabi/lib/thumb/v7e-m/fpv4-sp/hard\libc_nano.a(lib_a-sbrkr.o)
                0x080070c4                _sbrk_r
 .text.sprintf  0x080070e4       0x40 c:/ac6/systemworkbench/plugins/fr.ac6.mcu.externaltools.arm-none.win32_1.16.0.201807130628/tools/compiler/bin/../lib/gcc/arm-none-eabi/7.2.1/../../../../arm-none-eabi/lib/thumb/v7e-m/fpv4-sp/hard\libc_nano.a(lib_a-sprintf.o)
                0x080070e4                siprintf
                0x080070e4                sprintf
 .text.strncpy  0x08007124       0x2a c:/ac6/systemworkbench/plugins/fr.ac6.mcu.externaltools.arm-none.win32_1.16.0.201807130628/tools/compiler/bin/../lib/gcc/arm-none-eabi/7.2.1/../../../../arm-none-eabi/lib/thumb/v7e-m/fpv4-sp/hard\libc_nano.a(lib_a-strncpy.o)
                0x08007124                strncpy
 .text.quorem   0x0800714e      0x118 c:/ac6/systemworkbench/plugins/fr.ac6.mcu.externaltools.arm-none.win32_1.16.0.201807130628/tools/compiler/bin/../lib/gcc/arm-none-eabi/7.2.1/../../../../arm-none-eabi/lib/thumb/v7e-m/fpv4-sp/hard\libc_nano.a(lib_a-dtoa.o)
 *fill*         0x08007266        0x2 
 .text._dtoa_r  0x08007268      0xb70 c:/ac6/systemworkbench/plugins/fr.ac6.mcu.externaltools.arm-none.win32_1.16.0.201807130628/tools/compiler/bin/../lib/gcc/arm-none-eabi/7.2.1/../../../../arm-none-eabi/lib/thumb/v7e-m/fpv4-sp/hard\libc_nano.a(lib_a-dtoa.o)
                0x08007268                _dtoa_r
 .text._localeconv_r
                0x08007dd8       0x1c c:/ac6/systemworkbench/plugins/fr.ac6.mcu.externaltools.arm-none.win32_1.16.0.201807130628/tools/compiler/bin/../lib/gcc/arm-none-eabi/7.2.1/../../../../arm-none-eabi/lib/thumb/v7e-m/fpv4-sp/hard\libc_nano.a(lib_a-localeconv.o)
                0x08007dd8                _localeconv_r
 .text.malloc   0x08007df4       0x10 c:/ac6/systemworkbench/plugins/fr.ac6.mcu.externaltools.arm-none.win32_1.16.0.201807130628/tools/compiler/bin/../lib/gcc/arm-none-eabi/7.2.1/../../../../arm-none-eabi/lib/thumb/v7e-m/fpv4-sp/hard\libc_nano.a(lib_a-malloc.o)
                0x08007df4                malloc
 .text.__malloc_lock
                0x08007e04        0x2 c:/ac6/systemworkbench/plugins/fr.ac6.mcu.externaltools.arm-none.win32_1.16.0.201807130628/tools/compiler/bin/../lib/gcc/arm-none-eabi/7.2.1/../../../../arm-none-eabi/lib/thumb/v7e-m/fpv4-sp/hard\libc_nano.a(lib_a-mlock.o)
                0x08007e04                __malloc_lock
 .text.__malloc_unlock
                0x08007e06        0x2 c:/ac6/systemworkbench/plugins/fr.ac6.mcu.externaltools.arm-none.win32_1.16.0.201807130628/tools/compiler/bin/../lib/gcc/arm-none-eabi/7.2.1/../../../../arm-none-eabi/lib/thumb/v7e-m/fpv4-sp/hard\libc_nano.a(lib_a-mlock.o)
                0x08007e06                __malloc_unlock
 .text._Balloc  0x08007e08       0x68 c:/ac6/systemworkbench/plugins/fr.ac6.mcu.externaltools.arm-none.win32_1.16.0.201807130628/tools/compiler/bin/../lib/gcc/arm-none-eabi/7.2.1/../../../../arm-none-eabi/lib/thumb/v7e-m/fpv4-sp/hard\libc_nano.a(lib_a-mprec.o)
                0x08007e08                _Balloc
 .text._Bfree   0x08007e70       0x2e c:/ac6/systemworkbench/plugins/fr.ac6.mcu.externaltools.arm-none.win32_1.16.0.201807130628/tools/compiler/bin/../lib/gcc/arm-none-eabi/7.2.1/../../../../arm-none-eabi/lib/thumb/v7e-m/fpv4-sp/hard\libc_nano.a(lib_a-mprec.o)
                0x08007e70                _Bfree
 .text.__multadd
                0x08007e9e       0x76 c:/ac6/systemworkbench/plugins/fr.ac6.mcu.externaltools.arm-none.win32_1.16.0.201807130628/tools/compiler/bin/../lib/gcc/arm-none-eabi/7.2.1/../../../../arm-none-eabi/lib/thumb/v7e-m/fpv4-sp/hard\libc_nano.a(lib_a-mprec.o)
                0x08007e9e                __multadd
 .text.__hi0bits
                0x08007f14       0x3e c:/ac6/systemworkbench/plugins/fr.ac6.mcu.externaltools.arm-none.win32_1.16.0.201807130628/tools/compiler/bin/../lib/gcc/arm-none-eabi/7.2.1/../../../../arm-none-eabi/lib/thumb/v7e-m/fpv4-sp/hard\libc_nano.a(lib_a-mprec.o)
                0x08007f14                __hi0bits
 .text.__lo0bits
                0x08007f52       0x5e c:/ac6/systemworkbench/plugins/fr.ac6.mcu.externaltools.arm-none.win32_1.16.0.201807130628/tools/compiler/bin/../lib/gcc/arm-none-eabi/7.2.1/../../../../arm-none-eabi/lib/thumb/v7e-m/fpv4-sp/hard\libc_nano.a(lib_a-mprec.o)
                0x08007f52                __lo0bits
 .text.__i2b    0x08007fb0       0x12 c:/ac6/systemworkbench/plugins/fr.ac6.mcu.externaltools.arm-none.win32_1.16.0.201807130628/tools/compiler/bin/../lib/gcc/arm-none-eabi/7.2.1/../../../../arm-none-eabi/lib/thumb/v7e-m/fpv4-sp/hard\libc_nano.a(lib_a-mprec.o)
                0x08007fb0                __i2b
 .text.__multiply
                0x08007fc2      0x12c c:/ac6/systemworkbench/plugins/fr.ac6.mcu.externaltools.arm-none.win32_1.16.0.201807130628/tools/compiler/bin/../lib/gcc/arm-none-eabi/7.2.1/../../../../arm-none-eabi/lib/thumb/v7e-m/fpv4-sp/hard\libc_nano.a(lib_a-mprec.o)
                0x08007fc2                __multiply
 *fill*         0x080080ee        0x2 
 .text.__pow5mult
                0x080080f0       0x9c c:/ac6/systemworkbench/plugins/fr.ac6.mcu.externaltools.arm-none.win32_1.16.0.201807130628/tools/compiler/bin/../lib/gcc/arm-none-eabi/7.2.1/../../../../arm-none-eabi/lib/thumb/v7e-m/fpv4-sp/hard\libc_nano.a(lib_a-mprec.o)
                0x080080f0                __pow5mult
 .text.__lshift
                0x0800818c       0xa8 c:/ac6/systemworkbench/plugins/fr.ac6.mcu.externaltools.arm-none.win32_1.16.0.201807130628/tools/compiler/bin/../lib/gcc/arm-none-eabi/7.2.1/../../../../arm-none-eabi/lib/thumb/v7e-m/fpv4-sp/hard\libc_nano.a(lib_a-mprec.o)
                0x0800818c                __lshift
 .text.__mcmp   0x08008234       0x34 c:/ac6/systemworkbench/plugins/fr.ac6.mcu.externaltools.arm-none.win32_1.16.0.201807130628/tools/compiler/bin/../lib/gcc/arm-none-eabi/7.2.1/../../../../arm-none-eabi/lib/thumb/v7e-m/fpv4-sp/hard\libc_nano.a(lib_a-mprec.o)
                0x08008234                __mcmp
 .text.__mdiff  0x08008268       0xba c:/ac6/systemworkbench/plugins/fr.ac6.mcu.externaltools.arm-none.win32_1.16.0.201807130628/tools/compiler/bin/../lib/gcc/arm-none-eabi/7.2.1/../../../../arm-none-eabi/lib/thumb/v7e-m/fpv4-sp/hard\libc_nano.a(lib_a-mprec.o)
                0x08008268                __mdiff
 .text.__d2b    0x08008322       0x9e c:/ac6/systemworkbench/plugins/fr.ac6.mcu.externaltools.arm-none.win32_1.16.0.201807130628/tools/compiler/bin/../lib/gcc/arm-none-eabi/7.2.1/../../../../arm-none-eabi/lib/thumb/v7e-m/fpv4-sp/hard\libc_nano.a(lib_a-mprec.o)
                0x08008322                __d2b
 .text._free_r  0x080083c0       0x9c c:/ac6/systemworkbench/plugins/fr.ac6.mcu.externaltools.arm-none.win32_1.16.0.201807130628/tools/compiler/bin/../lib/gcc/arm-none-eabi/7.2.1/../../../../arm-none-eabi/lib/thumb/v7e-m/fpv4-sp/hard\libc_nano.a(lib_a-nano-freer.o)
                0x080083c0                _free_r
 .text.__ssputs_r
                0x0800845c       0xb4 c:/ac6/systemworkbench/plugins/fr.ac6.mcu.externaltools.arm-none.win32_1.16.0.201807130628/tools/compiler/bin/../lib/gcc/arm-none-eabi/7.2.1/../../../../arm-none-eabi/lib/thumb/v7e-m/fpv4-sp/hard\libc_nano.a(lib_a-nano-svfprintf.o)
                0x0800845c                __ssputs_r
 .text._svfprintf_r
                0x08008510      0x1ec c:/ac6/systemworkbench/plugins/fr.ac6.mcu.externaltools.arm-none.win32_1.16.0.201807130628/tools/compiler/bin/../lib/gcc/arm-none-eabi/7.2.1/../../../../arm-none-eabi/lib/thumb/v7e-m/fpv4-sp/hard\libc_nano.a(lib_a-nano-svfprintf.o)
                0x08008510                _svfiprintf_r
                0x08008510                _svfprintf_r
 .text.__ascii_mbtowc
                0x080086fc       0x24 c:/ac6/systemworkbench/plugins/fr.ac6.mcu.externaltools.arm-none.win32_1.16.0.201807130628/tools/compiler/bin/../lib/gcc/arm-none-eabi/7.2.1/../../../../arm-none-eabi/lib/thumb/v7e-m/fpv4-sp/hard\libc_nano.a(lib_a-mbtowc_r.o)
                0x080086fc                __ascii_mbtowc
 .text.memmove  0x08008720       0x32 c:/ac6/systemworkbench/plugins/fr.ac6.mcu.externaltools.arm-none.win32_1.16.0.201807130628/tools/compiler/bin/../lib/gcc/arm-none-eabi/7.2.1/../../../../arm-none-eabi/lib/thumb/v7e-m/fpv4-sp/hard\libc_nano.a(lib_a-memmove.o)
                0x08008720                memmove
 .text._realloc_r
                0x08008752       0x4c c:/ac6/systemworkbench/plugins/fr.ac6.mcu.externaltools.arm-none.win32_1.16.0.201807130628/tools/compiler/bin/../lib/gcc/arm-none-eabi/7.2.1/../../../../arm-none-eabi/lib/thumb/v7e-m/fpv4-sp/hard\libc_nano.a(lib_a-nano-reallocr.o)
                0x08008752                _realloc_r
 .text.__ascii_wctomb
                0x0800879e       0x1a c:/ac6/systemworkbench/plugins/fr.ac6.mcu.externaltools.arm-none.win32_1.16.0.201807130628/tools/compiler/bin/../lib/gcc/arm-none-eabi/7.2.1/../../../../arm-none-eabi/lib/thumb/v7e-m/fpv4-sp/hard\libc_nano.a(lib_a-wctomb_r.o)
                0x0800879e                __ascii_wctomb
 .text._malloc_usable_size_r
                0x080087b8       0x10 c:/ac6/systemworkbench/plugins/fr.ac6.mcu.externaltools.arm-none.win32_1.16.0.201807130628/tools/compiler/bin/../lib/gcc/arm-none-eabi/7.2.1/../../../../arm-none-eabi/lib/thumb/v7e-m/fpv4-sp/hard\libc_nano.a(lib_a-nano-msizer.o)
                0x080087b8                _malloc_usable_size_r
 *(.glue_7)
 .glue_7        0x080087c8        0x0 linker stubs
 *(.glue_7t)
 .glue_7t       0x080087c8        0x0 linker stubs
 *(.eh_frame)
 .eh_frame      0x080087c8        0x0 c:/ac6/systemworkbench/plugins/fr.ac6.mcu.externaltools.arm-none.win32_1.16.0.201807130628/tools/compiler/bin/../lib/gcc/arm-none-eabi/7.2.1/thumb/v7e-m/fpv4-sp/hard/crtbegin.o
 *(.init)
 .init          0x080087c8        0x4 c:/ac6/systemworkbench/plugins/fr.ac6.mcu.externaltools.arm-none.win32_1.16.0.201807130628/tools/compiler/bin/../lib/gcc/arm-none-eabi/7.2.1/thumb/v7e-m/fpv4-sp/hard/crti.o
                0x080087c8                _init
 .init          0x080087cc        0x8 c:/ac6/systemworkbench/plugins/fr.ac6.mcu.externaltools.arm-none.win32_1.16.0.201807130628/tools/compiler/bin/../lib/gcc/arm-none-eabi/7.2.1/thumb/v7e-m/fpv4-sp/hard/crtn.o
 *(.fini)
 .fini          0x080087d4        0x4 c:/ac6/systemworkbench/plugins/fr.ac6.mcu.externaltools.arm-none.win32_1.16.0.201807130628/tools/compiler/bin/../lib/gcc/arm-none-eabi/7.2.1/thumb/v7e-m/fpv4-sp/hard/crti.o
                0x080087d4                _fini
 .fini          0x080087d8        0x8 c:/ac6/systemworkbench/plugins/fr.ac6.mcu.externaltools.arm-none.win32_1.16.0.201807130628/tools/compiler/bin/../lib/gcc/arm-none-eabi/7.2.1/thumb/v7e-m/fpv4-sp/hard/crtn.o
                0x080087e0                . = ALIGN (0x8)
                0x080087e0                _etext = .

.vfp11_veneer   0x080087e0        0x0
 .vfp11_veneer  0x080087e0        0x0 linker stubs

.v4_bx          0x080087e0        0x0
 .v4_bx         0x080087e0        0x0 linker stubs

.iplt           0x080087e0        0x0
 .iplt          0x080087e0        0x0 c:/ac6/systemworkbench/plugins/fr.ac6.mcu.externaltools.arm-none.win32_1.16.0.201807130628/tools/compiler/bin/../lib/gcc/arm-none-eabi/7.2.1/thumb/v7e-m/fpv4-sp/hard/crtbegin.o

.rodata         0x080087e0      0x518
                0x080087e0                . = ALIGN (0x8)
 *(.rodata)
 .rodata        0x080087e0       0x10 Src/BallPositionTask.o
                0x080087e0                vtable for BallPositionTask
 .rodata        0x080087f0       0x10 Src/ControllerTask.o
                0x080087f0                vtable for ControllerTask
 .rodata        0x08008800       0x10 Src/EncoderTask.o
                0x08008800                vtable for EncoderTask
 .rodata        0x08008810       0x10 Src/LimitSwitchTask.o
                0x08008810                vtable for LimitSwitchTask
 .rodata        0x08008820       0x10 Src/MotorDriveTask.o
                0x08008820                vtable for MotorDriveTask
 .rodata        0x08008830       0x20 Src/emstream_uint32_t.o
 .rodata        0x08008850       0x20 Src/emstream_uint8_t.o
 .rodata        0x08008870       0x10 Src/main.o
                0x08008870                vtable for CommunicationTask
 .rodata        0x08008880       0x48 Src/system_stm32l4xx.o
                0x08008880                MSIRangeTable
                0x080088b0                AHBPrescTable
                0x080088c0                APBPrescTable
 .rodata        0x080088c8       0x10 Src/taskbase_status.o
                0x080088c8                vtable for TaskBase
 *(.rodata*)
 .rodata.str1.4
                0x080088d8        0x5 Middlewares/Third_Party/FreeRTOS/Source/tasks.o
 *fill*         0x080088dd        0x3 
 .rodata._ZTV9BaseShare
                0x080088e0        0xc Src/baseshare.o
                0x080088e0                vtable for BaseShare
 .rodata.str1.4
                0x080088ec       0x10 Src/emstream_roman.o
 .rodata._ZTV9TaskShareIbE
                0x080088fc        0xc Src/main.o
                0x080088fc                vtable for TaskShare<bool>
 .rodata._ZTV9TaskShareIfE
                0x08008908        0xc Src/main.o
                0x08008908                vtable for TaskShare<float>
 .rodata._ZTV9TaskShareItE
                0x08008914        0xc Src/main.o
                0x08008914                vtable for TaskShare<unsigned short>
 .rodata._ZN9TaskShareIbE13print_in_listEP8emstream.str1.4
                0x08008920        0x7 Src/main.o
 *fill*         0x08008927        0x1 
 .rodata.str1.4
                0x08008928      0x11a Src/main.o
                                0x12a (size before relaxing)
 *fill*         0x08008a42        0x2 
 .rodata.str1.4
                0x08008a44       0x54 Src/taskbase_status.o
                                 0x53 (size before relaxing)
 .rodata._printf_float.str1.1
                0x08008a98       0x12 c:/ac6/systemworkbench/plugins/fr.ac6.mcu.externaltools.arm-none.win32_1.16.0.201807130628/tools/compiler/bin/../lib/gcc/arm-none-eabi/7.2.1/../../../../arm-none-eabi/lib/thumb/v7e-m/fpv4-sp/hard\libc_nano.a(lib_a-nano-vfprintf_float.o)
 .rodata._printf_i.str1.1
                0x08008aaa       0x22 c:/ac6/systemworkbench/plugins/fr.ac6.mcu.externaltools.arm-none.win32_1.16.0.201807130628/tools/compiler/bin/../lib/gcc/arm-none-eabi/7.2.1/../../../../arm-none-eabi/lib/thumb/v7e-m/fpv4-sp/hard\libc_nano.a(lib_a-nano-vfprintf_i.o)
 .rodata._dtoa_r.str1.1
                0x08008acc        0xd c:/ac6/systemworkbench/plugins/fr.ac6.mcu.externaltools.arm-none.win32_1.16.0.201807130628/tools/compiler/bin/../lib/gcc/arm-none-eabi/7.2.1/../../../../arm-none-eabi/lib/thumb/v7e-m/fpv4-sp/hard\libc_nano.a(lib_a-dtoa.o)
                                  0xf (size before relaxing)
 *fill*         0x08008ad9        0x7 
 .rodata.__mprec_bigtens
                0x08008ae0       0x28 c:/ac6/systemworkbench/plugins/fr.ac6.mcu.externaltools.arm-none.win32_1.16.0.201807130628/tools/compiler/bin/../lib/gcc/arm-none-eabi/7.2.1/../../../../arm-none-eabi/lib/thumb/v7e-m/fpv4-sp/hard\libc_nano.a(lib_a-mprec.o)
                0x08008ae0                __mprec_bigtens
 .rodata.__mprec_tens
                0x08008b08       0xc8 c:/ac6/systemworkbench/plugins/fr.ac6.mcu.externaltools.arm-none.win32_1.16.0.201807130628/tools/compiler/bin/../lib/gcc/arm-none-eabi/7.2.1/../../../../arm-none-eabi/lib/thumb/v7e-m/fpv4-sp/hard\libc_nano.a(lib_a-mprec.o)
                0x08008b08                __mprec_tens
 .rodata.p05.7359
                0x08008bd0        0xc c:/ac6/systemworkbench/plugins/fr.ac6.mcu.externaltools.arm-none.win32_1.16.0.201807130628/tools/compiler/bin/../lib/gcc/arm-none-eabi/7.2.1/../../../../arm-none-eabi/lib/thumb/v7e-m/fpv4-sp/hard\libc_nano.a(lib_a-mprec.o)
 .rodata._svfprintf_r.str1.1
                0x08008bdc       0x11 c:/ac6/systemworkbench/plugins/fr.ac6.mcu.externaltools.arm-none.win32_1.16.0.201807130628/tools/compiler/bin/../lib/gcc/arm-none-eabi/7.2.1/../../../../arm-none-eabi/lib/thumb/v7e-m/fpv4-sp/hard\libc_nano.a(lib_a-nano-svfprintf.o)
 .rodata._setlocale_r.str1.1
                0x08008bed        0x8 c:/ac6/systemworkbench/plugins/fr.ac6.mcu.externaltools.arm-none.win32_1.16.0.201807130628/tools/compiler/bin/../lib/gcc/arm-none-eabi/7.2.1/../../../../arm-none-eabi/lib/thumb/v7e-m/fpv4-sp/hard\libc_nano.a(lib_a-locale.o)
                                  0x9 (size before relaxing)
 .rodata.str1.1
                0x08008bf5        0x2 c:/ac6/systemworkbench/plugins/fr.ac6.mcu.externaltools.arm-none.win32_1.16.0.201807130628/tools/compiler/bin/../lib/gcc/arm-none-eabi/7.2.1/../../../../arm-none-eabi/lib/thumb/v7e-m/fpv4-sp/hard\libc_nano.a(lib_a-locale.o)
 .rodata._ctype_
                0x08008bf7      0x101 c:/ac6/systemworkbench/plugins/fr.ac6.mcu.externaltools.arm-none.win32_1.16.0.201807130628/tools/compiler/bin/../lib/gcc/arm-none-eabi/7.2.1/../../../../arm-none-eabi/lib/thumb/v7e-m/fpv4-sp/hard\libc_nano.a(lib_a-ctype_.o)
                0x08008bf7                _ctype_
                0x08008cf8                . = ALIGN (0x8)

.ARM.extab      0x08008cf8        0x0
                0x08008cf8                . = ALIGN (0x8)
 *(.ARM.extab* .gnu.linkonce.armextab.*)
                0x08008cf8                . = ALIGN (0x8)

.ARM            0x08008cf8        0x8
                0x08008cf8                . = ALIGN (0x8)
                0x08008cf8                __exidx_start = .
 *(.ARM.exidx*)
 .ARM.exidx     0x08008cf8        0x8 c:/ac6/systemworkbench/plugins/fr.ac6.mcu.externaltools.arm-none.win32_1.16.0.201807130628/tools/compiler/bin/../lib/gcc/arm-none-eabi/7.2.1/thumb/v7e-m/fpv4-sp/hard\libgcc.a(_udivmoddi4.o)
                0x08008d00                __exidx_end = .
                0x08008d00                . = ALIGN (0x8)

.rel.dyn        0x08008d00        0x0
 .rel.iplt      0x08008d00        0x0 c:/ac6/systemworkbench/plugins/fr.ac6.mcu.externaltools.arm-none.win32_1.16.0.201807130628/tools/compiler/bin/../lib/gcc/arm-none-eabi/7.2.1/thumb/v7e-m/fpv4-sp/hard/crtbegin.o

.preinit_array  0x08008d00        0x0
                0x08008d00                . = ALIGN (0x8)
                0x08008d00                PROVIDE (__preinit_array_start, .)
 *(.preinit_array*)
                0x08008d00                PROVIDE (__preinit_array_end, .)
                0x08008d00                . = ALIGN (0x8)

.init_array     0x08008d00        0x8
                0x08008d00                . = ALIGN (0x8)
                0x08008d00                PROVIDE (__init_array_start, .)
 *(SORT_BY_NAME(.init_array.*))
 *(.init_array*)
 .init_array    0x08008d00        0x4 c:/ac6/systemworkbench/plugins/fr.ac6.mcu.externaltools.arm-none.win32_1.16.0.201807130628/tools/compiler/bin/../lib/gcc/arm-none-eabi/7.2.1/thumb/v7e-m/fpv4-sp/hard/crtbegin.o
                0x08008d04                PROVIDE (__init_array_end, .)
                0x08008d08                . = ALIGN (0x8)
 *fill*         0x08008d04        0x4 

.fini_array     0x08008d08        0x8
                0x08008d08                . = ALIGN (0x8)
                [!provide]                PROVIDE (__fini_array_start, .)
 *(SORT_BY_NAME(.fini_array.*))
 *(.fini_array*)
 .fini_array    0x08008d08        0x4 c:/ac6/systemworkbench/plugins/fr.ac6.mcu.externaltools.arm-none.win32_1.16.0.201807130628/tools/compiler/bin/../lib/gcc/arm-none-eabi/7.2.1/thumb/v7e-m/fpv4-sp/hard/crtbegin.o
                [!provide]                PROVIDE (__fini_array_end, .)
                0x08008d10                . = ALIGN (0x8)
 *fill*         0x08008d0c        0x4 
                0x08008d10                _sidata = LOADADDR (.data)

.data           0x20000000      0x1e0 load address 0x08008d10
                0x20000000                . = ALIGN (0x8)
                0x20000000                _sdata = .
 *(.data)
 .data          0x20000000        0x4 Middlewares/Third_Party/FreeRTOS/Source/portable/GCC/ARM_CM4F/port.o
 .data          0x20000004        0x2 Src/emstream.o
                0x20000004                bts_new_prec
                0x20000005                bts_new_base
 *fill*         0x20000006        0x2 
 .data          0x20000008        0x4 Src/system_stm32l4xx.o
                0x20000008                SystemCoreClock
 *(.data*)
 .data._impure_ptr
                0x2000000c        0x4 c:/ac6/systemworkbench/plugins/fr.ac6.mcu.externaltools.arm-none.win32_1.16.0.201807130628/tools/compiler/bin/../lib/gcc/arm-none-eabi/7.2.1/../../../../arm-none-eabi/lib/thumb/v7e-m/fpv4-sp/hard\libc_nano.a(lib_a-impure.o)
                0x2000000c                _impure_ptr
 .data.impure_data
                0x20000010       0x60 c:/ac6/systemworkbench/plugins/fr.ac6.mcu.externaltools.arm-none.win32_1.16.0.201807130628/tools/compiler/bin/../lib/gcc/arm-none-eabi/7.2.1/../../../../arm-none-eabi/lib/thumb/v7e-m/fpv4-sp/hard\libc_nano.a(lib_a-impure.o)
 .data.__global_locale
                0x20000070      0x16c c:/ac6/systemworkbench/plugins/fr.ac6.mcu.externaltools.arm-none.win32_1.16.0.201807130628/tools/compiler/bin/../lib/gcc/arm-none-eabi/7.2.1/../../../../arm-none-eabi/lib/thumb/v7e-m/fpv4-sp/hard\libc_nano.a(lib_a-locale.o)
                0x20000070                __global_locale
                0x200001e0                . = ALIGN (0x8)
 *fill*         0x200001dc        0x4 
                0x200001e0                _edata = .

.igot.plt       0x200001e0        0x0 load address 0x08008ef0
 .igot.plt      0x200001e0        0x0 c:/ac6/systemworkbench/plugins/fr.ac6.mcu.externaltools.arm-none.win32_1.16.0.201807130628/tools/compiler/bin/../lib/gcc/arm-none-eabi/7.2.1/thumb/v7e-m/fpv4-sp/hard/crtbegin.o
                0x200001e0                . = ALIGN (0x4)

.bss            0x200001e0     0x3e3c load address 0x08008ef0
                0x200001e0                _sbss = .
                0x200001e0                __bss_start__ = _sbss
 *(.bss)
 .bss           0x200001e0       0x1c c:/ac6/systemworkbench/plugins/fr.ac6.mcu.externaltools.arm-none.win32_1.16.0.201807130628/tools/compiler/bin/../lib/gcc/arm-none-eabi/7.2.1/thumb/v7e-m/fpv4-sp/hard/crtbegin.o
 .bss           0x200001fc      0x12c Middlewares/Third_Party/FreeRTOS/Source/tasks.o
                0x200002fc                pxCurrentTCB
 .bss           0x20000328        0x8 Middlewares/Third_Party/FreeRTOS/Source/portable/GCC/ARM_CM4F/port.o
 .bss           0x20000330     0x3ab0 Middlewares/Third_Party/FreeRTOS/Source/portable/MemMang/heap_4.o
 .bss           0x20003de0        0x8 Src/BallPositionTask.o
 .bss           0x20003de8        0x8 Src/ControllerTask.o
 .bss           0x20003df0        0x8 Src/EncoderTask.o
 .bss           0x20003df8        0x8 Src/LimitSwitchTask.o
 .bss           0x20003e00        0x8 Src/MotorDriveTask.o
 .bss           0x20003e08        0x4 Src/baseshare.o
                0x20003e08                BaseShare::p_newest
 .bss           0x20003e0c        0x4 Src/hacks.o
 .bss           0x20003e10      0x1f8 Src/main.o
                0x20003e10                huart2
                0x20003e88                hi2c1
                0x20003ed4                hspi2
                0x20003f38                hadc3
                0x20003f9c                htim1
                0x20003fdc                p_safe
                0x20003fe0                p_ball_position
                0x20003fe4                p_ball_velocity
                0x20003fe8                p_beam_angle
                0x20003fec                p_beam_ang_velocity
                0x20003ff0                p_motor_voltage_pwm
                0x20003ff4                p_set_ball_position
                0x20003ff8                p_adc_reading
                0x20003ffc                p_encoder_reading
 .bss           0x20004008        0x4 Src/taskbase.o
                0x20004008                last_created_task_pointer
 *(.bss*)
 .bss.__malloc_free_list
                0x2000400c        0x4 c:/ac6/systemworkbench/plugins/fr.ac6.mcu.externaltools.arm-none.win32_1.16.0.201807130628/tools/compiler/bin/../lib/gcc/arm-none-eabi/7.2.1/../../../../arm-none-eabi/lib/thumb/v7e-m/fpv4-sp/hard\libc_nano.a(lib_a-nano-mallocr.o)
                0x2000400c                __malloc_free_list
 .bss.__malloc_sbrk_start
                0x20004010        0x4 c:/ac6/systemworkbench/plugins/fr.ac6.mcu.externaltools.arm-none.win32_1.16.0.201807130628/tools/compiler/bin/../lib/gcc/arm-none-eabi/7.2.1/../../../../arm-none-eabi/lib/thumb/v7e-m/fpv4-sp/hard\libc_nano.a(lib_a-nano-mallocr.o)
                0x20004010                __malloc_sbrk_start
 *(COMMON)
 COMMON         0x20004014        0x4 Drivers/STM32L4xx_HAL_Driver/Src/stm32l4xx_hal.o
                0x20004014                uwTick
 COMMON         0x20004018        0x4 c:/ac6/systemworkbench/plugins/fr.ac6.mcu.externaltools.arm-none.win32_1.16.0.201807130628/tools/compiler/bin/../lib/gcc/arm-none-eabi/7.2.1/../../../../arm-none-eabi/lib/thumb/v7e-m/fpv4-sp/hard\libc_nano.a(lib_a-reent.o)
                0x20004018                errno
                0x2000401c                . = ALIGN (0x4)
                0x2000401c                _ebss = .
                0x2000401c                __bss_end__ = _ebss

._user_heap_stack
                0x2000401c      0x604 load address 0x08008ef0
                0x20004020                . = ALIGN (0x8)
 *fill*         0x2000401c        0x4 
                [!provide]                PROVIDE (end, .)
                [!provide]                PROVIDE (_end, .)
                0x20004220                . = (. + _Min_Heap_Size)
 *fill*         0x20004020      0x200 
                0x20004620                . = (. + _Min_Stack_Size)
 *fill*         0x20004220      0x400 
                0x20004620                . = ALIGN (0x8)

/DISCARD/
 libc.a(*)
 libm.a(*)
 libgcc.a(*)

.ARM.attributes
                0x00000000       0x30
 *(.ARM.attributes)
 .ARM.attributes
                0x00000000       0x22 c:/ac6/systemworkbench/plugins/fr.ac6.mcu.externaltools.arm-none.win32_1.16.0.201807130628/tools/compiler/bin/../lib/gcc/arm-none-eabi/7.2.1/thumb/v7e-m/fpv4-sp/hard/crti.o
 .ARM.attributes
                0x00000022       0x34 c:/ac6/systemworkbench/plugins/fr.ac6.mcu.externaltools.arm-none.win32_1.16.0.201807130628/tools/compiler/bin/../lib/gcc/arm-none-eabi/7.2.1/thumb/v7e-m/fpv4-sp/hard/crtbegin.o
 .ARM.attributes
                0x00000056       0x39 Drivers/STM32L4xx_HAL_Driver/Src/stm32l4xx_hal.o
 .ARM.attributes
                0x0000008f       0x39 Drivers/STM32L4xx_HAL_Driver/Src/stm32l4xx_hal_adc.o
 .ARM.attributes
                0x000000c8       0x39 Drivers/STM32L4xx_HAL_Driver/Src/stm32l4xx_hal_cortex.o
 .ARM.attributes
                0x00000101       0x39 Drivers/STM32L4xx_HAL_Driver/Src/stm32l4xx_hal_gpio.o
 .ARM.attributes
                0x0000013a       0x39 Drivers/STM32L4xx_HAL_Driver/Src/stm32l4xx_hal_i2c.o
 .ARM.attributes
                0x00000173       0x39 Drivers/STM32L4xx_HAL_Driver/Src/stm32l4xx_hal_i2c_ex.o
 .ARM.attributes
                0x000001ac       0x39 Drivers/STM32L4xx_HAL_Driver/Src/stm32l4xx_hal_pwr_ex.o
 .ARM.attributes
                0x000001e5       0x39 Drivers/STM32L4xx_HAL_Driver/Src/stm32l4xx_hal_rcc.o
 .ARM.attributes
                0x0000021e       0x39 Drivers/STM32L4xx_HAL_Driver/Src/stm32l4xx_hal_rcc_ex.o
 .ARM.attributes
                0x00000257       0x39 Drivers/STM32L4xx_HAL_Driver/Src/stm32l4xx_hal_spi.o
 .ARM.attributes
                0x00000290       0x39 Drivers/STM32L4xx_HAL_Driver/Src/stm32l4xx_hal_tim.o
 .ARM.attributes
                0x000002c9       0x39 Drivers/STM32L4xx_HAL_Driver/Src/stm32l4xx_hal_tim_ex.o
 .ARM.attributes
                0x00000302       0x39 Drivers/STM32L4xx_HAL_Driver/Src/stm32l4xx_hal_uart.o
 .ARM.attributes
                0x0000033b       0x39 Middlewares/Third_Party/FreeRTOS/Source/CMSIS_RTOS/cmsis_os.o
 .ARM.attributes
                0x00000374       0x39 Middlewares/Third_Party/FreeRTOS/Source/list.o
 .ARM.attributes
                0x000003ad       0x39 Middlewares/Third_Party/FreeRTOS/Source/tasks.o
 .ARM.attributes
                0x000003e6       0x39 Middlewares/Third_Party/FreeRTOS/Source/portable/GCC/ARM_CM4F/port.o
 .ARM.attributes
                0x0000041f       0x39 Middlewares/Third_Party/FreeRTOS/Source/portable/MemMang/heap_4.o
 .ARM.attributes
                0x00000458       0x39 Src/BallPositionTask.o
 .ARM.attributes
                0x00000491       0x39 Src/ControllerTask.o
 .ARM.attributes
                0x000004ca       0x39 Src/EncoderTask.o
 .ARM.attributes
                0x00000503       0x39 Src/LimitSwitchTask.o
 .ARM.attributes
                0x0000053c       0x39 Src/MotorDriveTask.o
 .ARM.attributes
                0x00000575       0x39 Src/baseshare.o
 .ARM.attributes
                0x000005ae       0x39 Src/emstream.o
 .ARM.attributes
                0x000005e7       0x39 Src/emstream_roman.o
 .ARM.attributes
                0x00000620       0x39 Src/emstream_uint32_t.o
 .ARM.attributes
                0x00000659       0x39 Src/emstream_uint8_t.o
 .ARM.attributes
                0x00000692       0x39 Src/hacks.o
 .ARM.attributes
                0x000006cb       0x39 Src/main.o
 .ARM.attributes
                0x00000704       0x39 Src/stm32l4xx_hal_msp.o
 .ARM.attributes
                0x0000073d       0x39 Src/stm32l4xx_it.o
 .ARM.attributes
                0x00000776       0x39 Src/system_stm32l4xx.o
 .ARM.attributes
                0x000007af       0x39 Src/taskbase.o
 .ARM.attributes
                0x000007e8       0x39 Src/taskbase_status.o
 .ARM.attributes
                0x00000821       0x21 startup/startup_stm32l476xx.o
 .ARM.attributes
                0x00000842       0x34 c:/ac6/systemworkbench/plugins/fr.ac6.mcu.externaltools.arm-none.win32_1.16.0.201807130628/tools/compiler/bin/../lib/gcc/arm-none-eabi/7.2.1/../../../../arm-none-eabi/lib/thumb/v7e-m/fpv4-sp/hard\libm.a(lib_a-s_fmin.o)
 .ARM.attributes
                0x00000876       0x34 c:/ac6/systemworkbench/plugins/fr.ac6.mcu.externaltools.arm-none.win32_1.16.0.201807130628/tools/compiler/bin/../lib/gcc/arm-none-eabi/7.2.1/../../../../arm-none-eabi/lib/thumb/v7e-m/fpv4-sp/hard\libm.a(lib_a-s_fpclassify.o)
 .ARM.attributes
                0x000008aa       0x22 c:/ac6/systemworkbench/plugins/fr.ac6.mcu.externaltools.arm-none.win32_1.16.0.201807130628/tools/compiler/bin/../lib/gcc/arm-none-eabi/7.2.1/thumb/v7e-m/fpv4-sp/hard\libgcc.a(_arm_addsubdf3.o)
 .ARM.attributes
                0x000008cc       0x22 c:/ac6/systemworkbench/plugins/fr.ac6.mcu.externaltools.arm-none.win32_1.16.0.201807130628/tools/compiler/bin/../lib/gcc/arm-none-eabi/7.2.1/thumb/v7e-m/fpv4-sp/hard\libgcc.a(_arm_muldivdf3.o)
 .ARM.attributes
                0x000008ee       0x22 c:/ac6/systemworkbench/plugins/fr.ac6.mcu.externaltools.arm-none.win32_1.16.0.201807130628/tools/compiler/bin/../lib/gcc/arm-none-eabi/7.2.1/thumb/v7e-m/fpv4-sp/hard\libgcc.a(_arm_cmpdf2.o)
 .ARM.attributes
                0x00000910       0x22 c:/ac6/systemworkbench/plugins/fr.ac6.mcu.externaltools.arm-none.win32_1.16.0.201807130628/tools/compiler/bin/../lib/gcc/arm-none-eabi/7.2.1/thumb/v7e-m/fpv4-sp/hard\libgcc.a(_arm_fixunsdfsi.o)
 .ARM.attributes
                0x00000932       0x22 c:/ac6/systemworkbench/plugins/fr.ac6.mcu.externaltools.arm-none.win32_1.16.0.201807130628/tools/compiler/bin/../lib/gcc/arm-none-eabi/7.2.1/thumb/v7e-m/fpv4-sp/hard\libgcc.a(_arm_truncdfsf2.o)
 .ARM.attributes
                0x00000954       0x22 c:/ac6/systemworkbench/plugins/fr.ac6.mcu.externaltools.arm-none.win32_1.16.0.201807130628/tools/compiler/bin/../lib/gcc/arm-none-eabi/7.2.1/thumb/v7e-m/fpv4-sp/hard\libgcc.a(_aeabi_uldivmod.o)
 .ARM.attributes
                0x00000976       0x34 c:/ac6/systemworkbench/plugins/fr.ac6.mcu.externaltools.arm-none.win32_1.16.0.201807130628/tools/compiler/bin/../lib/gcc/arm-none-eabi/7.2.1/thumb/v7e-m/fpv4-sp/hard\libgcc.a(_udivmoddi4.o)
 .ARM.attributes
                0x000009aa       0x22 c:/ac6/systemworkbench/plugins/fr.ac6.mcu.externaltools.arm-none.win32_1.16.0.201807130628/tools/compiler/bin/../lib/gcc/arm-none-eabi/7.2.1/thumb/v7e-m/fpv4-sp/hard\libgcc.a(_dvmd_tls.o)
 .ARM.attributes
                0x000009cc       0x34 c:/ac6/systemworkbench/plugins/fr.ac6.mcu.externaltools.arm-none.win32_1.16.0.201807130628/tools/compiler/bin/../lib/gcc/arm-none-eabi/7.2.1/../../../../arm-none-eabi/lib/thumb/v7e-m/fpv4-sp/hard\libc_nano.a(lib_a-calloc.o)
 .ARM.attributes
                0x00000a00       0x34 c:/ac6/systemworkbench/plugins/fr.ac6.mcu.externaltools.arm-none.win32_1.16.0.201807130628/tools/compiler/bin/../lib/gcc/arm-none-eabi/7.2.1/../../../../arm-none-eabi/lib/thumb/v7e-m/fpv4-sp/hard\libc_nano.a(lib_a-impure.o)
 .ARM.attributes
                0x00000a34       0x34 c:/ac6/systemworkbench/plugins/fr.ac6.mcu.externaltools.arm-none.win32_1.16.0.201807130628/tools/compiler/bin/../lib/gcc/arm-none-eabi/7.2.1/../../../../arm-none-eabi/lib/thumb/v7e-m/fpv4-sp/hard\libc_nano.a(lib_a-init.o)
 .ARM.attributes
                0x00000a68       0x34 c:/ac6/systemworkbench/plugins/fr.ac6.mcu.externaltools.arm-none.win32_1.16.0.201807130628/tools/compiler/bin/../lib/gcc/arm-none-eabi/7.2.1/../../../../arm-none-eabi/lib/thumb/v7e-m/fpv4-sp/hard\libc_nano.a(lib_a-memcpy-stub.o)
 .ARM.attributes
                0x00000a9c       0x34 c:/ac6/systemworkbench/plugins/fr.ac6.mcu.externaltools.arm-none.win32_1.16.0.201807130628/tools/compiler/bin/../lib/gcc/arm-none-eabi/7.2.1/../../../../arm-none-eabi/lib/thumb/v7e-m/fpv4-sp/hard\libc_nano.a(lib_a-memset.o)
 .ARM.attributes
                0x00000ad0       0x34 c:/ac6/systemworkbench/plugins/fr.ac6.mcu.externaltools.arm-none.win32_1.16.0.201807130628/tools/compiler/bin/../lib/gcc/arm-none-eabi/7.2.1/../../../../arm-none-eabi/lib/thumb/v7e-m/fpv4-sp/hard\libc_nano.a(lib_a-nano-callocr.o)
 .ARM.attributes
                0x00000b04       0x34 c:/ac6/systemworkbench/plugins/fr.ac6.mcu.externaltools.arm-none.win32_1.16.0.201807130628/tools/compiler/bin/../lib/gcc/arm-none-eabi/7.2.1/../../../../arm-none-eabi/lib/thumb/v7e-m/fpv4-sp/hard\libc_nano.a(lib_a-nano-mallocr.o)
 .ARM.attributes
                0x00000b38       0x34 c:/ac6/systemworkbench/plugins/fr.ac6.mcu.externaltools.arm-none.win32_1.16.0.201807130628/tools/compiler/bin/../lib/gcc/arm-none-eabi/7.2.1/../../../../arm-none-eabi/lib/thumb/v7e-m/fpv4-sp/hard\libc_nano.a(lib_a-nano-vfprintf_float.o)
 .ARM.attributes
                0x00000b6c       0x34 c:/ac6/systemworkbench/plugins/fr.ac6.mcu.externaltools.arm-none.win32_1.16.0.201807130628/tools/compiler/bin/../lib/gcc/arm-none-eabi/7.2.1/../../../../arm-none-eabi/lib/thumb/v7e-m/fpv4-sp/hard\libc_nano.a(lib_a-nano-vfprintf_i.o)
 .ARM.attributes
                0x00000ba0       0x34 c:/ac6/systemworkbench/plugins/fr.ac6.mcu.externaltools.arm-none.win32_1.16.0.201807130628/tools/compiler/bin/../lib/gcc/arm-none-eabi/7.2.1/../../../../arm-none-eabi/lib/thumb/v7e-m/fpv4-sp/hard\libc_nano.a(lib_a-sbrkr.o)
 .ARM.attributes
                0x00000bd4       0x34 c:/ac6/systemworkbench/plugins/fr.ac6.mcu.externaltools.arm-none.win32_1.16.0.201807130628/tools/compiler/bin/../lib/gcc/arm-none-eabi/7.2.1/../../../../arm-none-eabi/lib/thumb/v7e-m/fpv4-sp/hard\libc_nano.a(lib_a-sprintf.o)
 .ARM.attributes
                0x00000c08       0x1b c:/ac6/systemworkbench/plugins/fr.ac6.mcu.externaltools.arm-none.win32_1.16.0.201807130628/tools/compiler/bin/../lib/gcc/arm-none-eabi/7.2.1/../../../../arm-none-eabi/lib/thumb/v7e-m/fpv4-sp/hard\libc_nano.a(lib_a-strlen.o)
 .ARM.attributes
                0x00000c23       0x34 c:/ac6/systemworkbench/plugins/fr.ac6.mcu.externaltools.arm-none.win32_1.16.0.201807130628/tools/compiler/bin/../lib/gcc/arm-none-eabi/7.2.1/../../../../arm-none-eabi/lib/thumb/v7e-m/fpv4-sp/hard\libc_nano.a(lib_a-strncpy.o)
 .ARM.attributes
                0x00000c57       0x34 c:/ac6/systemworkbench/plugins/fr.ac6.mcu.externaltools.arm-none.win32_1.16.0.201807130628/tools/compiler/bin/../lib/gcc/arm-none-eabi/7.2.1/../../../../arm-none-eabi/lib/thumb/v7e-m/fpv4-sp/hard\libc_nano.a(lib_a-dtoa.o)
 .ARM.attributes
                0x00000c8b       0x34 c:/ac6/systemworkbench/plugins/fr.ac6.mcu.externaltools.arm-none.win32_1.16.0.201807130628/tools/compiler/bin/../lib/gcc/arm-none-eabi/7.2.1/../../../../arm-none-eabi/lib/thumb/v7e-m/fpv4-sp/hard\libc_nano.a(lib_a-localeconv.o)
 .ARM.attributes
                0x00000cbf       0x34 c:/ac6/systemworkbench/plugins/fr.ac6.mcu.externaltools.arm-none.win32_1.16.0.201807130628/tools/compiler/bin/../lib/gcc/arm-none-eabi/7.2.1/../../../../arm-none-eabi/lib/thumb/v7e-m/fpv4-sp/hard\libc_nano.a(lib_a-malloc.o)
 .ARM.attributes
                0x00000cf3       0x20 c:/ac6/systemworkbench/plugins/fr.ac6.mcu.externaltools.arm-none.win32_1.16.0.201807130628/tools/compiler/bin/../lib/gcc/arm-none-eabi/7.2.1/../../../../arm-none-eabi/lib/thumb/v7e-m/fpv4-sp/hard\libc_nano.a(lib_a-memchr.o)
 .ARM.attributes
                0x00000d13       0x34 c:/ac6/systemworkbench/plugins/fr.ac6.mcu.externaltools.arm-none.win32_1.16.0.201807130628/tools/compiler/bin/../lib/gcc/arm-none-eabi/7.2.1/../../../../arm-none-eabi/lib/thumb/v7e-m/fpv4-sp/hard\libc_nano.a(lib_a-mlock.o)
 .ARM.attributes
                0x00000d47       0x34 c:/ac6/systemworkbench/plugins/fr.ac6.mcu.externaltools.arm-none.win32_1.16.0.201807130628/tools/compiler/bin/../lib/gcc/arm-none-eabi/7.2.1/../../../../arm-none-eabi/lib/thumb/v7e-m/fpv4-sp/hard\libc_nano.a(lib_a-mprec.o)
 .ARM.attributes
                0x00000d7b       0x34 c:/ac6/systemworkbench/plugins/fr.ac6.mcu.externaltools.arm-none.win32_1.16.0.201807130628/tools/compiler/bin/../lib/gcc/arm-none-eabi/7.2.1/../../../../arm-none-eabi/lib/thumb/v7e-m/fpv4-sp/hard\libc_nano.a(lib_a-nano-freer.o)
 .ARM.attributes
                0x00000daf       0x34 c:/ac6/systemworkbench/plugins/fr.ac6.mcu.externaltools.arm-none.win32_1.16.0.201807130628/tools/compiler/bin/../lib/gcc/arm-none-eabi/7.2.1/../../../../arm-none-eabi/lib/thumb/v7e-m/fpv4-sp/hard\libc_nano.a(lib_a-nano-svfprintf.o)
 .ARM.attributes
                0x00000de3       0x34 c:/ac6/systemworkbench/plugins/fr.ac6.mcu.externaltools.arm-none.win32_1.16.0.201807130628/tools/compiler/bin/../lib/gcc/arm-none-eabi/7.2.1/../../../../arm-none-eabi/lib/thumb/v7e-m/fpv4-sp/hard\libc_nano.a(lib_a-reent.o)
 .ARM.attributes
                0x00000e17       0x34 c:/ac6/systemworkbench/plugins/fr.ac6.mcu.externaltools.arm-none.win32_1.16.0.201807130628/tools/compiler/bin/../lib/gcc/arm-none-eabi/7.2.1/../../../../arm-none-eabi/lib/thumb/v7e-m/fpv4-sp/hard\libc_nano.a(lib_a-locale.o)
 .ARM.attributes
                0x00000e4b       0x34 c:/ac6/systemworkbench/plugins/fr.ac6.mcu.externaltools.arm-none.win32_1.16.0.201807130628/tools/compiler/bin/../lib/gcc/arm-none-eabi/7.2.1/../../../../arm-none-eabi/lib/thumb/v7e-m/fpv4-sp/hard\libc_nano.a(lib_a-mbtowc_r.o)
 .ARM.attributes
                0x00000e7f       0x34 c:/ac6/systemworkbench/plugins/fr.ac6.mcu.externaltools.arm-none.win32_1.16.0.201807130628/tools/compiler/bin/../lib/gcc/arm-none-eabi/7.2.1/../../../../arm-none-eabi/lib/thumb/v7e-m/fpv4-sp/hard\libc_nano.a(lib_a-memmove.o)
 .ARM.attributes
                0x00000eb3       0x34 c:/ac6/systemworkbench/plugins/fr.ac6.mcu.externaltools.arm-none.win32_1.16.0.201807130628/tools/compiler/bin/../lib/gcc/arm-none-eabi/7.2.1/../../../../arm-none-eabi/lib/thumb/v7e-m/fpv4-sp/hard\libc_nano.a(lib_a-nano-reallocr.o)
 .ARM.attributes
                0x00000ee7       0x34 c:/ac6/systemworkbench/plugins/fr.ac6.mcu.externaltools.arm-none.win32_1.16.0.201807130628/tools/compiler/bin/../lib/gcc/arm-none-eabi/7.2.1/../../../../arm-none-eabi/lib/thumb/v7e-m/fpv4-sp/hard\libc_nano.a(lib_a-wctomb_r.o)
 .ARM.attributes
                0x00000f1b       0x34 c:/ac6/systemworkbench/plugins/fr.ac6.mcu.externaltools.arm-none.win32_1.16.0.201807130628/tools/compiler/bin/../lib/gcc/arm-none-eabi/7.2.1/../../../../arm-none-eabi/lib/thumb/v7e-m/fpv4-sp/hard\libc_nano.a(lib_a-ctype_.o)
 .ARM.attributes
                0x00000f4f       0x34 c:/ac6/systemworkbench/plugins/fr.ac6.mcu.externaltools.arm-none.win32_1.16.0.201807130628/tools/compiler/bin/../lib/gcc/arm-none-eabi/7.2.1/../../../../arm-none-eabi/lib/thumb/v7e-m/fpv4-sp/hard\libc_nano.a(lib_a-nano-msizer.o)
 .ARM.attributes
                0x00000f83       0x22 c:/ac6/systemworkbench/plugins/fr.ac6.mcu.externaltools.arm-none.win32_1.16.0.201807130628/tools/compiler/bin/../lib/gcc/arm-none-eabi/7.2.1/thumb/v7e-m/fpv4-sp/hard\libgcc.a(_arm_unorddf2.o)
 .ARM.attributes
                0x00000fa5       0x22 c:/ac6/systemworkbench/plugins/fr.ac6.mcu.externaltools.arm-none.win32_1.16.0.201807130628/tools/compiler/bin/../lib/gcc/arm-none-eabi/7.2.1/thumb/v7e-m/fpv4-sp/hard\libgcc.a(_arm_fixdfsi.o)
 .ARM.attributes
                0x00000fc7       0x22 c:/ac6/systemworkbench/plugins/fr.ac6.mcu.externaltools.arm-none.win32_1.16.0.201807130628/tools/compiler/bin/../lib/gcc/arm-none-eabi/7.2.1/thumb/v7e-m/fpv4-sp/hard/crtn.o
OUTPUT(BallRail_Nucleo.elf elf32-littlearm)

.debug_info     0x00000000    0x30fe7
 .debug_info    0x00000000      0xbf5 Drivers/STM32L4xx_HAL_Driver/Src/stm32l4xx_hal.o
 .debug_info    0x00000bf5     0x296f Drivers/STM32L4xx_HAL_Driver/Src/stm32l4xx_hal_adc.o
 .debug_info    0x00003564      0xf6e Drivers/STM32L4xx_HAL_Driver/Src/stm32l4xx_hal_cortex.o
 .debug_info    0x000044d2      0x85c Drivers/STM32L4xx_HAL_Driver/Src/stm32l4xx_hal_gpio.o
 .debug_info    0x00004d2e     0x38b4 Drivers/STM32L4xx_HAL_Driver/Src/stm32l4xx_hal_i2c.o
 .debug_info    0x000085e2      0xa40 Drivers/STM32L4xx_HAL_Driver/Src/stm32l4xx_hal_i2c_ex.o
 .debug_info    0x00009022      0xae8 Drivers/STM32L4xx_HAL_Driver/Src/stm32l4xx_hal_pwr_ex.o
 .debug_info    0x00009b0a      0xe15 Drivers/STM32L4xx_HAL_Driver/Src/stm32l4xx_hal_rcc.o
 .debug_info    0x0000a91f     0x1174 Drivers/STM32L4xx_HAL_Driver/Src/stm32l4xx_hal_rcc_ex.o
 .debug_info    0x0000ba93     0x1de1 Drivers/STM32L4xx_HAL_Driver/Src/stm32l4xx_hal_spi.o
 .debug_info    0x0000d874     0x2fc2 Drivers/STM32L4xx_HAL_Driver/Src/stm32l4xx_hal_tim.o
 .debug_info    0x00010836     0x151d Drivers/STM32L4xx_HAL_Driver/Src/stm32l4xx_hal_tim_ex.o
 .debug_info    0x00011d53     0x1be3 Drivers/STM32L4xx_HAL_Driver/Src/stm32l4xx_hal_uart.o
 .debug_info    0x00013936     0x2338 Middlewares/Third_Party/FreeRTOS/Source/CMSIS_RTOS/cmsis_os.o
 .debug_info    0x00015c6e      0xad2 Middlewares/Third_Party/FreeRTOS/Source/list.o
 .debug_info    0x00016740     0x2b24 Middlewares/Third_Party/FreeRTOS/Source/tasks.o
 .debug_info    0x00019264      0x56f Middlewares/Third_Party/FreeRTOS/Source/portable/GCC/ARM_CM4F/port.o
 .debug_info    0x000197d3      0xc71 Middlewares/Third_Party/FreeRTOS/Source/portable/MemMang/heap_4.o
 .debug_info    0x0001a444     0x14bf Src/BallPositionTask.o
 .debug_info    0x0001b903     0x1bdc Src/ControllerTask.o
 .debug_info    0x0001d4df     0x155f Src/EncoderTask.o
 .debug_info    0x0001ea3e     0x1547 Src/LimitSwitchTask.o
 .debug_info    0x0001ff85     0x14ed Src/MotorDriveTask.o
 .debug_info    0x00021472      0xb92 Src/baseshare.o
 .debug_info    0x00022004      0xbca Src/emstream.o
 .debug_info    0x00022bce     0x10de Src/emstream_roman.o
 .debug_info    0x00023cac     0x100b Src/emstream_uint32_t.o
 .debug_info    0x00024cb7     0x1026 Src/emstream_uint8_t.o
 .debug_info    0x00025cdd     0x1055 Src/hacks.o
 .debug_info    0x00026d32     0x5582 Src/main.o
 .debug_info    0x0002c2b4     0x1949 Src/stm32l4xx_hal_msp.o
 .debug_info    0x0002dbfd      0x1fd Src/stm32l4xx_it.o
 .debug_info    0x0002ddfa      0x5cd Src/system_stm32l4xx.o
 .debug_info    0x0002e3c7     0x135a Src/taskbase.o
 .debug_info    0x0002f721     0x18a4 Src/taskbase_status.o
 .debug_info    0x00030fc5       0x22 startup/startup_stm32l476xx.o

.debug_abbrev   0x00000000     0x6c6e
 .debug_abbrev  0x00000000      0x1fc Drivers/STM32L4xx_HAL_Driver/Src/stm32l4xx_hal.o
 .debug_abbrev  0x000001fc      0x2a3 Drivers/STM32L4xx_HAL_Driver/Src/stm32l4xx_hal_adc.o
 .debug_abbrev  0x0000049f      0x2fa Drivers/STM32L4xx_HAL_Driver/Src/stm32l4xx_hal_cortex.o
 .debug_abbrev  0x00000799      0x1de Drivers/STM32L4xx_HAL_Driver/Src/stm32l4xx_hal_gpio.o
 .debug_abbrev  0x00000977      0x25d Drivers/STM32L4xx_HAL_Driver/Src/stm32l4xx_hal_i2c.o
 .debug_abbrev  0x00000bd4      0x1b9 Drivers/STM32L4xx_HAL_Driver/Src/stm32l4xx_hal_i2c_ex.o
 .debug_abbrev  0x00000d8d      0x1fc Drivers/STM32L4xx_HAL_Driver/Src/stm32l4xx_hal_pwr_ex.o
 .debug_abbrev  0x00000f89      0x22c Drivers/STM32L4xx_HAL_Driver/Src/stm32l4xx_hal_rcc.o
 .debug_abbrev  0x000011b5      0x24c Drivers/STM32L4xx_HAL_Driver/Src/stm32l4xx_hal_rcc_ex.o
 .debug_abbrev  0x00001401      0x238 Drivers/STM32L4xx_HAL_Driver/Src/stm32l4xx_hal_spi.o
 .debug_abbrev  0x00001639      0x21b Drivers/STM32L4xx_HAL_Driver/Src/stm32l4xx_hal_tim.o
 .debug_abbrev  0x00001854      0x246 Drivers/STM32L4xx_HAL_Driver/Src/stm32l4xx_hal_tim_ex.o
 .debug_abbrev  0x00001a9a      0x24d Drivers/STM32L4xx_HAL_Driver/Src/stm32l4xx_hal_uart.o
 .debug_abbrev  0x00001ce7      0x3d4 Middlewares/Third_Party/FreeRTOS/Source/CMSIS_RTOS/cmsis_os.o
 .debug_abbrev  0x000020bb      0x223 Middlewares/Third_Party/FreeRTOS/Source/list.o
 .debug_abbrev  0x000022de      0x3b1 Middlewares/Third_Party/FreeRTOS/Source/tasks.o
 .debug_abbrev  0x0000268f      0x23d Middlewares/Third_Party/FreeRTOS/Source/portable/GCC/ARM_CM4F/port.o
 .debug_abbrev  0x000028cc      0x318 Middlewares/Third_Party/FreeRTOS/Source/portable/MemMang/heap_4.o
 .debug_abbrev  0x00002be4      0x483 Src/BallPositionTask.o
 .debug_abbrev  0x00003067      0x4f3 Src/ControllerTask.o
 .debug_abbrev  0x0000355a      0x4c2 Src/EncoderTask.o
 .debug_abbrev  0x00003a1c      0x4bd Src/LimitSwitchTask.o