Archive member included to satisfy reference by file (symbol)

/home/aaron/Ac6/SystemWorkbench/plugins/fr.ac6.mcu.externaltools.arm-none.linux64_1.16.0.201807130628/tools/compiler/bin/../lib/gcc/arm-none-eabi/7.2.1/thumb/v7e-m/fpv4-sp/hard/libgcc.a(_arm_truncdfsf2.o)
                              Src/emstream_float.o (__aeabi_d2f)
/home/aaron/Ac6/SystemWorkbench/plugins/fr.ac6.mcu.externaltools.arm-none.linux64_1.16.0.201807130628/tools/compiler/bin/../lib/gcc/arm-none-eabi/7.2.1/thumb/v7e-m/fpv4-sp/hard/libgcc.a(_aeabi_ldivmod.o)
                              Src/emstream_int64_t.o (__aeabi_ldivmod)
/home/aaron/Ac6/SystemWorkbench/plugins/fr.ac6.mcu.externaltools.arm-none.linux64_1.16.0.201807130628/tools/compiler/bin/../lib/gcc/arm-none-eabi/7.2.1/thumb/v7e-m/fpv4-sp/hard/libgcc.a(_aeabi_uldivmod.o)
                              Drivers/STM32L4xx_HAL_Driver/Src/stm32l4xx_hal_uart.o (__aeabi_uldivmod)
/home/aaron/Ac6/SystemWorkbench/plugins/fr.ac6.mcu.externaltools.arm-none.linux64_1.16.0.201807130628/tools/compiler/bin/../lib/gcc/arm-none-eabi/7.2.1/thumb/v7e-m/fpv4-sp/hard/libgcc.a(_udivmoddi4.o)
                              /home/aaron/Ac6/SystemWorkbench/plugins/fr.ac6.mcu.externaltools.arm-none.linux64_1.16.0.201807130628/tools/compiler/bin/../lib/gcc/arm-none-eabi/7.2.1/thumb/v7e-m/fpv4-sp/hard/libgcc.a(_aeabi_ldivmod.o) (__udivmoddi4)
/home/aaron/Ac6/SystemWorkbench/plugins/fr.ac6.mcu.externaltools.arm-none.linux64_1.16.0.201807130628/tools/compiler/bin/../lib/gcc/arm-none-eabi/7.2.1/thumb/v7e-m/fpv4-sp/hard/libgcc.a(_dvmd_tls.o)
                              /home/aaron/Ac6/SystemWorkbench/plugins/fr.ac6.mcu.externaltools.arm-none.linux64_1.16.0.201807130628/tools/compiler/bin/../lib/gcc/arm-none-eabi/7.2.1/thumb/v7e-m/fpv4-sp/hard/libgcc.a(_aeabi_ldivmod.o) (__aeabi_ldiv0)
/home/aaron/Ac6/SystemWorkbench/plugins/fr.ac6.mcu.externaltools.arm-none.linux64_1.16.0.201807130628/tools/compiler/bin/../lib/gcc/arm-none-eabi/7.2.1/../../../../arm-none-eabi/lib/thumb/v7e-m/fpv4-sp/hard/libc_nano.a(lib_a-exit.o)
                              /home/aaron/Ac6/SystemWorkbench/plugins/fr.ac6.mcu.externaltools.arm-none.linux64_1.16.0.201807130628/tools/compiler/bin/../lib/gcc/arm-none-eabi/7.2.1/../../../../arm-none-eabi/lib/thumb/v7e-m/fpv4-sp/hard/crt0.o (exit)
/home/aaron/Ac6/SystemWorkbench/plugins/fr.ac6.mcu.externaltools.arm-none.linux64_1.16.0.201807130628/tools/compiler/bin/../lib/gcc/arm-none-eabi/7.2.1/../../../../arm-none-eabi/lib/thumb/v7e-m/fpv4-sp/hard/libc_nano.a(lib_a-impure.o)
                              /home/aaron/Ac6/SystemWorkbench/plugins/fr.ac6.mcu.externaltools.arm-none.linux64_1.16.0.201807130628/tools/compiler/bin/../lib/gcc/arm-none-eabi/7.2.1/../../../../arm-none-eabi/lib/thumb/v7e-m/fpv4-sp/hard/libc_nano.a(lib_a-exit.o) (_global_impure_ptr)
/home/aaron/Ac6/SystemWorkbench/plugins/fr.ac6.mcu.externaltools.arm-none.linux64_1.16.0.201807130628/tools/compiler/bin/../lib/gcc/arm-none-eabi/7.2.1/../../../../arm-none-eabi/lib/thumb/v7e-m/fpv4-sp/hard/libc_nano.a(lib_a-init.o)
                              /home/aaron/Ac6/SystemWorkbench/plugins/fr.ac6.mcu.externaltools.arm-none.linux64_1.16.0.201807130628/tools/compiler/bin/../lib/gcc/arm-none-eabi/7.2.1/../../../../arm-none-eabi/lib/thumb/v7e-m/fpv4-sp/hard/crt0.o (__libc_init_array)
/home/aaron/Ac6/SystemWorkbench/plugins/fr.ac6.mcu.externaltools.arm-none.linux64_1.16.0.201807130628/tools/compiler/bin/../lib/gcc/arm-none-eabi/7.2.1/../../../../arm-none-eabi/lib/thumb/v7e-m/fpv4-sp/hard/libc_nano.a(lib_a-memcpy-stub.o)
                              Middlewares/Third_Party/FreeRTOS/Source/queue.o (memcpy)
/home/aaron/Ac6/SystemWorkbench/plugins/fr.ac6.mcu.externaltools.arm-none.linux64_1.16.0.201807130628/tools/compiler/bin/../lib/gcc/arm-none-eabi/7.2.1/../../../../arm-none-eabi/lib/thumb/v7e-m/fpv4-sp/hard/libc_nano.a(lib_a-memset.o)
                              /home/aaron/Ac6/SystemWorkbench/plugins/fr.ac6.mcu.externaltools.arm-none.linux64_1.16.0.201807130628/tools/compiler/bin/../lib/gcc/arm-none-eabi/7.2.1/../../../../arm-none-eabi/lib/thumb/v7e-m/fpv4-sp/hard/crt0.o (memset)
/home/aaron/Ac6/SystemWorkbench/plugins/fr.ac6.mcu.externaltools.arm-none.linux64_1.16.0.201807130628/tools/compiler/bin/../lib/gcc/arm-none-eabi/7.2.1/../../../../arm-none-eabi/lib/thumb/v7e-m/fpv4-sp/hard/libc_nano.a(lib_a-strlen.o)
                              Src/baseshare.o (strlen)
/home/aaron/Ac6/SystemWorkbench/plugins/fr.ac6.mcu.externaltools.arm-none.linux64_1.16.0.201807130628/tools/compiler/bin/../lib/gcc/arm-none-eabi/7.2.1/../../../../arm-none-eabi/lib/thumb/v7e-m/fpv4-sp/hard/libc_nano.a(lib_a-strncpy.o)
                              Src/baseshare.o (strncpy)
/home/aaron/Ac6/SystemWorkbench/plugins/fr.ac6.mcu.externaltools.arm-none.linux64_1.16.0.201807130628/tools/compiler/bin/../lib/gcc/arm-none-eabi/7.2.1/../../../../arm-none-eabi/lib/thumb/v7e-m/fpv4-sp/hard/libnosys.a(_exit.o)
[...]
Memory Configuration

Name             Origin             Length             Attributes
RAM              0x0000000020000000 0x0000000000018000 xrw
RAM2             0x0000000010000000 0x0000000000008000 xrw
FLASH            0x0000000008000000 0x0000000000100000 xr
*default*        0x0000000000000000 0xffffffffffffffff

Linker script and memory map

LOAD /home/aaron/Ac6/SystemWorkbench/plugins/fr.ac6.mcu.externaltools.arm-none.linux64_1.16.0.201807130628/tools/compiler/bin/../lib/gcc/arm-none-eabi/7.2.1/thumb/v7e-m/fpv4-sp/hard/crti.o
LOAD /home/aaron/Ac6/SystemWorkbench/plugins/fr.ac6.mcu.externaltools.arm-none.linux64_1.16.0.201807130628/tools/compiler/bin/../lib/gcc/arm-none-eabi/7.2.1/thumb/v7e-m/fpv4-sp/hard/crtbegin.o
LOAD /home/aaron/Ac6/SystemWorkbench/plugins/fr.ac6.mcu.externaltools.arm-none.linux64_1.16.0.201807130628/tools/compiler/bin/../lib/gcc/arm-none-eabi/7.2.1/../../../../arm-none-eabi/lib/thumb/v7e-m/fpv4-sp/hard/crt0.o
LOAD Drivers/STM32L4xx_HAL_Driver/Src/stm32l4xx_hal.o
LOAD Drivers/STM32L4xx_HAL_Driver/Src/stm32l4xx_hal_adc.o
LOAD Drivers/STM32L4xx_HAL_Driver/Src/stm32l4xx_hal_adc_ex.o
LOAD Drivers/STM32L4xx_HAL_Driver/Src/stm32l4xx_hal_cortex.o
LOAD Drivers/STM32L4xx_HAL_Driver/Src/stm32l4xx_hal_dma.o
LOAD Drivers/STM32L4xx_HAL_Driver/Src/stm32l4xx_hal_dma_ex.o
LOAD Drivers/STM32L4xx_HAL_Driver/Src/stm32l4xx_hal_flash.o
LOAD Drivers/STM32L4xx_HAL_Driver/Src/stm32l4xx_hal_flash_ex.o
LOAD Drivers/STM32L4xx_HAL_Driver/Src/stm32l4xx_hal_flash_ramfunc.o
LOAD Drivers/STM32L4xx_HAL_Driver/Src/stm32l4xx_hal_gpio.o
LOAD Drivers/STM32L4xx_HAL_Driver/Src/stm32l4xx_hal_i2c.o
LOAD Drivers/STM32L4xx_HAL_Driver/Src/stm32l4xx_hal_i2c_ex.o
LOAD Drivers/STM32L4xx_HAL_Driver/Src/stm32l4xx_hal_pwr.o
LOAD Drivers/STM32L4xx_HAL_Driver/Src/stm32l4xx_hal_pwr_ex.o
LOAD Drivers/STM32L4xx_HAL_Driver/Src/stm32l4xx_hal_rcc.o
LOAD Drivers/STM32L4xx_HAL_Driver/Src/stm32l4xx_hal_rcc_ex.o
LOAD Drivers/STM32L4xx_HAL_Driver/Src/stm32l4xx_hal_spi.o
LOAD Drivers/STM32L4xx_HAL_Driver/Src/stm32l4xx_hal_spi_ex.o
LOAD Drivers/STM32L4xx_HAL_Driver/Src/stm32l4xx_hal_tim.o
LOAD Drivers/STM32L4xx_HAL_Driver/Src/stm32l4xx_hal_tim_ex.o
LOAD Drivers/STM32L4xx_HAL_Driver/Src/stm32l4xx_hal_uart.o
LOAD Drivers/STM32L4xx_HAL_Driver/Src/stm32l4xx_hal_uart_ex.o
LOAD Middlewares/Third_Party/FreeRTOS/Source/CMSIS_RTOS/cmsis_os.o
LOAD Middlewares/Third_Party/FreeRTOS/Source/croutine.o
LOAD Middlewares/Third_Party/FreeRTOS/Source/event_groups.o
LOAD Middlewares/Third_Party/FreeRTOS/Source/list.o
LOAD Middlewares/Third_Party/FreeRTOS/Source/queue.o
LOAD Middlewares/Third_Party/FreeRTOS/Source/stream_buffer.o
LOAD Middlewares/Third_Party/FreeRTOS/Source/tasks.o
LOAD Middlewares/Third_Party/FreeRTOS/Source/timers.o
LOAD Middlewares/Third_Party/FreeRTOS/Source/portable/GCC/ARM_CM4F/port.o
LOAD Middlewares/Third_Party/FreeRTOS/Source/portable/MemMang/heap_4.o
LOAD Src/baseshare.o
LOAD Src/emstream.o
LOAD Src/emstream_bool.o
LOAD Src/emstream_float.o
LOAD Src/emstream_int16_t.o
LOAD Src/emstream_int32_t.o
LOAD Src/emstream_int64_t.o
LOAD Src/emstream_int8_t.o
LOAD Src/emstream_pointer.o
LOAD Src/emstream_roman.o
LOAD Src/emstream_uint16_t.o
LOAD Src/emstream_uint32_t.o
LOAD Src/emstream_uint64_t.o
LOAD Src/emstream_uint8_t.o
LOAD Src/freertos.o
LOAD Src/hacks.o
LOAD Src/main.o
LOAD Src/stm32l4xx_hal_msp.o
LOAD Src/stm32l4xx_it.o
LOAD Src/system_stm32l4xx.o
LOAD Src/taskbase.o
LOAD Src/taskbase_stackprt.o
LOAD Src/taskbase_status.o
LOAD Src/textqueue.o
LOAD startup/startup_stm32l476xx.o
LOAD /home/aaron/Ac6/SystemWorkbench/plugins/fr.ac6.mcu.externaltools.arm-none.linux64_1.16.0.201807130628/tools/compiler/bin/../lib/gcc/arm-none-eabi/7.2.1/../../../../arm-none-eabi/lib/thumb/v7e-m/fpv4-sp/hard/libstdc++_nano.a
LOAD /home/aaron/Ac6/SystemWorkbench/plugins/fr.ac6.mcu.externaltools.arm-none.linux64_1.16.0.201807130628/tools/compiler/bin/../lib/gcc/arm-none-eabi/7.2.1/../../../../arm-none-eabi/lib/thumb/v7e-m/fpv4-sp/hard/libm.a
START GROUP
LOAD /home/aaron/Ac6/SystemWorkbench/plugins/fr.ac6.mcu.externaltools.arm-none.linux64_1.16.0.201807130628/tools/compiler/bin/../lib/gcc/arm-none-eabi/7.2.1/thumb/v7e-m/fpv4-sp/hard/libgcc.a
LOAD /home/aaron/Ac6/SystemWorkbench/plugins/fr.ac6.mcu.externaltools.arm-none.linux64_1.16.0.201807130628/tools/compiler/bin/../lib/gcc/arm-none-eabi/7.2.1/../../../../arm-none-eabi/lib/thumb/v7e-m/fpv4-sp/hard/libc_nano.a
END GROUP
START GROUP
LOAD /home/aaron/Ac6/SystemWorkbench/plugins/fr.ac6.mcu.externaltools.arm-none.linux64_1.16.0.201807130628/tools/compiler/bin/../lib/gcc/arm-none-eabi/7.2.1/thumb/v7e-m/fpv4-sp/hard/libgcc.a
LOAD /home/aaron/Ac6/SystemWorkbench/plugins/fr.ac6.mcu.externaltools.arm-none.linux64_1.16.0.201807130628/tools/compiler/bin/../lib/gcc/arm-none-eabi/7.2.1/../../../../arm-none-eabi/lib/thumb/v7e-m/fpv4-sp/hard/libc_nano.a
LOAD /home/aaron/Ac6/SystemWorkbench/plugins/fr.ac6.mcu.externaltools.arm-none.linux64_1.16.0.201807130628/tools/compiler/bin/../lib/gcc/arm-none-eabi/7.2.1/../../../../arm-none-eabi/lib/thumb/v7e-m/fpv4-sp/hard/libnosys.a
END GROUP
START GROUP
LOAD /home/aaron/Ac6/SystemWorkbench/plugins/fr.ac6.mcu.externaltools.arm-none.linux64_1.16.0.201807130628/tools/compiler/bin/../lib/gcc/arm-none-eabi/7.2.1/thumb/v7e-m/fpv4-sp/hard/libgcc.a
LOAD /home/aaron/Ac6/SystemWorkbench/plugins/fr.ac6.mcu.externaltools.arm-none.linux64_1.16.0.201807130628/tools/compiler/bin/../lib/gcc/arm-none-eabi/7.2.1/../../../../arm-none-eabi/lib/thumb/v7e-m/fpv4-sp/hard/libc_nano.a
LOAD /home/aaron/Ac6/SystemWorkbench/plugins/fr.ac6.mcu.externaltools.arm-none.linux64_1.16.0.201807130628/tools/compiler/bin/../lib/gcc/arm-none-eabi/7.2.1/../../../../arm-none-eabi/lib/thumb/v7e-m/fpv4-sp/hard/libnosys.a
END GROUP
LOAD /home/aaron/Ac6/SystemWorkbench/plugins/fr.ac6.mcu.externaltools.arm-none.linux64_1.16.0.201807130628/tools/compiler/bin/../lib/gcc/arm-none-eabi/7.2.1/thumb/v7e-m/fpv4-sp/hard/crtend.o
LOAD /home/aaron/Ac6/SystemWorkbench/plugins/fr.ac6.mcu.externaltools.arm-none.linux64_1.16.0.201807130628/tools/compiler/bin/../lib/gcc/arm-none-eabi/7.2.1/thumb/v7e-m/fpv4-sp/hard/crtn.o
                0x0000000020018000                _estack = 0x20018000
                0x0000000000000200                _Min_Heap_Size = 0x200
                0x0000000000000400                _Min_Stack_Size = 0x400

.isr_vector     0x0000000008000000      0x188
                0x0000000008000000                . = ALIGN (0x8)
 *(.isr_vector)
 .isr_vector    0x0000000008000000      0x188 startup/startup_stm32l476xx.o
                0x0000000008000000                g_pfnVectors
                0x0000000008000188                . = ALIGN (0x8)

.text           0x0000000008000190     0x3da8
                0x0000000008000190                . = ALIGN (0x8)
 *(.text)
 .text          0x0000000008000190       0x40 /home/aaron/Ac6/SystemWorkbench/plugins/fr.ac6.mcu.externaltools.arm-none.linux64_1.16.0.201807130628/tools/compiler/bin/../lib/gcc/arm-none-eabi/7.2.1/thumb/v7e-m/fpv4-sp/hard/crtbegin.o
 .text          0x00000000080001d0       0x30 /home/aaron/Ac6/SystemWorkbench/plugins/fr.ac6.mcu.externaltools.arm-none.linux64_1.16.0.201807130628/tools/compiler/bin/../lib/gcc/arm-none-eabi/7.2.1/thumb/v7e-m/fpv4-sp/hard/libgcc.a(_aeabi_uldivmod.o)
                0x00000000080001d0                __aeabi_uldivmod
 .text          0x0000000008000200      0x2cc /home/aaron/Ac6/SystemWorkbench/plugins/fr.ac6.mcu.externaltools.arm-none.linux64_1.16.0.201807130628/tools/compiler/bin/../lib/gcc/arm-none-eabi/7.2.1/thumb/v7e-m/fpv4-sp/hard/libgcc.a(_udivmoddi4.o)
                0x0000000008000200                __udivmoddi4
 .text          0x00000000080004cc        0x4 /home/aaron/Ac6/SystemWorkbench/plugins/fr.ac6.mcu.externaltools.arm-none.linux64_1.16.0.201807130628/tools/compiler/bin/../lib/gcc/arm-none-eabi/7.2.1/thumb/v7e-m/fpv4-sp/hard/libgcc.a(_dvmd_tls.o)
                0x00000000080004cc                __aeabi_ldiv0
                0x00000000080004cc                __aeabi_idiv0
 .text          0x00000000080004d0       0x10 /home/aaron/Ac6/SystemWorkbench/plugins/fr.ac6.mcu.externaltools.arm-none.linux64_1.16.0.201807130628/tools/compiler/bin/../lib/gcc/arm-none-eabi/7.2.1/../../../../arm-none-eabi/lib/thumb/v7e-m/fpv4-sp/hard/libc_nano.a(lib_a-strlen.o)
                0x00000000080004d0                strlen
 *(.text*)
 .text.HAL_InitTick
                0x00000000080004e0       0x34 Drivers/STM32L4xx_HAL_Driver/Src/stm32l4xx_hal.o
                0x00000000080004e0                HAL_InitTick
 .text.HAL_Init
                0x0000000008000514       0x2c Drivers/STM32L4xx_HAL_Driver/Src/stm32l4xx_hal.o
                0x0000000008000514                HAL_Init
 .text.HAL_IncTick
                0x0000000008000540       0x10 Drivers/STM32L4xx_HAL_Driver/Src/stm32l4xx_hal.o
                0x0000000008000540                HAL_IncTick
 .text.HAL_GetTick
                0x0000000008000550        0xc Drivers/STM32L4xx_HAL_Driver/Src/stm32l4xx_hal.o
                0x0000000008000550                HAL_GetTick
 .text.HAL_ADC_Init
                0x000000000800055c      0x218 Drivers/STM32L4xx_HAL_Driver/Src/stm32l4xx_hal_adc.o
                0x000000000800055c                HAL_ADC_Init
 .text.HAL_ADC_ConfigChannel
                0x0000000008000774      0x440 Drivers/STM32L4xx_HAL_Driver/Src/stm32l4xx_hal_adc.o
                0x0000000008000774                HAL_ADC_ConfigChannel
 .text.HAL_NVIC_SetPriorityGrouping
                0x0000000008000bb4       0x24 Drivers/STM32L4xx_HAL_Driver/Src/stm32l4xx_hal_cortex.o
                0x0000000008000bb4                HAL_NVIC_SetPriorityGrouping
 .text.HAL_NVIC_SetPriority
                0x0000000008000bd8       0x68 Drivers/STM32L4xx_HAL_Driver/Src/stm32l4xx_hal_cortex.o
                0x0000000008000bd8                HAL_NVIC_SetPriority
 .text.HAL_SYSTICK_Config
                0x0000000008000c40       0x2c Drivers/STM32L4xx_HAL_Driver/Src/stm32l4xx_hal_cortex.o
                0x0000000008000c40                HAL_SYSTICK_Config
 .text.HAL_SYSTICK_CLKSourceConfig
                0x0000000008000c6c       0x20 Drivers/STM32L4xx_HAL_Driver/Src/stm32l4xx_hal_cortex.o
                0x0000000008000c6c                HAL_SYSTICK_CLKSourceConfig
 .text.HAL_GPIO_Init
                0x0000000008000c8c      0x1d4 Drivers/STM32L4xx_HAL_Driver/Src/stm32l4xx_hal_gpio.o
                0x0000000008000c8c                HAL_GPIO_Init
 .text.HAL_GPIO_WritePin
                0x0000000008000e60        0xa Drivers/STM32L4xx_HAL_Driver/Src/stm32l4xx_hal_gpio.o
                0x0000000008000e60                HAL_GPIO_WritePin
 .text.HAL_I2C_Init
                0x0000000008000e6a       0xbc Drivers/STM32L4xx_HAL_Driver/Src/stm32l4xx_hal_i2c.o
                0x0000000008000e6a                HAL_I2C_Init
 .text.HAL_I2CEx_ConfigAnalogFilter
                0x0000000008000f26       0x5c Drivers/STM32L4xx_HAL_Driver/Src/stm32l4xx_hal_i2c_ex.o
                0x0000000008000f26                HAL_I2CEx_ConfigAnalogFilter
 .text.HAL_I2CEx_ConfigDigitalFilter
                0x0000000008000f82       0x58 Drivers/STM32L4xx_HAL_Driver/Src/stm32l4xx_hal_i2c_ex.o
                0x0000000008000f82                HAL_I2CEx_ConfigDigitalFilter
 *fill*         0x0000000008000fda        0x2 
 .text.HAL_PWREx_GetVoltageRange
                0x0000000008000fdc       0x10 Drivers/STM32L4xx_HAL_Driver/Src/stm32l4xx_hal_pwr_ex.o
                0x0000000008000fdc                HAL_PWREx_GetVoltageRange
 .text.HAL_PWREx_ControlVoltageScaling
                0x0000000008000fec       0x90 Drivers/STM32L4xx_HAL_Driver/Src/stm32l4xx_hal_pwr_ex.o
                0x0000000008000fec                HAL_PWREx_ControlVoltageScaling
 .text.RCC_SetFlashLatencyFromMSIRange
                0x000000000800107c       0x90 Drivers/STM32L4xx_HAL_Driver/Src/stm32l4xx_hal_rcc.o
 .text.HAL_RCC_GetSysClockFreq
                0x000000000800110c       0xd8 Drivers/STM32L4xx_HAL_Driver/Src/stm32l4xx_hal_rcc.o
                0x000000000800110c                HAL_RCC_GetSysClockFreq
 .text.HAL_RCC_OscConfig
                0x00000000080011e4      0x550 Drivers/STM32L4xx_HAL_Driver/Src/stm32l4xx_hal_rcc.o
                0x00000000080011e4                HAL_RCC_OscConfig
 .text.HAL_RCC_ClockConfig
                0x0000000008001734      0x154 Drivers/STM32L4xx_HAL_Driver/Src/stm32l4xx_hal_rcc.o
                0x0000000008001734                HAL_RCC_ClockConfig
 .text.HAL_RCC_GetHCLKFreq
                0x0000000008001888        0xc Drivers/STM32L4xx_HAL_Driver/Src/stm32l4xx_hal_rcc.o
                0x0000000008001888                HAL_RCC_GetHCLKFreq
 .text.HAL_RCC_GetPCLK1Freq
                0x0000000008001894       0x24 Drivers/STM32L4xx_HAL_Driver/Src/stm32l4xx_hal_rcc.o
                0x0000000008001894                HAL_RCC_GetPCLK1Freq
 .text.HAL_RCC_GetPCLK2Freq
                0x00000000080018b8       0x24 Drivers/STM32L4xx_HAL_Driver/Src/stm32l4xx_hal_rcc.o
                0x00000000080018b8                HAL_RCC_GetPCLK2Freq
 .text.RCCEx_PLLSAI1_Config
                0x00000000080018dc      0x170 Drivers/STM32L4xx_HAL_Driver/Src/stm32l4xx_hal_rcc_ex.o
 .text.RCCEx_PLLSAI2_Config
                0x0000000008001a4c      0x14c Drivers/STM32L4xx_HAL_Driver/Src/stm32l4xx_hal_rcc_ex.o
 .text.HAL_RCCEx_PeriphCLKConfig
                0x0000000008001b98      0x450 Drivers/STM32L4xx_HAL_Driver/Src/stm32l4xx_hal_rcc_ex.o
                0x0000000008001b98                HAL_RCCEx_PeriphCLKConfig
 .text.HAL_SPI_Init
                0x0000000008001fe8       0xb0 Drivers/STM32L4xx_HAL_Driver/Src/stm32l4xx_hal_spi.o
                0x0000000008001fe8                HAL_SPI_Init
 .text.UART_SetConfig
                0x0000000008002098      0x424 Drivers/STM32L4xx_HAL_Driver/Src/stm32l4xx_hal_uart.o
                0x0000000008002098                UART_SetConfig
 .text.UART_AdvFeatureConfig
                0x00000000080024bc       0xca Drivers/STM32L4xx_HAL_Driver/Src/stm32l4xx_hal_uart.o
                0x00000000080024bc                UART_AdvFeatureConfig
 .text.UART_WaitOnFlagUntilTimeout
                0x0000000008002586       0x62 Drivers/STM32L4xx_HAL_Driver/Src/stm32l4xx_hal_uart.o
                0x0000000008002586                UART_WaitOnFlagUntilTimeout
 .text.UART_CheckIdleState
                0x00000000080025e8       0x70 Drivers/STM32L4xx_HAL_Driver/Src/stm32l4xx_hal_uart.o
                0x00000000080025e8                UART_CheckIdleState
 .text.HAL_UART_Init
                0x0000000008002658       0x66 Drivers/STM32L4xx_HAL_Driver/Src/stm32l4xx_hal_uart.o
                0x0000000008002658                HAL_UART_Init
 .text.osSystickHandler
                0x00000000080026be       0x10 Middlewares/Third_Party/FreeRTOS/Source/CMSIS_RTOS/cmsis_os.o
                0x00000000080026be                osSystickHandler
 .text.vListInitialise
                0x00000000080026ce       0x16 Middlewares/Third_Party/FreeRTOS/Source/list.o
                0x00000000080026ce                vListInitialise
 .text.vListInitialiseItem
                0x00000000080026e4        0x6 Middlewares/Third_Party/FreeRTOS/Source/list.o
                0x00000000080026e4                vListInitialiseItem
 .text.vListInsertEnd
                0x00000000080026ea       0x18 Middlewares/Third_Party/FreeRTOS/Source/list.o
                0x00000000080026ea                vListInsertEnd
 .text.vListInsert
                0x0000000008002702       0x34 Middlewares/Third_Party/FreeRTOS/Source/list.o
                0x0000000008002702                vListInsert
 .text.uxListRemove
                0x0000000008002736       0x28 Middlewares/Third_Party/FreeRTOS/Source/list.o
                0x0000000008002736                uxListRemove
 *fill*         0x000000000800275e        0x2 
 .text.prvResetNextTaskUnblockTime
                0x0000000008002760       0x24 Middlewares/Third_Party/FreeRTOS/Source/tasks.o
 .text.prvDeleteTCB
                0x0000000008002784       0x12 Middlewares/Third_Party/FreeRTOS/Source/tasks.o
 .text.prvInitialiseNewTask
                0x0000000008002796       0x80 Middlewares/Third_Party/FreeRTOS/Source/tasks.o
 *fill*         0x0000000008002816        0x2 
 .text.prvInitialiseTaskLists
                0x0000000008002818       0x58 Middlewares/Third_Party/FreeRTOS/Source/tasks.o
 .text.prvAddNewTaskToReadyList
                0x0000000008002870       0xac Middlewares/Third_Party/FreeRTOS/Source/tasks.o
 .text.prvCheckTasksWaitingTermination
                0x000000000800291c       0x44 Middlewares/Third_Party/FreeRTOS/Source/tasks.o
 .text.prvIdleTask
                0x0000000008002960       0x28 Middlewares/Third_Party/FreeRTOS/Source/tasks.o
 .text.prvAddCurrentTaskToDelayedList
                0x0000000008002988       0x88 Middlewares/Third_Party/FreeRTOS/Source/tasks.o
 .text.xTaskCreate
                0x0000000008002a10       0x62 Middlewares/Third_Party/FreeRTOS/Source/tasks.o
                0x0000000008002a10                xTaskCreate
 *fill*         0x0000000008002a72        0x2 
 .text.vTaskDelete
                0x0000000008002a74       0xdc Middlewares/Third_Party/FreeRTOS/Source/tasks.o
                0x0000000008002a74                vTaskDelete
 .text.uxTaskPriorityGet
                0x0000000008002b50       0x20 Middlewares/Third_Party/FreeRTOS/Source/tasks.o
                0x0000000008002b50                uxTaskPriorityGet
 .text.vTaskStartScheduler
                0x0000000008002b70       0x74 Middlewares/Third_Party/FreeRTOS/Source/tasks.o
                0x0000000008002b70                vTaskStartScheduler
 .text.vTaskSuspendAll
                0x0000000008002be4       0x14 Middlewares/Third_Party/FreeRTOS/Source/tasks.o
                0x0000000008002be4                vTaskSuspendAll
 .text.xTaskGetTickCount
                0x0000000008002bf8        0xc Middlewares/Third_Party/FreeRTOS/Source/tasks.o
                0x0000000008002bf8                xTaskGetTickCount
 .text.pcTaskGetName
                0x0000000008002c04       0x2c Middlewares/Third_Party/FreeRTOS/Source/tasks.o
                0x0000000008002c04                pcTaskGetName
 .text.xTaskIncrementTick
                0x0000000008002c30      0x10c Middlewares/Third_Party/FreeRTOS/Source/tasks.o
                0x0000000008002c30                xTaskIncrementTick
 .text.xTaskResumeAll
                0x0000000008002d3c       0xf0 Middlewares/Third_Party/FreeRTOS/Source/tasks.o
                0x0000000008002d3c                xTaskResumeAll
 .text.vTaskDelayUntil
                0x0000000008002e2c       0xa4 Middlewares/Third_Party/FreeRTOS/Source/tasks.o
                0x0000000008002e2c                vTaskDelayUntil
 .text.vTaskDelay
                0x0000000008002ed0       0x4c Middlewares/Third_Party/FreeRTOS/Source/tasks.o
                0x0000000008002ed0                vTaskDelay
 .text.vTaskSwitchContext
                0x0000000008002f1c       0x90 Middlewares/Third_Party/FreeRTOS/Source/tasks.o
                0x0000000008002f1c                vTaskSwitchContext
 .text.xTaskGetSchedulerState
                0x0000000008002fac       0x20 Middlewares/Third_Party/FreeRTOS/Source/tasks.o
                0x0000000008002fac                xTaskGetSchedulerState
 .text.prvTaskExitError
                0x0000000008002fcc       0x40 Middlewares/Third_Party/FreeRTOS/Source/portable/GCC/ARM_CM4F/port.o
 .text.prvPortStartFirstTask
                0x000000000800300c       0x28 Middlewares/Third_Party/FreeRTOS/Source/portable/GCC/ARM_CM4F/port.o
 .text.vPortEnableVFP
                0x0000000008003034       0x14 Middlewares/Third_Party/FreeRTOS/Source/portable/GCC/ARM_CM4F/port.o
 .text.pxPortInitialiseStack
                0x0000000008003048       0x2c Middlewares/Third_Party/FreeRTOS/Source/portable/GCC/ARM_CM4F/port.o
                0x0000000008003048                pxPortInitialiseStack
 *fill*         0x0000000008003074        0xc 
 .text.SVC_Handler
                0x0000000008003080       0x24 Middlewares/Third_Party/FreeRTOS/Source/portable/GCC/ARM_CM4F/port.o
                0x0000000008003080                SVC_Handler
 .text.vPortEnterCritical
                0x00000000080030a4       0x44 Middlewares/Third_Party/FreeRTOS/Source/portable/GCC/ARM_CM4F/port.o
                0x00000000080030a4                vPortEnterCritical
 .text.vPortExitCritical
                0x00000000080030e8       0x2c Middlewares/Third_Party/FreeRTOS/Source/portable/GCC/ARM_CM4F/port.o
                0x00000000080030e8                vPortExitCritical
 *fill*         0x0000000008003114        0xc 
 .text.PendSV_Handler
                0x0000000008003120       0x64 Middlewares/Third_Party/FreeRTOS/Source/portable/GCC/ARM_CM4F/port.o
                0x0000000008003120                PendSV_Handler
 .text.xPortSysTickHandler
                0x0000000008003184       0x2c Middlewares/Third_Party/FreeRTOS/Source/portable/GCC/ARM_CM4F/port.o
                0x0000000008003184                xPortSysTickHandler
 .text.vPortSetupTimerInterrupt
                0x00000000080031b0       0x38 Middlewares/Third_Party/FreeRTOS/Source/portable/GCC/ARM_CM4F/port.o
                0x00000000080031b0                vPortSetupTimerInterrupt
 .text.xPortStartScheduler
                0x00000000080031e8      0x108 Middlewares/Third_Party/FreeRTOS/Source/portable/GCC/ARM_CM4F/port.o
                0x00000000080031e8                xPortStartScheduler
 .text.prvHeapInit
                0x00000000080032f0       0x58 Middlewares/Third_Party/FreeRTOS/Source/portable/MemMang/heap_4.o
 .text.prvInsertBlockIntoFreeList
                0x0000000008003348       0x58 Middlewares/Third_Party/FreeRTOS/Source/portable/MemMang/heap_4.o
 .text.pvPortMalloc
                0x00000000080033a0      0x10c Middlewares/Third_Party/FreeRTOS/Source/portable/MemMang/heap_4.o
                0x00000000080033a0                pvPortMalloc
 .text.vPortFree
                0x00000000080034ac       0x70 Middlewares/Third_Party/FreeRTOS/Source/portable/MemMang/heap_4.o
                0x00000000080034ac                vPortFree
 .text._ZN8emstream4putsEPKc
                0x000000000800351c       0x18 Src/emstream.o
                0x000000000800351c                emstream::puts(char const*)
 .text._ZN8emstream18print_roman_digitsEhh
                0x0000000008003534       0xb8 Src/emstream_roman.o
                0x0000000008003534                emstream::print_roman_digits(unsigned char, unsigned char)
 .text._ZN8emstream11print_romanEt
                0x00000000080035ec       0x74 Src/emstream_roman.o
                0x00000000080035ec                emstream::print_roman(unsigned short)
 .text._ZN8emstreamlsEm
                0x0000000008003660       0x70 Src/emstream_uint32_t.o
                0x0000000008003660                emstream::operator<<(unsigned long)
 .text._ZN8emstreamlsEh
                0x00000000080036d0       0x78 Src/emstream_uint8_t.o
                0x00000000080036d0                emstream::operator<<(unsigned char)
 .text._Znwj    0x0000000008003748        0x8 Src/hacks.o
                0x0000000008003748                operator new(unsigned int)
 .text.__cxa_guard_acquire
                0x0000000008003750        0xa Src/hacks.o
                0x0000000008003750                __cxa_guard_acquire
 .text.__cxa_guard_release
                0x000000000800375a        0x6 Src/hacks.o
                0x000000000800375a                __cxa_guard_release
 .text.__cxa_pure_virtual
                0x0000000008003760        0x2 Src/hacks.o
                0x0000000008003760                __cxa_pure_virtual
 *fill*         0x0000000008003762        0x2 
 .text._ZN11LEDTestTask3runEv
                0x0000000008003764       0x48 Src/main.o
                0x0000000008003764                LEDTestTask::run()
 .text._ZL12MX_GPIO_Initv
                0x00000000080037ac       0x98 Src/main.o
 .text._ZN11LEDTestTaskC2EPKcmjP8emstream
                0x0000000008003844       0x1c Src/main.o
                0x0000000008003844                LEDTestTask::LEDTestTask(char const*, unsigned long, unsigned int, emstream*)
                0x0000000008003844                LEDTestTask::LEDTestTask(char const*, unsigned long, unsigned int, emstream*)
 .text._Error_Handler
                0x0000000008003860        0x2 Src/main.o
                0x0000000008003860                _Error_Handler
 *fill*         0x0000000008003862        0x2 
 .text._ZL19MX_USART2_UART_Initv
                0x0000000008003864       0x44 Src/main.o
 .text._ZL12MX_I2C1_Initv
                0x00000000080038a8       0x80 Src/main.o
 .text._ZL12MX_SPI2_Initv
                0x0000000008003928       0x74 Src/main.o
 .text._ZL12MX_ADC3_Initv
                0x000000000800399c       0xa8 Src/main.o
 .text._Z18SystemClock_Configv
                0x0000000008003a44       0xdc Src/main.o
                0x0000000008003a44                SystemClock_Config()
 .text.main     0x0000000008003b20       0x44 Src/main.o
                0x0000000008003b20                main
 .text.HAL_MspInit
                0x0000000008003b64       0x90 Src/stm32l4xx_hal_msp.o
                0x0000000008003b64                HAL_MspInit
 .text.HAL_ADC_MspInit
                0x0000000008003bf4       0x4c Src/stm32l4xx_hal_msp.o
                0x0000000008003bf4                HAL_ADC_MspInit
 .text.HAL_I2C_MspInit
                0x0000000008003c40       0x54 Src/stm32l4xx_hal_msp.o
                0x0000000008003c40                HAL_I2C_MspInit
 .text.HAL_SPI_MspInit
                0x0000000008003c94       0x68 Src/stm32l4xx_hal_msp.o
                0x0000000008003c94                HAL_SPI_MspInit
 .text.HAL_UART_MspInit
                0x0000000008003cfc       0x4c Src/stm32l4xx_hal_msp.o
                0x0000000008003cfc                HAL_UART_MspInit
 .text.NMI_Handler
                0x0000000008003d48        0x2 Src/stm32l4xx_it.o
                0x0000000008003d48                NMI_Handler
 .text.HardFault_Handler
                0x0000000008003d4a        0x2 Src/stm32l4xx_it.o
                0x0000000008003d4a                HardFault_Handler
 .text.MemManage_Handler
                0x0000000008003d4c        0x2 Src/stm32l4xx_it.o
                0x0000000008003d4c                MemManage_Handler
 .text.BusFault_Handler
                0x0000000008003d4e        0x2 Src/stm32l4xx_it.o
                0x0000000008003d4e                BusFault_Handler
 .text.UsageFault_Handler
                0x0000000008003d50        0x2 Src/stm32l4xx_it.o
                0x0000000008003d50                UsageFault_Handler
 .text.DebugMon_Handler
                0x0000000008003d52        0x2 Src/stm32l4xx_it.o
                0x0000000008003d52                DebugMon_Handler
 .text.SysTick_Handler
                0x0000000008003d54        0xc Src/stm32l4xx_it.o
                0x0000000008003d54                SysTick_Handler
 .text.SystemInit
                0x0000000008003d60       0x48 Src/system_stm32l4xx.o
                0x0000000008003d60                SystemInit
 .text._ZN8TaskBaseC2EPKcmjP8emstream
                0x0000000008003da8       0x44 Src/taskbase.o
                0x0000000008003da8                TaskBase::TaskBase(char const*, unsigned long, unsigned int, emstream*)
                0x0000000008003da8                TaskBase::TaskBase(char const*, unsigned long, unsigned int, emstream*)
 .text._ZN8TaskBase22_call_users_run_methodEPS_
                0x0000000008003dec       0x1e Src/taskbase.o
                0x0000000008003dec                TaskBase::_call_users_run_method(TaskBase*)
 .text._call_static_run_method
                0x0000000008003e0a        0x6 Src/taskbase.o
                0x0000000008003e0a                _call_static_run_method
 .text._ZN8TaskBase12print_statusER8emstream
                0x0000000008003e10       0x70 Src/taskbase_status.o
                0x0000000008003e10                TaskBase::print_status(emstream&)
 .text.Reset_Handler
                0x0000000008003e80       0x50 startup/startup_stm32l476xx.o
                0x0000000008003e80                Reset_Handler
 .text.Default_Handler
                0x0000000008003ed0        0x2 startup/startup_stm32l476xx.o
                0x0000000008003ed0                RTC_Alarm_IRQHandler
                0x0000000008003ed0                EXTI2_IRQHandler
                0x0000000008003ed0                TIM8_TRG_COM_IRQHandler
                0x0000000008003ed0                TIM8_CC_IRQHandler
                0x0000000008003ed0                TIM1_CC_IRQHandler
                0x0000000008003ed0                TSC_IRQHandler
                0x0000000008003ed0                TAMP_STAMP_IRQHandler
                0x0000000008003ed0                EXTI3_IRQHandler
                0x0000000008003ed0                LPTIM2_IRQHandler
                0x0000000008003ed0                DFSDM1_FLT1_IRQHandler
                0x0000000008003ed0                I2C3_ER_IRQHandler
                0x0000000008003ed0                DFSDM1_FLT2_IRQHandler
                0x0000000008003ed0                EXTI0_IRQHandler
                0x0000000008003ed0                I2C2_EV_IRQHandler
                0x0000000008003ed0                CAN1_RX0_IRQHandler
                0x0000000008003ed0                FPU_IRQHandler
                0x0000000008003ed0                TIM1_UP_TIM16_IRQHandler
                0x0000000008003ed0                ADC1_2_IRQHandler
                0x0000000008003ed0                SPI1_IRQHandler
                0x0000000008003ed0                TIM6_DAC_IRQHandler
                0x0000000008003ed0                TIM8_UP_IRQHandler
                0x0000000008003ed0                DMA2_Channel2_IRQHandler
                0x0000000008003ed0                DMA1_Channel4_IRQHandler
                0x0000000008003ed0                SAI2_IRQHandler
                0x0000000008003ed0                DFSDM1_FLT3_IRQHandler
                0x0000000008003ed0                USART3_IRQHandler
                0x0000000008003ed0                DMA1_Channel7_IRQHandler
                0x0000000008003ed0                CAN1_RX1_IRQHandler
                0x0000000008003ed0                LCD_IRQHandler
                0x0000000008003ed0                UART5_IRQHandler
                0x0000000008003ed0                ADC3_IRQHandler
                0x0000000008003ed0                TIM4_IRQHandler
                0x0000000008003ed0                DMA2_Channel1_IRQHandler
                0x0000000008003ed0                QUADSPI_IRQHandler
                0x0000000008003ed0                I2C1_EV_IRQHandler
                0x0000000008003ed0                DMA1_Channel6_IRQHandler
                0x0000000008003ed0                UART4_IRQHandler
                0x0000000008003ed0                DMA2_Channel4_IRQHandler
                0x0000000008003ed0                TIM3_IRQHandler
                0x0000000008003ed0                RCC_IRQHandler
                0x0000000008003ed0                DMA1_Channel1_IRQHandler
                0x0000000008003ed0                Default_Handler
                0x0000000008003ed0                DMA2_Channel7_IRQHandler
                0x0000000008003ed0                EXTI15_10_IRQHandler
                0x0000000008003ed0                TIM7_IRQHandler
                0x0000000008003ed0                SDMMC1_IRQHandler
                0x0000000008003ed0                TIM5_IRQHandler
                0x0000000008003ed0                I2C3_EV_IRQHandler
                0x0000000008003ed0                EXTI9_5_IRQHandler
                0x0000000008003ed0                RTC_WKUP_IRQHandler
                0x0000000008003ed0                PVD_PVM_IRQHandler
                0x0000000008003ed0                SPI2_IRQHandler
                0x0000000008003ed0                CAN1_TX_IRQHandler
                0x0000000008003ed0                DMA2_Channel5_IRQHandler
                0x0000000008003ed0                DMA1_Channel5_IRQHandler
                0x0000000008003ed0                EXTI4_IRQHandler
                0x0000000008003ed0                RNG_IRQHandler
                0x0000000008003ed0                TIM1_TRG_COM_TIM17_IRQHandler
                0x0000000008003ed0                DMA1_Channel3_IRQHandler
                0x0000000008003ed0                COMP_IRQHandler
                0x0000000008003ed0                WWDG_IRQHandler
                0x0000000008003ed0                LPUART1_IRQHandler
                0x0000000008003ed0                DMA2_Channel6_IRQHandler
                0x0000000008003ed0                TIM2_IRQHandler
                0x0000000008003ed0                EXTI1_IRQHandler
                0x0000000008003ed0                USART2_IRQHandler
                0x0000000008003ed0                DFSDM1_FLT0_IRQHandler
                0x0000000008003ed0                I2C2_ER_IRQHandler
                0x0000000008003ed0                DMA1_Channel2_IRQHandler
                0x0000000008003ed0                TIM8_BRK_IRQHandler
                0x0000000008003ed0                CAN1_SCE_IRQHandler
                0x0000000008003ed0                FLASH_IRQHandler
                0x0000000008003ed0                USART1_IRQHandler
                0x0000000008003ed0                OTG_FS_IRQHandler
                0x0000000008003ed0                SPI3_IRQHandler
                0x0000000008003ed0                I2C1_ER_IRQHandler
                0x0000000008003ed0                FMC_IRQHandler
                0x0000000008003ed0                SWPMI1_IRQHandler
                0x0000000008003ed0                LPTIM1_IRQHandler
                0x0000000008003ed0                SAI1_IRQHandler
                0x0000000008003ed0                DMA2_Channel3_IRQHandler
                0x0000000008003ed0                TIM1_BRK_TIM15_IRQHandler
 *fill*         0x0000000008003ed2        0x2 
 .text.__libc_init_array
                0x0000000008003ed4       0x48 /home/aaron/Ac6/SystemWorkbench/plugins/fr.ac6.mcu.externaltools.arm-none.linux64_1.16.0.201807130628/tools/compiler/bin/../lib/gcc/arm-none-eabi/7.2.1/../../../../arm-none-eabi/lib/thumb/v7e-m/fpv4-sp/hard/libc_nano.a(lib_a-init.o)
                0x0000000008003ed4                __libc_init_array
 *(.glue_7)
 .glue_7        0x0000000008003f1c        0x0 linker stubs
 *(.glue_7t)
 .glue_7t       0x0000000008003f1c        0x0 linker stubs
 *(.eh_frame)
 .eh_frame      0x0000000008003f1c        0x0 /home/aaron/Ac6/SystemWorkbench/plugins/fr.ac6.mcu.externaltools.arm-none.linux64_1.16.0.201807130628/tools/compiler/bin/../lib/gcc/arm-none-eabi/7.2.1/thumb/v7e-m/fpv4-sp/hard/crtbegin.o
 *(.init)
 .init          0x0000000008003f1c        0x4 /home/aaron/Ac6/SystemWorkbench/plugins/fr.ac6.mcu.externaltools.arm-none.linux64_1.16.0.201807130628/tools/compiler/bin/../lib/gcc/arm-none-eabi/7.2.1/thumb/v7e-m/fpv4-sp/hard/crti.o
                0x0000000008003f1c                _init
 .init          0x0000000008003f20        0x8 /home/aaron/Ac6/SystemWorkbench/plugins/fr.ac6.mcu.externaltools.arm-none.linux64_1.16.0.201807130628/tools/compiler/bin/../lib/gcc/arm-none-eabi/7.2.1/thumb/v7e-m/fpv4-sp/hard/crtn.o
 *(.fini)
 .fini          0x0000000008003f28        0x4 /home/aaron/Ac6/SystemWorkbench/plugins/fr.ac6.mcu.externaltools.arm-none.linux64_1.16.0.201807130628/tools/compiler/bin/../lib/gcc/arm-none-eabi/7.2.1/thumb/v7e-m/fpv4-sp/hard/crti.o
                0x0000000008003f28                _fini
 .fini          0x0000000008003f2c        0x8 /home/aaron/Ac6/SystemWorkbench/plugins/fr.ac6.mcu.externaltools.arm-none.linux64_1.16.0.201807130628/tools/compiler/bin/../lib/gcc/arm-none-eabi/7.2.1/thumb/v7e-m/fpv4-sp/hard/crtn.o
                0x0000000008003f38                . = ALIGN (0x8)
 *fill*         0x0000000008003f34        0x4 
                0x0000000008003f38                _etext = .

.vfp11_veneer   0x0000000008003f38        0x0
 .vfp11_veneer  0x0000000008003f38        0x0 linker stubs

.v4_bx          0x0000000008003f38        0x0
 .v4_bx         0x0000000008003f38        0x0 linker stubs

.iplt           0x0000000008003f38        0x0
 .iplt          0x0000000008003f38        0x0 /home/aaron/Ac6/SystemWorkbench/plugins/fr.ac6.mcu.externaltools.arm-none.linux64_1.16.0.201807130628/tools/compiler/bin/../lib/gcc/arm-none-eabi/7.2.1/thumb/v7e-m/fpv4-sp/hard/crtbegin.o

.rodata         0x0000000008003f38      0x130
                0x0000000008003f38                . = ALIGN (0x8)
 *(.rodata)
 .rodata        0x0000000008003f38       0x20 Src/emstream_uint32_t.o
 .rodata        0x0000000008003f58       0x20 Src/emstream_uint8_t.o
 .rodata        0x0000000008003f78       0x10 Src/main.o
                0x0000000008003f78                vtable for LEDTestTask
 .rodata        0x0000000008003f88       0x48 Src/system_stm32l4xx.o
                0x0000000008003f88                MSIRangeTable
                0x0000000008003fb8                AHBPrescTable
                0x0000000008003fc8                APBPrescTable
 .rodata        0x0000000008003fd0       0x10 Src/taskbase_status.o
                0x0000000008003fd0                vtable for TaskBase
 *(.rodata*)
 .rodata.str1.4
                0x0000000008003fe0        0x5 Middlewares/Third_Party/FreeRTOS/Source/tasks.o
 *fill*         0x0000000008003fe5        0x3 
 .rodata.str1.4
                0x0000000008003fe8       0x10 Src/emstream_roman.o
 .rodata.str1.4
                0x0000000008003ff8       0x15 Src/main.o
 *fill*         0x000000000800400d        0x3 
 .rodata.str1.4
                0x0000000008004010       0x54 Src/taskbase_status.o
                                         0x53 (size before relaxing)
                0x0000000008004068                . = ALIGN (0x8)
 *fill*         0x0000000008004064        0x4 

.ARM.extab      0x0000000008004068        0x0
                0x0000000008004068                . = ALIGN (0x8)
 *(.ARM.extab* .gnu.linkonce.armextab.*)
                0x0000000008004068                . = ALIGN (0x8)

.ARM            0x0000000008004068        0x8
                0x0000000008004068                . = ALIGN (0x8)
                0x0000000008004068                __exidx_start = .
 *(.ARM.exidx*)
 .ARM.exidx     0x0000000008004068        0x8 /home/aaron/Ac6/SystemWorkbench/plugins/fr.ac6.mcu.externaltools.arm-none.linux64_1.16.0.201807130628/tools/compiler/bin/../lib/gcc/arm-none-eabi/7.2.1/thumb/v7e-m/fpv4-sp/hard/libgcc.a(_udivmoddi4.o)
                0x0000000008004070                __exidx_end = .
                0x0000000008004070                . = ALIGN (0x8)

.rel.dyn        0x0000000008004070        0x0
 .rel.iplt      0x0000000008004070        0x0 /home/aaron/Ac6/SystemWorkbench/plugins/fr.ac6.mcu.externaltools.arm-none.linux64_1.16.0.201807130628/tools/compiler/bin/../lib/gcc/arm-none-eabi/7.2.1/thumb/v7e-m/fpv4-sp/hard/crtbegin.o

.preinit_array  0x0000000008004070        0x0
                0x0000000008004070                . = ALIGN (0x8)
                0x0000000008004070                PROVIDE (__preinit_array_start, .)
 *(.preinit_array*)
                0x0000000008004070                PROVIDE (__preinit_array_end, .)
                0x0000000008004070                . = ALIGN (0x8)

.init_array     0x0000000008004070        0x8
                0x0000000008004070                . = ALIGN (0x8)
                0x0000000008004070                PROVIDE (__init_array_start, .)
 *(SORT_BY_NAME(.init_array.*))
 *(.init_array*)
 .init_array    0x0000000008004070        0x4 /home/aaron/Ac6/SystemWorkbench/plugins/fr.ac6.mcu.externaltools.arm-none.linux64_1.16.0.201807130628/tools/compiler/bin/../lib/gcc/arm-none-eabi/7.2.1/thumb/v7e-m/fpv4-sp/hard/crtbegin.o
                0x0000000008004074                PROVIDE (__init_array_end, .)
                0x0000000008004078                . = ALIGN (0x8)
 *fill*         0x0000000008004074        0x4 

.fini_array     0x0000000008004078        0x8
                0x0000000008004078                . = ALIGN (0x8)
                [!provide]                        PROVIDE (__fini_array_start, .)
 *(SORT_BY_NAME(.fini_array.*))
 *(.fini_array*)
 .fini_array    0x0000000008004078        0x4 /home/aaron/Ac6/SystemWorkbench/plugins/fr.ac6.mcu.externaltools.arm-none.linux64_1.16.0.201807130628/tools/compiler/bin/../lib/gcc/arm-none-eabi/7.2.1/thumb/v7e-m/fpv4-sp/hard/crtbegin.o
                [!provide]                        PROVIDE (__fini_array_end, .)
                0x0000000008004080                . = ALIGN (0x8)
 *fill*         0x000000000800407c        0x4 
                0x0000000008004080                _sidata = LOADADDR (.data)

.data           0x0000000020000000        0x8 load address 0x0000000008004080
                0x0000000020000000                . = ALIGN (0x8)
                0x0000000020000000                _sdata = .
 *(.data)
 .data          0x0000000020000000        0x4 Middlewares/Third_Party/FreeRTOS/Source/portable/GCC/ARM_CM4F/port.o
 .data          0x0000000020000004        0x4 Src/system_stm32l4xx.o
                0x0000000020000004                SystemCoreClock
 *(.data*)
                0x0000000020000008                . = ALIGN (0x8)
                0x0000000020000008                _edata = .

.igot.plt       0x0000000020000008        0x0 load address 0x0000000008004088
 .igot.plt      0x0000000020000008        0x0 /home/aaron/Ac6/SystemWorkbench/plugins/fr.ac6.mcu.externaltools.arm-none.linux64_1.16.0.201807130628/tools/compiler/bin/../lib/gcc/arm-none-eabi/7.2.1/thumb/v7e-m/fpv4-sp/hard/crtbegin.o
                0x0000000020000008                . = ALIGN (0x4)

.bss            0x0000000020000008      0xec0 load address 0x0000000008004088
                0x0000000020000008                _sbss = .
                0x0000000020000008                __bss_start__ = _sbss
 *(.bss)
 .bss           0x0000000020000008       0x1c /home/aaron/Ac6/SystemWorkbench/plugins/fr.ac6.mcu.externaltools.arm-none.linux64_1.16.0.201807130628/tools/compiler/bin/../lib/gcc/arm-none-eabi/7.2.1/thumb/v7e-m/fpv4-sp/hard/crtbegin.o
 .bss           0x0000000020000024      0x12c Middlewares/Third_Party/FreeRTOS/Source/tasks.o
                0x0000000020000124                pxCurrentTCB
 .bss           0x0000000020000150        0x8 Middlewares/Third_Party/FreeRTOS/Source/portable/GCC/ARM_CM4F/port.o
 .bss           0x0000000020000158      0xbd0 Middlewares/Third_Party/FreeRTOS/Source/portable/MemMang/heap_4.o
 .bss           0x0000000020000d28      0x198 Src/main.o
                0x0000000020000d30                huart2
                0x0000000020000da8                hi2c1
                0x0000000020000df4                hspi2
                0x0000000020000e58                hadc3
                0x0000000020000ebc                defaultTaskHandle
 .bss           0x0000000020000ec0        0x4 Src/taskbase.o
                0x0000000020000ec0                last_created_task_pointer
 *(.bss*)
 *(COMMON)
 COMMON         0x0000000020000ec4        0x4 Drivers/STM32L4xx_HAL_Driver/Src/stm32l4xx_hal.o
                0x0000000020000ec4                uwTick
                0x0000000020000ec8                . = ALIGN (0x4)
                0x0000000020000ec8                _ebss = .
                0x0000000020000ec8                __bss_end__ = _ebss

._user_heap_stack
                0x0000000020000ec8      0x600 load address 0x0000000008004088
                0x0000000020000ec8                . = ALIGN (0x8)
                [!provide]                        PROVIDE (end, .)
                [!provide]                        PROVIDE (_end, .)
                0x00000000200010c8                . = (. + _Min_Heap_Size)
 *fill*         0x0000000020000ec8      0x200 
                0x00000000200014c8                . = (. + _Min_Stack_Size)
 *fill*         0x00000000200010c8      0x400 
                0x00000000200014c8                . = ALIGN (0x8)

/DISCARD/
 libc.a(*)
 libm.a(*)
 libgcc.a(*)

.ARM.attributes
                0x0000000000000000       0x30
 *(.ARM.attributes)
 .ARM.attributes
                0x0000000000000000       0x22 /home/aaron/Ac6/SystemWorkbench/plugins/fr.ac6.mcu.externaltools.arm-none.linux64_1.16.0.201807130628/tools/compiler/bin/../lib/gcc/arm-none-eabi/7.2.1/thumb/v7e-m/fpv4-sp/hard/crti.o
 .ARM.attributes
                0x0000000000000022       0x34 /home/aaron/Ac6/SystemWorkbench/plugins/fr.ac6.mcu.externaltools.arm-none.linux64_1.16.0.201807130628/tools/compiler/bin/../lib/gcc/arm-none-eabi/7.2.1/thumb/v7e-m/fpv4-sp/hard/crtbegin.o
 .ARM.attributes
                0x0000000000000056       0x39 Drivers/STM32L4xx_HAL_Driver/Src/stm32l4xx_hal.o
 .ARM.attributes
                0x000000000000008f       0x39 Drivers/STM32L4xx_HAL_Driver/Src/stm32l4xx_hal_adc.o
 .ARM.attributes
                0x00000000000000c8       0x39 Drivers/STM32L4xx_HAL_Driver/Src/stm32l4xx_hal_cortex.o
 .ARM.attributes
                0x0000000000000101       0x39 Drivers/STM32L4xx_HAL_Driver/Src/stm32l4xx_hal_gpio.o
 .ARM.attributes
                0x000000000000013a       0x39 Drivers/STM32L4xx_HAL_Driver/Src/stm32l4xx_hal_i2c.o
 .ARM.attributes
                0x0000000000000173       0x39 Drivers/STM32L4xx_HAL_Driver/Src/stm32l4xx_hal_i2c_ex.o
 .ARM.attributes
                0x00000000000001ac       0x39 Drivers/STM32L4xx_HAL_Driver/Src/stm32l4xx_hal_pwr_ex.o
 .ARM.attributes
                0x00000000000001e5       0x39 Drivers/STM32L4xx_HAL_Driver/Src/stm32l4xx_hal_rcc.o
 .ARM.attributes
                0x000000000000021e       0x39 Drivers/STM32L4xx_HAL_Driver/Src/stm32l4xx_hal_rcc_ex.o
 .ARM.attributes
                0x0000000000000257       0x39 Drivers/STM32L4xx_HAL_Driver/Src/stm32l4xx_hal_spi.o
 .ARM.attributes
                0x0000000000000290       0x39 Drivers/STM32L4xx_HAL_Driver/Src/stm32l4xx_hal_uart.o
 .ARM.attributes
                0x00000000000002c9       0x39 Middlewares/Third_Party/FreeRTOS/Source/CMSIS_RTOS/cmsis_os.o
 .ARM.attributes
                0x0000000000000302       0x39 Middlewares/Third_Party/FreeRTOS/Source/list.o
 .ARM.attributes
                0x000000000000033b       0x39 Middlewares/Third_Party/FreeRTOS/Source/tasks.o
 .ARM.attributes
                0x0000000000000374       0x39 Middlewares/Third_Party/FreeRTOS/Source/portable/GCC/ARM_CM4F/port.o
 .ARM.attributes
                0x00000000000003ad       0x39 Middlewares/Third_Party/FreeRTOS/Source/portable/MemMang/heap_4.o
 .ARM.attributes
                0x00000000000003e6       0x39 Src/emstream.o
 .ARM.attributes
                0x000000000000041f       0x39 Src/emstream_roman.o
 .ARM.attributes
                0x0000000000000458       0x39 Src/emstream_uint32_t.o
 .ARM.attributes
                0x0000000000000491       0x39 Src/emstream_uint8_t.o
 .ARM.attributes
                0x00000000000004ca       0x39 Src/hacks.o
 .ARM.attributes
                0x0000000000000503       0x39 Src/main.o
 .ARM.attributes
                0x000000000000053c       0x39 Src/stm32l4xx_hal_msp.o
 .ARM.attributes
                0x0000000000000575       0x39 Src/stm32l4xx_it.o
 .ARM.attributes
                0x00000000000005ae       0x39 Src/system_stm32l4xx.o
 .ARM.attributes
                0x00000000000005e7       0x39 Src/taskbase.o
 .ARM.attributes
                0x0000000000000620       0x39 Src/taskbase_status.o
 .ARM.attributes
                0x0000000000000659       0x21 startup/startup_stm32l476xx.o
 .ARM.attributes
                0x000000000000067a       0x22 /home/aaron/Ac6/SystemWorkbench/plugins/fr.ac6.mcu.externaltools.arm-none.linux64_1.16.0.201807130628/tools/compiler/bin/../lib/gcc/arm-none-eabi/7.2.1/thumb/v7e-m/fpv4-sp/hard/libgcc.a(_aeabi_uldivmod.o)
 .ARM.attributes
                0x000000000000069c       0x34 /home/aaron/Ac6/SystemWorkbench/plugins/fr.ac6.mcu.externaltools.arm-none.linux64_1.16.0.201807130628/tools/compiler/bin/../lib/gcc/arm-none-eabi/7.2.1/thumb/v7e-m/fpv4-sp/hard/libgcc.a(_udivmoddi4.o)
 .ARM.attributes
                0x00000000000006d0       0x22 /home/aaron/Ac6/SystemWorkbench/plugins/fr.ac6.mcu.externaltools.arm-none.linux64_1.16.0.201807130628/tools/compiler/bin/../lib/gcc/arm-none-eabi/7.2.1/thumb/v7e-m/fpv4-sp/hard/libgcc.a(_dvmd_tls.o)
 .ARM.attributes
                0x00000000000006f2       0x34 /home/aaron/Ac6/SystemWorkbench/plugins/fr.ac6.mcu.externaltools.arm-none.linux64_1.16.0.201807130628/tools/compiler/bin/../lib/gcc/arm-none-eabi/7.2.1/../../../../arm-none-eabi/lib/thumb/v7e-m/fpv4-sp/hard/libc_nano.a(lib_a-init.o)
 .ARM.attributes
                0x0000000000000726       0x1b /home/aaron/Ac6/SystemWorkbench/plugins/fr.ac6.mcu.externaltools.arm-none.linux64_1.16.0.201807130628/tools/compiler/bin/../lib/gcc/arm-none-eabi/7.2.1/../../../../arm-none-eabi/lib/thumb/v7e-m/fpv4-sp/hard/libc_nano.a(lib_a-strlen.o)
 .ARM.attributes
                0x0000000000000741       0x22 /home/aaron/Ac6/SystemWorkbench/plugins/fr.ac6.mcu.externaltools.arm-none.linux64_1.16.0.201807130628/tools/compiler/bin/../lib/gcc/arm-none-eabi/7.2.1/thumb/v7e-m/fpv4-sp/hard/crtn.o
OUTPUT(BallRail_Nucleo.elf elf32-littlearm)

.debug_info     0x0000000000000000    0x22ab5
 .debug_info    0x0000000000000000      0xbf5 Drivers/STM32L4xx_HAL_Driver/Src/stm32l4xx_hal.o
 .debug_info    0x0000000000000bf5     0x296f Drivers/STM32L4xx_HAL_Driver/Src/stm32l4xx_hal_adc.o
 .debug_info    0x0000000000003564      0xf6e Drivers/STM32L4xx_HAL_Driver/Src/stm32l4xx_hal_cortex.o
 .debug_info    0x00000000000044d2      0x85c Drivers/STM32L4xx_HAL_Driver/Src/stm32l4xx_hal_gpio.o
 .debug_info    0x0000000000004d2e     0x38b4 Drivers/STM32L4xx_HAL_Driver/Src/stm32l4xx_hal_i2c.o
 .debug_info    0x00000000000085e2      0xa40 Drivers/STM32L4xx_HAL_Driver/Src/stm32l4xx_hal_i2c_ex.o
 .debug_info    0x0000000000009022      0xae8 Drivers/STM32L4xx_HAL_Driver/Src/stm32l4xx_hal_pwr_ex.o
 .debug_info    0x0000000000009b0a      0xe15 Drivers/STM32L4xx_HAL_Driver/Src/stm32l4xx_hal_rcc.o
 .debug_info    0x000000000000a91f     0x1174 Drivers/STM32L4xx_HAL_Driver/Src/stm32l4xx_hal_rcc_ex.o
 .debug_info    0x000000000000ba93     0x1de1 Drivers/STM32L4xx_HAL_Driver/Src/stm32l4xx_hal_spi.o
 .debug_info    0x000000000000d874     0x1be3 Drivers/STM32L4xx_HAL_Driver/Src/stm32l4xx_hal_uart.o
 .debug_info    0x000000000000f457     0x2338 Middlewares/Third_Party/FreeRTOS/Source/CMSIS_RTOS/cmsis_os.o
 .debug_info    0x000000000001178f      0xad2 Middlewares/Third_Party/FreeRTOS/Source/list.o
 .debug_info    0x0000000000012261     0x2b24 Middlewares/Third_Party/FreeRTOS/Source/tasks.o
 .debug_info    0x0000000000014d85      0x56f Middlewares/Third_Party/FreeRTOS/Source/portable/GCC/ARM_CM4F/port.o
 .debug_info    0x00000000000152f4      0xc71 Middlewares/Third_Party/FreeRTOS/Source/portable/MemMang/heap_4.o
 .debug_info    0x0000000000015f65      0xbca Src/emstream.o
 .debug_info    0x0000000000016b2f     0x10de Src/emstream_roman.o
 .debug_info    0x0000000000017c0d     0x100b Src/emstream_uint32_t.o
 .debug_info    0x0000000000018c18     0x1026 Src/emstream_uint8_t.o
 .debug_info    0x0000000000019c3e     0x1055 Src/hacks.o
 .debug_info    0x000000000001ac93     0x30ef Src/main.o
 .debug_info    0x000000000001dd82     0x1949 Src/stm32l4xx_hal_msp.o
 .debug_info    0x000000000001f6cb      0x1fd Src/stm32l4xx_it.o
 .debug_info    0x000000000001f8c8      0x5cd Src/system_stm32l4xx.o
 .debug_info    0x000000000001fe95     0x135a Src/taskbase.o
 .debug_info    0x00000000000211ef     0x18a4 Src/taskbase_status.o
 .debug_info    0x0000000000022a93       0x22 startup/startup_stm32l476xx.o

.debug_abbrev   0x0000000000000000     0x4b19
 .debug_abbrev  0x0000000000000000      0x1fc Drivers/STM32L4xx_HAL_Driver/Src/stm32l4xx_hal.o
 .debug_abbrev  0x00000000000001fc      0x2a3 Drivers/STM32L4xx_HAL_Driver/Src/stm32l4xx_hal_adc.o
 .debug_abbrev  0x000000000000049f      0x2fa Drivers/STM32L4xx_HAL_Driver/Src/stm32l4xx_hal_cortex.o
 .debug_abbrev  0x0000000000000799      0x1de Drivers/STM32L4xx_HAL_Driver/Src/stm32l4xx_hal_gpio.o
 .debug_abbrev  0x0000000000000977      0x25d Drivers/STM32L4xx_HAL_Driver/Src/stm32l4xx_hal_i2c.o
 .debug_abbrev  0x0000000000000bd4      0x1b9 Drivers/STM32L4xx_HAL_Driver/Src/stm32l4xx_hal_i2c_ex.o
 .debug_abbrev  0x0000000000000d8d      0x1fc Drivers/STM32L4xx_HAL_Driver/Src/stm32l4xx_hal_pwr_ex.o
 .debug_abbrev  0x0000000000000f89      0x22c Drivers/STM32L4xx_HAL_Driver/Src/stm32l4xx_hal_rcc.o
 .debug_abbrev  0x00000000000011b5      0x24c Drivers/STM32L4xx_HAL_Driver/Src/stm32l4xx_hal_rcc_ex.o
 .debug_abbrev  0x0000000000001401      0x238 Drivers/STM32L4xx_HAL_Driver/Src/stm32l4xx_hal_spi.o
 .debug_abbrev  0x0000000000001639      0x24d Drivers/STM32L4xx_HAL_Driver/Src/stm32l4xx_hal_uart.o
 .debug_abbrev  0x0000000000001886      0x3d4 Middlewares/Third_Party/FreeRTOS/Source/CMSIS_RTOS/cmsis_os.o
 .debug_abbrev  0x0000000000001c5a      0x223 Middlewares/Third_Party/FreeRTOS/Source/list.o
 .debug_abbrev  0x0000000000001e7d      0x3b1 Middlewares/Third_Party/FreeRTOS/Source/tasks.o
 .debug_abbrev  0x000000000000222e      0x23d Middlewares/Third_Party/FreeRTOS/Source/portable/GCC/ARM_CM4F/port.o
 .debug_abbrev  0x000000000000246b      0x318 Middlewares/Third_Party/FreeRTOS/Source/portable/MemMang/heap_4.o
 .debug_abbrev  0x0000000000002783      0x32d Src/emstream.o
 .debug_abbrev  0x0000000000002ab0      0x342 Src/emstream_roman.o
 .debug_abbrev  0x0000000000002df2      0x34d Src/emstream_uint32_t.o
 .debug_abbrev  0x000000000000313f      0x358 Src/emstream_uint8_t.o
 .debug_abbrev  0x0000000000003497      0x34a Src/hacks.o
 .debug_abbrev  0x00000000000037e1      0x561 Src/main.o
 .debug_abbrev  0x0000000000003d42      0x1fb Src/stm32l4xx_hal_msp.o
 .debug_abbrev  0x0000000000003f3d       0xca Src/stm32l4xx_it.o
 .debug_abbrev  0x0000000000004007      0x134 Src/system_stm32l4xx.o
 .debug_abbrev  0x000000000000413b      0x4b6 Src/taskbase.o
 .debug_abbrev  0x00000000000045f1      0x516 Src/taskbase_status.o
 .debug_abbrev  0x0000000000004b07       0x12 startup/startup_stm32l476xx.o

.debug_loc      0x0000000000000000    0x106e7
 .debug_loc     0x0000000000000000      0x134 Drivers/STM32L4xx_HAL_Driver/Src/stm32l4xx_hal.o
 .debug_loc     0x0000000000000134     0x1e3f Drivers/STM32L4xx_HAL_Driver/Src/stm32l4xx_hal_adc.o
 .debug_loc     0x0000000000001f73      0x5ce Drivers/STM32L4xx_HAL_Driver/Src/stm32l4xx_hal_cortex.o
 .debug_loc     0x0000000000002541      0x35d Drivers/STM32L4xx_HAL_Driver/Src/stm32l4xx_hal_gpio.o
 .debug_loc     0x000000000000289e     0x4511 Drivers/STM32L4xx_HAL_Driver/Src/stm32l4xx_hal_i2c.o
 .debug_loc     0x0000000000006daf      0x204 Drivers/STM32L4xx_HAL_Driver/Src/stm32l4xx_hal_i2c_ex.o
 .debug_loc     0x0000000000006fb3      0x960 Drivers/STM32L4xx_HAL_Driver/Src/stm32l4xx_hal_pwr_ex.o
 .debug_loc     0x0000000000007913      0x60e Drivers/STM32L4xx_HAL_Driver/Src/stm32l4xx_hal_rcc.o
 .debug_loc     0x0000000000007f21     0x1ba8 Drivers/STM32L4xx_HAL_Driver/Src/stm32l4xx_hal_rcc_ex.o
 .debug_loc     0x0000000000009ac9     0x1a8f Drivers/STM32L4xx_HAL_Driver/Src/stm32l4xx_hal_spi.o
 .debug_loc     0x000000000000b558     0x1856 Drivers/STM32L4xx_HAL_Driver/Src/stm32l4xx_hal_uart.o
 .debug_loc     0x000000000000cdae      0xf23 Middlewares/Third_Party/FreeRTOS/Source/CMSIS_RTOS/cmsis_os.o
 .debug_loc     0x000000000000dcd1       0x70 Middlewares/Third_Party/FreeRTOS/Source/list.o
 .debug_loc     0x000000000000dd41     0x1577 Middlewares/Third_Party/FreeRTOS/Source/tasks.o
 .debug_loc     0x000000000000f2b8       0xdc Middlewares/Third_Party/FreeRTOS/Source/portable/GCC/ARM_CM4F/port.o
 .debug_loc     0x000000000000f394      0x291 Middlewares/Third_Party/FreeRTOS/Source/portable/MemMang/heap_4.o
 .debug_loc     0x000000000000f625      0x35f Src/emstream.o
 .debug_loc     0x000000000000f984      0x154 Src/emstream_roman.o
 .debug_loc     0x000000000000fad8      0x130 Src/emstream_uint32_t.o
 .debug_loc     0x000000000000fc08      0x151 Src/emstream_uint8_t.o
 .debug_loc     0x000000000000fd59      0x105 Src/hacks.o
 .debug_loc     0x000000000000fe5e      0x14a Src/main.o
 .debug_loc     0x000000000000ffa8      0x16c Src/stm32l4xx_hal_msp.o
 .debug_loc     0x0000000000010114      0x1b8 Src/system_stm32l4xx.o
 .debug_loc     0x00000000000102cc      0x1b6 Src/taskbase.o
 .debug_loc     0x0000000000010482      0x265 Src/taskbase_status.o

.debug_aranges  0x0000000000000000     0x1418
 .debug_aranges
                0x0000000000000000      0x118 Drivers/STM32L4xx_HAL_Driver/Src/stm32l4xx_hal.o
 .debug_aranges
                0x0000000000000118       0xf8 Drivers/STM32L4xx_HAL_Driver/Src/stm32l4xx_hal_adc.o
 .debug_aranges
                0x0000000000000210       0xa8 Drivers/STM32L4xx_HAL_Driver/Src/stm32l4xx_hal_cortex.o
 .debug_aranges
                0x00000000000002b8       0x58 Drivers/STM32L4xx_HAL_Driver/Src/stm32l4xx_hal_gpio.o
 .debug_aranges
                0x0000000000000310      0x288 Drivers/STM32L4xx_HAL_Driver/Src/stm32l4xx_hal_i2c.o
 .debug_aranges
                0x0000000000000598       0x48 Drivers/STM32L4xx_HAL_Driver/Src/stm32l4xx_hal_i2c_ex.o
 .debug_aranges
                0x00000000000005e0      0x148 Drivers/STM32L4xx_HAL_Driver/Src/stm32l4xx_hal_pwr_ex.o
 .debug_aranges
                0x0000000000000728       0x88 Drivers/STM32L4xx_HAL_Driver/Src/stm32l4xx_hal_rcc.o
 .debug_aranges
                0x00000000000007b0       0xc0 Drivers/STM32L4xx_HAL_Driver/Src/stm32l4xx_hal_rcc_ex.o
 .debug_aranges
                0x0000000000000870      0x1d8 Drivers/STM32L4xx_HAL_Driver/Src/stm32l4xx_hal_spi.o
 .debug_aranges
                0x0000000000000a48      0x1f8 Drivers/STM32L4xx_HAL_Driver/Src/stm32l4xx_hal_uart.o
 .debug_aranges
                0x0000000000000c40      0x1d8 Middlewares/Third_Party/FreeRTOS/Source/CMSIS_RTOS/cmsis_os.o
 .debug_aranges
                0x0000000000000e18       0x40 Middlewares/Third_Party/FreeRTOS/Source/list.o
 .debug_aranges
                0x0000000000000e58      0x1a8 Middlewares/Third_Party/FreeRTOS/Source/tasks.o
 .debug_aranges
                0x0000000000001000       0x80 Middlewares/Third_Party/FreeRTOS/Source/portable/GCC/ARM_CM4F/port.o
 .debug_aranges
                0x0000000000001080       0x50 Middlewares/Third_Party/FreeRTOS/Source/portable/MemMang/heap_4.o
 .debug_aranges
                0x00000000000010d0       0x80 Src/emstream.o
 .debug_aranges
                0x0000000000001150       0x28 Src/emstream_roman.o
 .debug_aranges
                0x0000000000001178       0x28 Src/emstream_uint32_t.o
 .debug_aranges
                0x00000000000011a0       0x28 Src/emstream_uint8_t.o
 .debug_aranges
                0x00000000000011c8       0x60 Src/hacks.o
 .debug_aranges
                0x0000000000001228       0x70 Src/main.o
 .debug_aranges
                0x0000000000001298       0x60 Src/stm32l4xx_hal_msp.o
 .debug_aranges
                0x00000000000012f8       0x50 Src/stm32l4xx_it.o
 .debug_aranges
                0x0000000000001348       0x28 Src/system_stm32l4xx.o
 .debug_aranges
                0x0000000000001370       0x48 Src/taskbase.o
 .debug_aranges
                0x00000000000013b8       0x38 Src/taskbase_status.o
 .debug_aranges
                0x00000000000013f0       0x28 startup/startup_stm32l476xx.o

.debug_ranges   0x0000000000000000     0x1530
 .debug_ranges  0x0000000000000000      0x108 Drivers/STM32L4xx_HAL_Driver/Src/stm32l4xx_hal.o
 .debug_ranges  0x0000000000000108      0x298 Drivers/STM32L4xx_HAL_Driver/Src/stm32l4xx_hal_adc.o
 .debug_ranges  0x00000000000003a0       0xf8 Drivers/STM32L4xx_HAL_Driver/Src/stm32l4xx_hal_cortex.o
 .debug_ranges  0x0000000000000498       0x48 Drivers/STM32L4xx_HAL_Driver/Src/stm32l4xx_hal_gpio.o
 .debug_ranges  0x00000000000004e0      0x278 Drivers/STM32L4xx_HAL_Driver/Src/stm32l4xx_hal_i2c.o
 .debug_ranges  0x0000000000000758       0x38 Drivers/STM32L4xx_HAL_Driver/Src/stm32l4xx_hal_i2c_ex.o
 .debug_ranges  0x0000000000000790      0x138 Drivers/STM32L4xx_HAL_Driver/Src/stm32l4xx_hal_pwr_ex.o
 .debug_ranges  0x00000000000008c8       0x90 Drivers/STM32L4xx_HAL_Driver/Src/stm32l4xx_hal_rcc.o
 .debug_ranges  0x0000000000000958       0xd0 Drivers/STM32L4xx_HAL_Driver/Src/stm32l4xx_hal_rcc_ex.o
 .debug_ranges  0x0000000000000a28      0x1c8 Drivers/STM32L4xx_HAL_Driver/Src/stm32l4xx_hal_spi.o
 .debug_ranges  0x0000000000000bf0      0x1e8 Drivers/STM32L4xx_HAL_Driver/Src/stm32l4xx_hal_uart.o
 .debug_ranges  0x0000000000000dd8      0x1c8 Middlewares/Third_Party/FreeRTOS/Source/CMSIS_RTOS/cmsis_os.o
 .debug_ranges  0x0000000000000fa0       0x30 Middlewares/Third_Party/FreeRTOS/Source/list.o
 .debug_ranges  0x0000000000000fd0      0x220 Middlewares/Third_Party/FreeRTOS/Source/tasks.o
 .debug_ranges  0x00000000000011f0       0x70 Middlewares/Third_Party/FreeRTOS/Source/portable/GCC/ARM_CM4F/port.o
 .debug_ranges  0x0000000000001260       0x40 Middlewares/Third_Party/FreeRTOS/Source/portable/MemMang/heap_4.o
 .debug_ranges  0x00000000000012a0       0x70 Src/emstream.o
 .debug_ranges  0x0000000000001310       0x18 Src/emstream_roman.o
 .debug_ranges  0x0000000000001328       0x18 Src/emstream_uint32_t.o
 .debug_ranges  0x0000000000001340       0x18 Src/emstream_uint8_t.o
 .debug_ranges  0x0000000000001358       0x50 Src/hacks.o
 .debug_ranges  0x00000000000013a8       0x60 Src/main.o
 .debug_ranges  0x0000000000001408       0x50 Src/stm32l4xx_hal_msp.o
 .debug_ranges  0x0000000000001458       0x40 Src/stm32l4xx_it.o
 .debug_ranges  0x0000000000001498       0x18 Src/system_stm32l4xx.o
 .debug_ranges  0x00000000000014b0       0x38 Src/taskbase.o
 .debug_ranges  0x00000000000014e8       0x28 Src/taskbase_status.o
 .debug_ranges  0x0000000000001510       0x20 startup/startup_stm32l476xx.o

.debug_macro    0x0000000000000000    0x2a847
 .debug_macro   0x0000000000000000      0x25c Drivers/STM32L4xx_HAL_Driver/Src/stm32l4xx_hal.o
 .debug_macro   0x000000000000025c      0xa60 Drivers/STM32L4xx_HAL_Driver/Src/stm32l4xx_hal.o
 .debug_macro   0x0000000000000cbc       0x64 Drivers/STM32L4xx_HAL_Driver/Src/stm32l4xx_hal.o
 .debug_macro   0x0000000000000d20       0xba Drivers/STM32L4xx_HAL_Driver/Src/stm32l4xx_hal.o
 .debug_macro   0x0000000000000dda       0x2e Drivers/STM32L4xx_HAL_Driver/Src/stm32l4xx_hal.o
 .debug_macro   0x0000000000000e08       0x28 Drivers/STM32L4xx_HAL_Driver/Src/stm32l4xx_hal.o
 .debug_macro   0x0000000000000e30       0x22 Drivers/STM32L4xx_HAL_Driver/Src/stm32l4xx_hal.o
 .debug_macro   0x0000000000000e52       0x87 Drivers/STM32L4xx_HAL_Driver/Src/stm32l4xx_hal.o
 .debug_macro   0x0000000000000ed9       0x51 Drivers/STM32L4xx_HAL_Driver/Src/stm32l4xx_hal.o
 .debug_macro   0x0000000000000f2a       0xef Drivers/STM32L4xx_HAL_Driver/Src/stm32l4xx_hal.o
 .debug_macro   0x0000000000001019       0x6a Drivers/STM32L4xx_HAL_Driver/Src/stm32l4xx_hal.o
 .debug_macro   0x0000000000001083      0x1df Drivers/STM32L4xx_HAL_Driver/Src/stm32l4xx_hal.o
 .debug_macro   0x0000000000001262       0x35 Drivers/STM32L4xx_HAL_Driver/Src/stm32l4xx_hal.o
 .debug_macro   0x0000000000001297       0x50 Drivers/STM32L4xx_HAL_Driver/Src/stm32l4xx_hal.o
 .debug_macro   0x00000000000012e7      0xe66 Drivers/STM32L4xx_HAL_Driver/Src/stm32l4xx_hal.o
 .debug_macro   0x000000000000214d    0x1a121 Drivers/STM32L4xx_HAL_Driver/Src/stm32l4xx_hal.o
 .debug_macro   0x000000000001c26e       0x43 Drivers/STM32L4xx_HAL_Driver/Src/stm32l4xx_hal.o
 .debug_macro   0x000000000001c2b1     0x3788 Drivers/STM32L4xx_HAL_Driver/Src/stm32l4xx_hal.o
 .debug_macro   0x000000000001fa39      0x174 Drivers/STM32L4xx_HAL_Driver/Src/stm32l4xx_hal.o
 .debug_macro   0x000000000001fbad       0x50 Drivers/STM32L4xx_HAL_Driver/Src/stm32l4xx_hal.o
 .debug_macro   0x000000000001fbfd     0x155f Drivers/STM32L4xx_HAL_Driver/Src/stm32l4xx_hal.o
 .debug_macro   0x000000000002115c      0x59e Drivers/STM32L4xx_HAL_Driver/Src/stm32l4xx_hal.o
 .debug_macro   0x00000000000216fa      0x148 Drivers/STM32L4xx_HAL_Driver/Src/stm32l4xx_hal.o
 .debug_macro   0x0000000000021842      0x18b Drivers/STM32L4xx_HAL_Driver/Src/stm32l4xx_hal.o
 .debug_macro   0x00000000000219cd      0x26b Drivers/STM32L4xx_HAL_Driver/Src/stm32l4xx_hal.o
 .debug_macro   0x0000000000021c38      0x23a Drivers/STM32L4xx_HAL_Driver/Src/stm32l4xx_hal.o
 .debug_macro   0x0000000000021e72      0xf85 Drivers/STM32L4xx_HAL_Driver/Src/stm32l4xx_hal.o
 .debug_macro   0x0000000000022df7      0x632 Drivers/STM32L4xx_HAL_Driver/Src/stm32l4xx_hal.o
 .debug_macro   0x0000000000023429      0x30c Drivers/STM32L4xx_HAL_Driver/Src/stm32l4xx_hal.o
 .debug_macro   0x0000000000023735      0x36e Drivers/STM32L4xx_HAL_Driver/Src/stm32l4xx_hal.o
 .debug_macro   0x0000000000023aa3       0xe4 Drivers/STM32L4xx_HAL_Driver/Src/stm32l4xx_hal.o
 .debug_macro   0x0000000000023b87      0x22c Drivers/STM32L4xx_HAL_Driver/Src/stm32l4xx_hal.o
 .debug_macro   0x0000000000023db3       0x61 Drivers/STM32L4xx_HAL_Driver/Src/stm32l4xx_hal.o
 .debug_macro   0x0000000000023e14       0xa5 Drivers/STM32L4xx_HAL_Driver/Src/stm32l4xx_hal.o
 .debug_macro   0x0000000000023eb9      0x126 Drivers/STM32L4xx_HAL_Driver/Src/stm32l4xx_hal.o
 .debug_macro   0x0000000000023fdf      0x3db Drivers/STM32L4xx_HAL_Driver/Src/stm32l4xx_hal.o
 .debug_macro   0x00000000000243ba      0x2fe Drivers/STM32L4xx_HAL_Driver/Src/stm32l4xx_hal.o
 .debug_macro   0x00000000000246b8      0x55f Drivers/STM32L4xx_HAL_Driver/Src/stm32l4xx_hal.o
 .debug_macro   0x0000000000024c17       0x44 Drivers/STM32L4xx_HAL_Driver/Src/stm32l4xx_hal.o
 .debug_macro   0x0000000000024c5b      0x325 Drivers/STM32L4xx_HAL_Driver/Src/stm32l4xx_hal.o
 .debug_macro   0x0000000000024f80      0x22b Drivers/STM32L4xx_HAL_Driver/Src/stm32l4xx_hal_adc.o
 .debug_macro   0x00000000000251ab      0x20e Drivers/STM32L4xx_HAL_Driver/Src/stm32l4xx_hal_cortex.o
 .debug_macro   0x00000000000253b9      0x24d Drivers/STM32L4xx_HAL_Driver/Src/stm32l4xx_hal_gpio.o
 .debug_macro   0x0000000000025606      0x2d3 Drivers/STM32L4xx_HAL_Driver/Src/stm32l4xx_hal_i2c.o
 .debug_macro   0x00000000000258d9      0x20e Drivers/STM32L4xx_HAL_Driver/Src/stm32l4xx_hal_i2c_ex.o
 .debug_macro   0x0000000000025ae7      0x232 Drivers/STM32L4xx_HAL_Driver/Src/stm32l4xx_hal_pwr_ex.o
 .debug_macro   0x0000000000025d19      0x250 Drivers/STM32L4xx_HAL_Driver/Src/stm32l4xx_hal_rcc.o
 .debug_macro   0x0000000000025f69      0x244 Drivers/STM32L4xx_HAL_Driver/Src/stm32l4xx_hal_rcc_ex.o
 .debug_macro   0x00000000000261ad      0x216 Drivers/STM32L4xx_HAL_Driver/Src/stm32l4xx_hal_spi.o
 .debug_macro   0x00000000000263c3      0x239 Drivers/STM32L4xx_HAL_Driver/Src/stm32l4xx_hal_uart.o
 .debug_macro   0x00000000000265fc      0x1ec Middlewares/Third_Party/FreeRTOS/Source/CMSIS_RTOS/cmsis_os.o
 .debug_macro   0x00000000000267e8       0x52 Middlewares/Third_Party/FreeRTOS/Source/CMSIS_RTOS/cmsis_os.o
 .debug_macro   0x000000000002683a       0x17 Middlewares/Third_Party/FreeRTOS/Source/CMSIS_RTOS/cmsis_os.o
 .debug_macro   0x0000000000026851       0x8d Middlewares/Third_Party/FreeRTOS/Source/CMSIS_RTOS/cmsis_os.o
 .debug_macro   0x00000000000268de       0x35 Middlewares/Third_Party/FreeRTOS/Source/CMSIS_RTOS/cmsis_os.o
 .debug_macro   0x0000000000026913       0x9c Middlewares/Third_Party/FreeRTOS/Source/CMSIS_RTOS/cmsis_os.o
 .debug_macro   0x00000000000269af       0x57 Middlewares/Third_Party/FreeRTOS/Source/CMSIS_RTOS/cmsis_os.o
 .debug_macro   0x0000000000026a06       0x58 Middlewares/Third_Party/FreeRTOS/Source/CMSIS_RTOS/cmsis_os.o
 .debug_macro   0x0000000000026a5e       0x1f Middlewares/Third_Party/FreeRTOS/Source/CMSIS_RTOS/cmsis_os.o
 .debug_macro   0x0000000000026a7d       0x43 Middlewares/Third_Party/FreeRTOS/Source/CMSIS_RTOS/cmsis_os.o
 .debug_macro   0x0000000000026ac0       0x20 Middlewares/Third_Party/FreeRTOS/Source/CMSIS_RTOS/cmsis_os.o
 .debug_macro   0x0000000000026ae0      0x18e Middlewares/Third_Party/FreeRTOS/Source/CMSIS_RTOS/cmsis_os.o
 .debug_macro   0x0000000000026c6e      0x330 Middlewares/Third_Party/FreeRTOS/Source/CMSIS_RTOS/cmsis_os.o
 .debug_macro   0x0000000000026f9e       0x10 Middlewares/Third_Party/FreeRTOS/Source/CMSIS_RTOS/cmsis_os.o
 .debug_macro   0x0000000000026fae       0x35 Middlewares/Third_Party/FreeRTOS/Source/CMSIS_RTOS/cmsis_os.o
 .debug_macro   0x0000000000026fe3       0xd0 Middlewares/Third_Party/FreeRTOS/Source/CMSIS_RTOS/cmsis_os.o
 .debug_macro   0x00000000000270b3      0x15a Middlewares/Third_Party/FreeRTOS/Source/CMSIS_RTOS/cmsis_os.o
 .debug_macro   0x000000000002720d       0xd7 Middlewares/Third_Party/FreeRTOS/Source/CMSIS_RTOS/cmsis_os.o
 .debug_macro   0x00000000000272e4       0x10 Middlewares/Third_Party/FreeRTOS/Source/CMSIS_RTOS/cmsis_os.o
 .debug_macro   0x00000000000272f4       0x1f Middlewares/Third_Party/FreeRTOS/Source/CMSIS_RTOS/cmsis_os.o
 .debug_macro   0x0000000000027313      0x4b7 Middlewares/Third_Party/FreeRTOS/Source/CMSIS_RTOS/cmsis_os.o
 .debug_macro   0x00000000000277ca       0xb5 Middlewares/Third_Party/FreeRTOS/Source/CMSIS_RTOS/cmsis_os.o
 .debug_macro   0x000000000002787f       0x92 Middlewares/Third_Party/FreeRTOS/Source/CMSIS_RTOS/cmsis_os.o
 .debug_macro   0x0000000000027911       0x91 Middlewares/Third_Party/FreeRTOS/Source/CMSIS_RTOS/cmsis_os.o
 .debug_macro   0x00000000000279a2       0x86 Middlewares/Third_Party/FreeRTOS/Source/CMSIS_RTOS/cmsis_os.o
 .debug_macro   0x0000000000027a28       0x69 Middlewares/Third_Party/FreeRTOS/Source/CMSIS_RTOS/cmsis_os.o
 .debug_macro   0x0000000000027a91       0x19 Middlewares/Third_Party/FreeRTOS/Source/CMSIS_RTOS/cmsis_os.o
 .debug_macro   0x0000000000027aaa       0xcf Middlewares/Third_Party/FreeRTOS/Source/CMSIS_RTOS/cmsis_os.o
 .debug_macro   0x0000000000027b79       0x26 Middlewares/Third_Party/FreeRTOS/Source/CMSIS_RTOS/cmsis_os.o
 .debug_macro   0x0000000000027b9f      0x17a Middlewares/Third_Party/FreeRTOS/Source/list.o
 .debug_macro   0x0000000000027d19      0x26e Middlewares/Third_Party/FreeRTOS/Source/tasks.o
 .debug_macro   0x0000000000027f87       0x10 Middlewares/Third_Party/FreeRTOS/Source/tasks.o
 .debug_macro   0x0000000000027f97      0x196 Middlewares/Third_Party/FreeRTOS/Source/portable/GCC/ARM_CM4F/port.o
 .debug_macro   0x000000000002812d      0x1a1 Middlewares/Third_Party/FreeRTOS/Source/portable/MemMang/heap_4.o
 .debug_macro   0x00000000000282ce       0x77 Src/emstream.o
 .debug_macro   0x0000000000028345       0x23 Src/emstream.o
 .debug_macro   0x0000000000028368      0x17f Src/emstream_roman.o
 .debug_macro   0x00000000000284e7      0x17f Src/emstream_uint32_t.o
 .debug_macro   0x0000000000028666      0x17f Src/emstream_uint8_t.o
 .debug_macro   0x00000000000287e5      0x1ca Src/hacks.o
 .debug_macro   0x00000000000289af      0x443 Src/main.o
 .debug_macro   0x0000000000028df2      0xe66 Src/main.o
 .debug_macro   0x0000000000029c58       0xd0 Src/main.o
 .debug_macro   0x0000000000029d28      0x20e Src/stm32l4xx_hal_msp.o
 .debug_macro   0x0000000000029f36      0x2cb Src/stm32l4xx_it.o
 .debug_macro   0x000000000002a201      0x215 Src/system_stm32l4xx.o
 .debug_macro   0x000000000002a416      0x201 Src/taskbase.o
 .debug_macro   0x000000000002a617      0x230 Src/taskbase_status.o

.debug_line     0x0000000000000000    0x12811
 .debug_line    0x0000000000000000      0xa01 Drivers/STM32L4xx_HAL_Driver/Src/stm32l4xx_hal.o
 .debug_line    0x0000000000000a01     0x13eb Drivers/STM32L4xx_HAL_Driver/Src/stm32l4xx_hal_adc.o
 .debug_line    0x0000000000001dec      0x9d7 Drivers/STM32L4xx_HAL_Driver/Src/stm32l4xx_hal_cortex.o
 .debug_line    0x00000000000027c3      0x91f Drivers/STM32L4xx_HAL_Driver/Src/stm32l4xx_hal_gpio.o
 .debug_line    0x00000000000030e2     0x1be4 Drivers/STM32L4xx_HAL_Driver/Src/stm32l4xx_hal_i2c.o
 .debug_line    0x0000000000004cc6      0x8ed Drivers/STM32L4xx_HAL_Driver/Src/stm32l4xx_hal_i2c_ex.o
 .debug_line    0x00000000000055b3      0xc34 Drivers/STM32L4xx_HAL_Driver/Src/stm32l4xx_hal_pwr_ex.o
 .debug_line    0x00000000000061e7      0xb12 Drivers/STM32L4xx_HAL_Driver/Src/stm32l4xx_hal_rcc.o
 .debug_line    0x0000000000006cf9      0xd9f Drivers/STM32L4xx_HAL_Driver/Src/stm32l4xx_hal_rcc_ex.o
 .debug_line    0x0000000000007a98     0x12ef Drivers/STM32L4xx_HAL_Driver/Src/stm32l4xx_hal_spi.o
 .debug_line    0x0000000000008d87     0x1340 Drivers/STM32L4xx_HAL_Driver/Src/stm32l4xx_hal_uart.o
 .debug_line    0x000000000000a0c7      0xc35 Middlewares/Third_Party/FreeRTOS/Source/CMSIS_RTOS/cmsis_os.o
 .debug_line    0x000000000000acfc      0x5b6 Middlewares/Third_Party/FreeRTOS/Source/list.o
 .debug_line    0x000000000000b2b2      0xf12 Middlewares/Third_Party/FreeRTOS/Source/tasks.o
 .debug_line    0x000000000000c1c4      0x66d Middlewares/Third_Party/FreeRTOS/Source/portable/GCC/ARM_CM4F/port.o
 .debug_line    0x000000000000c831      0x66b Middlewares/Third_Party/FreeRTOS/Source/portable/MemMang/heap_4.o
 .debug_line    0x000000000000ce9c      0x461 Src/emstream.o
 .debug_line    0x000000000000d2fd      0x65b Src/emstream_roman.o
 .debug_line    0x000000000000d958      0x664 Src/emstream_uint32_t.o
 .debug_line    0x000000000000dfbc      0x668 Src/emstream_uint8_t.o
 .debug_line    0x000000000000e624      0x808 Src/hacks.o
 .debug_line    0x000000000000ee2c      0xe63 Src/main.o
 .debug_line    0x000000000000fc8f      0x87a Src/stm32l4xx_hal_msp.o
 .debug_line    0x0000000000010509      0xa1a Src/stm32l4xx_it.o
 .debug_line    0x0000000000010f23      0x7dc Src/system_stm32l4xx.o
 .debug_line    0x00000000000116ff      0x82f Src/taskbase.o
 .debug_line    0x0000000000011f2e      0x864 Src/taskbase_status.o
 .debug_line    0x0000000000012792       0x7f startup/startup_stm32l476xx.o

.debug_str      0x0000000000000000   0x1048d8
 .debug_str     0x0000000000000000    0xf253e Drivers/STM32L4xx_HAL_Driver/Src/stm32l4xx_hal.o
                                      0xf2bb0 (size before relaxing)
 .debug_str     0x00000000000f253e      0xe12 Drivers/STM32L4xx_HAL_Driver/Src/stm32l4xx_hal_adc.o
                                      0xf2ed3 (size before relaxing)
 .debug_str     0x00000000000f3350      0x38e Drivers/STM32L4xx_HAL_Driver/Src/stm32l4xx_hal_cortex.o
                                      0xf28a0 (size before relaxing)
 .debug_str     0x00000000000f36de      0x295 Drivers/STM32L4xx_HAL_Driver/Src/stm32l4xx_hal_gpio.o
                                      0xf22dc (size before relaxing)
 .debug_str     0x00000000000f3973     0x1055 Drivers/STM32L4xx_HAL_Driver/Src/stm32l4xx_hal_i2c.o
                                      0xf31bb (size before relaxing)
 .debug_str     0x00000000000f49c8       0xb8 Drivers/STM32L4xx_HAL_Driver/Src/stm32l4xx_hal_i2c_ex.o
                                      0xf259d (size before relaxing)
 .debug_str     0x00000000000f4a80      0x49d Drivers/STM32L4xx_HAL_Driver/Src/stm32l4xx_hal_pwr_ex.o
                                      0xf2571 (size before relaxing)
 .debug_str     0x00000000000f4f1d      0x477 Drivers/STM32L4xx_HAL_Driver/Src/stm32l4xx_hal_rcc.o
                                      0xf2655 (size before relaxing)
 .debug_str     0x00000000000f5394      0x5ec Drivers/STM32L4xx_HAL_Driver/Src/stm32l4xx_hal_rcc_ex.o
                                      0xf283f (size before relaxing)
 .debug_str     0x00000000000f5980      0x6fe Drivers/STM32L4xx_HAL_Driver/Src/stm32l4xx_hal_spi.o
                                      0xf2862 (size before relaxing)
 .debug_str     0x00000000000f607e      0x991 Drivers/STM32L4xx_HAL_Driver/Src/stm32l4xx_hal_uart.o
                                      0xf2d0f (size before relaxing)
 .debug_str     0x00000000000f6a0f     0x8d8f Middlewares/Third_Party/FreeRTOS/Source/CMSIS_RTOS/cmsis_os.o
                                       0xcf6c (size before relaxing)
 .debug_str     0x00000000000ff79e      0x234 Middlewares/Third_Party/FreeRTOS/Source/list.o
                                       0xa26c (size before relaxing)
 .debug_str     0x00000000000ff9d2     0x11a8 Middlewares/Third_Party/FreeRTOS/Source/tasks.o
                                       0xc41c (size before relaxing)
 .debug_str     0x0000000000100b7a      0x783 Middlewares/Third_Party/FreeRTOS/Source/portable/GCC/ARM_CM4F/port.o
                                       0x8221 (size before relaxing)
 .debug_str     0x00000000001012fd      0x243 Middlewares/Third_Party/FreeRTOS/Source/portable/MemMang/heap_4.o
                                       0xa9c8 (size before relaxing)
 .debug_str     0x0000000000101540      0xbc2 Src/emstream.o
                                       0x46f5 (size before relaxing)
 .debug_str     0x0000000000102102     0x19d1 Src/emstream_roman.o
                                       0x8bb1 (size before relaxing)
 .debug_str     0x0000000000103ad3       0x2b Src/emstream_uint32_t.o
                                       0x8b76 (size before relaxing)
 .debug_str     0x0000000000103afe       0x1c Src/emstream_uint8_t.o
                                       0x8b9b (size before relaxing)
 .debug_str     0x0000000000103b1a       0xea Src/hacks.o
                                       0xb7cb (size before relaxing)
 .debug_str     0x0000000000103c04      0x573 Src/main.o
                                      0xfde50 (size before relaxing)
 .debug_str     0x0000000000104177       0x1b Src/stm32l4xx_hal_msp.o
                                      0xf3149 (size before relaxing)
 .debug_str     0x0000000000104192       0x9d Src/stm32l4xx_it.o
                                      0xf7531 (size before relaxing)
 .debug_str     0x000000000010422f       0x50 Src/system_stm32l4xx.o
                                      0xf2058 (size before relaxing)
 .debug_str     0x000000000010427f      0x166 Src/taskbase.o
                                       0xc84b (size before relaxing)
 .debug_str     0x00000000001043e5      0x4c3 Src/taskbase_status.o
                                       0xcce8 (size before relaxing)
 .debug_str     0x00000000001048a8       0x30 startup/startup_stm32l476xx.o
                                         0x6b (size before relaxing)

.comment        0x0000000000000000       0x7e
 .comment       0x0000000000000000       0x7e Drivers/STM32L4xx_HAL_Driver/Src/stm32l4xx_hal.o
                                         0x7f (size before relaxing)
 .comment       0x000000000000007e       0x7f Drivers/STM32L4xx_HAL_Driver/Src/stm32l4xx_hal_adc.o
 .comment       0x000000000000007e       0x7f Drivers/STM32L4xx_HAL_Driver/Src/stm32l4xx_hal_cortex.o
 .comment       0x000000000000007e       0x7f Drivers/STM32L4xx_HAL_Driver/Src/stm32l4xx_hal_gpio.o
 .comment       0x000000000000007e       0x7f Drivers/STM32L4xx_HAL_Driver/Src/stm32l4xx_hal_i2c.o
 .comment       0x000000000000007e       0x7f Drivers/STM32L4xx_HAL_Driver/Src/stm32l4xx_hal_i2c_ex.o
 .comment       0x000000000000007e       0x7f Drivers/STM32L4xx_HAL_Driver/Src/stm32l4xx_hal_pwr_ex.o
 .comment       0x000000000000007e       0x7f Drivers/STM32L4xx_HAL_Driver/Src/stm32l4xx_hal_rcc.o
 .comment       0x000000000000007e       0x7f Drivers/STM32L4xx_HAL_Driver/Src/stm32l4xx_hal_rcc_ex.o
 .comment       0x000000000000007e       0x7f Drivers/STM32L4xx_HAL_Driver/Src/stm32l4xx_hal_spi.o
 .comment       0x000000000000007e       0x7f Drivers/STM32L4xx_HAL_Driver/Src/stm32l4xx_hal_uart.o
 .comment       0x000000000000007e       0x7f Middlewares/Third_Party/FreeRTOS/Source/CMSIS_RTOS/cmsis_os.o
 .comment       0x000000000000007e       0x7f Middlewares/Third_Party/FreeRTOS/Source/list.o
 .comment       0x000000000000007e       0x7f Middlewares/Third_Party/FreeRTOS/Source/tasks.o
 .comment       0x000000000000007e       0x7f Middlewares/Third_Party/FreeRTOS/Source/portable/GCC/ARM_CM4F/port.o
 .comment       0x000000000000007e       0x7f Middlewares/Third_Party/FreeRTOS/Source/portable/MemMang/heap_4.o
 .comment       0x000000000000007e       0x7f Src/emstream.o
 .comment       0x000000000000007e       0x7f Src/emstream_roman.o
 .comment       0x000000000000007e       0x7f Src/emstream_uint32_t.o
 .comment       0x000000000000007e       0x7f Src/emstream_uint8_t.o
 .comment       0x000000000000007e       0x7f Src/hacks.o
 .comment       0x000000000000007e       0x7f Src/main.o
 .comment       0x000000000000007e       0x7f Src/stm32l4xx_hal_msp.o
 .comment       0x000000000000007e       0x7f Src/stm32l4xx_it.o
 .comment       0x000000000000007e       0x7f Src/system_stm32l4xx.o
 .comment       0x000000000000007e       0x7f Src/taskbase.o
 .comment       0x000000000000007e       0x7f Src/taskbase_status.o

.debug_frame    0x0000000000000000     0x3654
 .debug_frame   0x0000000000000000      0x23c Drivers/STM32L4xx_HAL_Driver/Src/stm32l4xx_hal.o
 .debug_frame   0x000000000000023c      0x2d8 Drivers/STM32L4xx_HAL_Driver/Src/stm32l4xx_hal_adc.o
 .debug_frame   0x0000000000000514      0x15c Drivers/STM32L4xx_HAL_Driver/Src/stm32l4xx_hal_cortex.o
 .debug_frame   0x0000000000000670       0xd8 Drivers/STM32L4xx_HAL_Driver/Src/stm32l4xx_hal_gpio.o
 .debug_frame   0x0000000000000748      0x900 Drivers/STM32L4xx_HAL_Driver/Src/stm32l4xx_hal_i2c.o
 .debug_frame   0x0000000000001048       0x80 Drivers/STM32L4xx_HAL_Driver/Src/stm32l4xx_hal_i2c_ex.o
 .debug_frame   0x00000000000010c8      0x278 Drivers/STM32L4xx_HAL_Driver/Src/stm32l4xx_hal_pwr_ex.o
 .debug_frame   0x0000000000001340      0x18c Drivers/STM32L4xx_HAL_Driver/Src/stm32l4xx_hal_rcc.o
 .debug_frame   0x00000000000014cc      0x204 Drivers/STM32L4xx_HAL_Driver/Src/stm32l4xx_hal_rcc_ex.o
 .debug_frame   0x00000000000016d0      0x5b8 Drivers/STM32L4xx_HAL_Driver/Src/stm32l4xx_hal_spi.o
 .debug_frame   0x0000000000001c88      0x570 Drivers/STM32L4xx_HAL_Driver/Src/stm32l4xx_hal_uart.o
 .debug_frame   0x00000000000021f8      0x58c Middlewares/Third_Party/FreeRTOS/Source/CMSIS_RTOS/cmsis_os.o
 .debug_frame   0x0000000000002784       0x6c Middlewares/Third_Party/FreeRTOS/Source/list.o
 .debug_frame   0x00000000000027f0      0x544 Middlewares/Third_Party/FreeRTOS/Source/tasks.o
 .debug_frame   0x0000000000002d34      0x100 Middlewares/Third_Party/FreeRTOS/Source/portable/GCC/ARM_CM4F/port.o
 .debug_frame   0x0000000000002e34       0xac Middlewares/Third_Party/FreeRTOS/Source/portable/MemMang/heap_4.o
 .debug_frame   0x0000000000002ee0      0x11c Src/emstream.o
 .debug_frame   0x0000000000002ffc       0x54 Src/emstream_roman.o
 .debug_frame   0x0000000000003050       0x50 Src/emstream_uint32_t.o
 .debug_frame   0x00000000000030a0       0x50 Src/emstream_uint8_t.o
 .debug_frame   0x00000000000030f0       0xc8 Src/hacks.o
 .debug_frame   0x00000000000031b8      0x138 Src/main.o
 .debug_frame   0x00000000000032f0      0x104 Src/stm32l4xx_hal_msp.o
 .debug_frame   0x00000000000033f4       0x88 Src/stm32l4xx_it.o
 .debug_frame   0x000000000000347c       0x30 Src/system_stm32l4xx.o
 .debug_frame   0x00000000000034ac       0xa4 Src/taskbase.o
 .debug_frame   0x0000000000003550       0x78 Src/taskbase_status.o
 .debug_frame   0x00000000000035c8       0x2c /home/aaron/Ac6/SystemWorkbench/plugins/fr.ac6.mcu.externaltools.arm-none.linux64_1.16.0.201807130628/tools/compiler/bin/../lib/gcc/arm-none-eabi/7.2.1/thumb/v7e-m/fpv4-sp/hard/libgcc.a(_aeabi_uldivmod.o)
 .debug_frame   0x00000000000035f4       0x34 /home/aaron/Ac6/SystemWorkbench/plugins/fr.ac6.mcu.externaltools.arm-none.linux64_1.16.0.201807130628/tools/compiler/bin/../lib/gcc/arm-none-eabi/7.2.1/thumb/v7e-m/fpv4-sp/hard/libgcc.a(_udivmoddi4.o)
 .debug_frame   0x0000000000003628       0x2c /home/aaron/Ac6/SystemWorkbench/plugins/fr.ac6.mcu.externaltools.arm-none.linux64_1.16.0.201807130628/tools/compiler/bin/../lib/gcc/arm-none-eabi/7.2.1/../../../../arm-none-eabi/lib/thumb/v7e-m/fpv4-sp/hard/libc_nano.a(lib_a-init.o)
